SharedMemoryMpi:  World communicator of size 1
SharedMemoryMpi:  Node  communicator of size 1
SharedMemoryMpi: SharedMemoryAllocate 1073741824 MMAP anonymous implementation 

__|__|__|__|__|__|__|__|__|__|__|__|__|__|__
__|__|__|__|__|__|__|__|__|__|__|__|__|__|__
__|_ |  |  |  |  |  |  |  |  |  |  |  | _|__
__|_                                    _|__
__|_   GGGG    RRRR    III    DDDD      _|__
__|_  G        R   R    I     D   D     _|__
__|_  G        R   R    I     D    D    _|__
__|_  G  GG    RRRR     I     D    D    _|__
__|_  G   G    R  R     I     D   D     _|__
__|_   GGGG    R   R   III    DDDD      _|__
__|_                                    _|__
__|__|__|__|__|__|__|__|__|__|__|__|__|__|__
__|__|__|__|__|__|__|__|__|__|__|__|__|__|__
  |  |  |  |  |  |  |  |  |  |  |  |  |  |  


Copyright (C) 2015 Peter Boyle, Azusa Yamaguchi, Guido Cossu, Antonin Portelli and other authors

This program is free software; you can redistribute it and/or modify
it under the terms of the GNU General Public License as published by
the Free Software Foundation; either version 2 of the License, or
(at your option) any later version.

This program is distributed in the hope that it will be useful,
but WITHOUT ANY WARRANTY; without even the implied warranty of
MERCHANTABILITY or FITNESS FOR A PARTICULAR PURPOSE.  See the
GNU General Public License for more details.
Current Grid git commit hash=7d6c8b34a082767756aa171fcf040b3eaf048368: (HEAD -> feature/gpt, origin/feature/gpt, origin/HEAD) clean

Grid : Message : ================================================ 
Grid : Message : MPI is initialised and logging filters activated 
Grid : Message : ================================================ 
Grid : Message : This rank is running on host nid004273 at local time 2026-07-17 10:51:00
Grid : Message : Requested 1073741824 byte stencil comms buffers 
Grid : Message : MemoryManager Cache 134217728 bytes 
Grid : Message : MemoryManager::Init() setting up
Grid : Message : MemoryManager::Init() cache pool for recent host   allocations: SMALL 8 LARGE 2 HUGE 0
Grid : Message : MemoryManager::Init() cache pool for recent device allocations: SMALL 16 LARGE 8 Huge 0
Grid : Message : MemoryManager::Init() cache pool for recent shared allocations: SMALL 16 LARGE 8 Huge 0
Grid : Message : MemoryManager::Init() Non unified: Caching accelerator data in dedicated memory

=============================================
              Initialized GPT                
     Copyright (C) 2020 Christoph Lehner     
=============================================
GPT :       1.669485 s : NERSC file format; reading /pscratch/sd/e/ell2156/nambu/ampl_aggr_60/ckpoint_lat.0
GPT :       1.669755 s :    BEGIN_HEADER
GPT :       1.670027 s : 	HDR_VERSION = 1.0
GPT :       1.670247 s : 	DATATYPE = 4D_SU3_GAUGE_3x3
GPT :       1.670527 s : 	STORAGE_FORMAT =
GPT :       1.670727 s : 	DIMENSION_1 = 8
GPT :       1.670890 s : 	DIMENSION_2 = 8
GPT :       1.671054 s : 	DIMENSION_3 = 8
GPT :       1.671269 s : 	DIMENSION_4 = 8
GPT :       1.671453 s : 	LINK_TRACE = -0.0008729606742
GPT :       1.671611 s : 	PLAQUETTE  = 0.5911003676
GPT :       1.671815 s : 	BOUNDARY_1 = PERIODIC
GPT :       1.671978 s : 	BOUNDARY_2 = PERIODIC
GPT :       1.672145 s : 	BOUNDARY_3 = PERIODIC
GPT :       1.672306 s : 	BOUNDARY_4 = PERIODIC
GPT :       1.672462 s : 	CHECKSUM =   7d78841a
GPT :       1.672623 s : 	SCIDAC_CHECKSUMA =          0
GPT :       1.672763 s : 	SCIDAC_CHECKSUMB =          0
GPT :       1.672933 s : 	ENSEMBLE_ID = gpt
GPT :       1.673084 s : 	ENSEMBLE_LABEL =
GPT :       1.673258 s : 	SEQUENCE_NUMBER = 1
GPT :       1.673424 s : 	CREATOR = ell2156
GPT :       1.673584 s : 	CREATOR_HARDWARE = nid004701-x86_64-Linux-6.4.0-150600.23.103_15.0.25-cray_shasta_c
GPT :       1.673767 s : 	CREATION_DATE = Thu Jul 16 06:37:30 2026 PDT
GPT :       1.673921 s : 	ARCHIVE_DATE = Thu Jul 16 06:37:30 2026 PDT
GPT :       1.674142 s : 	FLOATING_POINT = IEEE64BIG
GPT :       1.676350 s :    END_HEADER
GPT :       1.688370 s : Read 0.00219727 GB at 0.202096 GB/s (0.539042 GB/s for distribution, 0.323505 GB/s for munged read, 12.9076 GB/s for checksum, 0.653942 GB/s for munging, 1 readers)
GPT :       1.724261 s : Initializing gpt.random(ampl-aggr-1,vectorized_ranlux24_389_64) took 0.000243425 s
GPT :       1.725996 s : 
                       : Nambu HMC with smeared-Wilson amplifier G: topological tunneling run
                       :   lattice = [8, 8, 8, 8]
                       :   beta    = 6.0
                       :   c_p     = 0.581, c_r = 1.936, lam = 1.453  (window in s: [0.400, 1.332])
                       :   rho     = 0.12, n_sm = 2
                       :   tau     = 1.0, MD steps = 50  (eps = 0.02)
                       :   ntherm  = 100 (skipped on resume), ntraj = 100
                       :   nmeas   = 1, tflow = 2.0 (eps_flow = 0.1, radius = 4.00)
                       :   nsave   = 100, root = /pscratch/sd/e/ell2156/nambu/ampl_aggr_60
                       :   resume  = trajectory 1
                       : 
GPT :      14.070697 s : Trajectory 1: plaquette = 0.591100, dH = +4.6415e-01, accept = 0.000, armed = 17.73%, rate = 0.5570
GPT :      17.074870 s : Measurement 1: Q5LI = -0.000133, Qclover = -0.001165, E = 2.75016941e-02, t2E = 0.110007
Traceback (most recent call last):
  File "/global/cfs/cdirs/mp13/lundstrum/gpt-lundstrum-130726/gpt/Nambu-mech/nambu_ampl_topo_run.py", line 201, in <module>
    history += [nambu_hmc(tau)]
                ~~~~~~~~~^^^^^
  File "/global/cfs/cdirs/mp13/lundstrum/gpt-lundstrum-130726/gpt/Nambu-mech/nambu_ampl_topo_run.py", line 183, in nambu_hmc
    mdint(tau)
    ~~~~~^^^^^
  File "/pscratch/sd/e/ell2156/gpt-lundstrum-130726/gpt/lib/gpt/algorithms/integrator/symplectic/base.py", line 118, in __call__
    op[1](step * tau, direction)
    ~~~~~^^^^^^^^^^^^^^^^^^^^^^^
  File "/pscratch/sd/e/ell2156/gpt-lundstrum-130726/gpt/lib/gpt/algorithms/integrator/euler.py", line 34, in __call__
    funcs = gpt.core.util.to_list(self.func())
                                  ~~~~~~~~~^^
  File "/global/cfs/cdirs/mp13/lundstrum/gpt-lundstrum-130726/gpt/Nambu-mech/nambu_ampl_topo_run.py", line 136, in frc_R
    F_G = a_Ssm.gradient(U, U)
  File "/pscratch/sd/e/ell2156/gpt-lundstrum-130726/gpt/lib/gpt/core/group/differentiable_functional.py", line 198, in gradient
    gradient_transformed = self.t.jacobian(
        fields_indices, fields_transformed, [gradient_prime[i] for i in indices]
    )
  File "/pscratch/sd/e/ell2156/gpt-lundstrum-130726/gpt/lib/gpt/qcd/gauge/smear/stout.py", line 107, in jacobian
    exp_iQ[mu], Lambda[mu] = g.matrix.exp.function_and_gradient(iQ_mu, U_Sigma_prime_mu)
                             ~~~~~~~~~~~~~~~~~~~~~~~~~~~~~~~~~~^^^^^^^^^^^^^^^^^^^^^^^^^
  File "/pscratch/sd/e/ell2156/gpt-lundstrum-130726/gpt/lib/gpt/core/matrix/exp.py", line 44, in function_and_gradient
    return x.__class__.foundation.matrix.exp.function_and_gradient(x, dx)
           ~~~~~~~~~~~~~~~~~~~~~~~~~~~~~~~~~~~~~~~~~~~~~~~~~~~~~~~^^^^^^^
  File "/pscratch/sd/e/ell2156/gpt-lundstrum-130726/gpt/lib/gpt/core/foundation/lattice/matrix/exp.py", line 210, in function_and_gradient
    return cayley_hamilton_function_and_gradient(x, dx, c[key])
  File "/pscratch/sd/e/ell2156/gpt-lundstrum-130726/gpt/lib/gpt/core/foundation/lattice/matrix/exp.py", line 135, in cayley_hamilton_function_and_gradient
    return cayley_hamilton_function_and_gradient_3(x, dx, c)
  File "/pscratch/sd/e/ell2156/gpt-lundstrum-130726/gpt/lib/gpt/core/foundation/lattice/matrix/exp.py", line 47, in cayley_hamilton_function_and_gradient_3
    u2 = g(u * u)
  File "/pscratch/sd/e/ell2156/gpt-lundstrum-130726/gpt/lib/gpt/__init__.py", line 55, in __call__
    return expr_eval(*args)
  File "/pscratch/sd/e/ell2156/gpt-lundstrum-130726/gpt/lib/gpt/core/expr.py", line 352, in expr_eval
    grid, otype, return_list, nlat = e.container()
                                     ~~~~~~~~~~~^^
  File "/pscratch/sd/e/ell2156/gpt-lundstrum-130726/gpt/lib/gpt/core/expr.py", line 178, in container
    otype = get_otype_from_expression(self)
  File "/pscratch/sd/e/ell2156/gpt-lundstrum-130726/gpt/lib/gpt/core/expr.py", line 88, in get_otype_from_expression
    bare_otype = t_otype
    ^^^^^^^^^^
KeyboardInterrupt
=============================================
               Finalized GPT                 
=============================================
Grid : Message : 25.554374 s : *******************************************
Grid : Message : 25.554522 s : ******* Grid Finalize                ******
Grid : Message : 25.554664 s : *******************************************
