SharedMemoryNone: SharedMemoryAllocate 1073741824 GPU implementation 
0SharedMemoryNone:  SharedMemoryNone.cc acceleratorAllocDevice 1073741824bytes at 0x300000000 for comms buffers 

__|__|__|__|__|__|__|__|__|__|__|__|__|__|__
__|__|__|__|__|__|__|__|__|__|__|__|__|__|__
__|_ |  |  |  |  |  |  |  |  |  |  |  | _|__
__|_                                    _|__
__|_   GGGG    RRRR    III    DDDD      _|__
__|_  G        R   R    I     D   D     _|__
__|_  G        R   R    I     D    D    _|__
__|_  G  GG    RRRR     I     D    D    _|__
__|_  G   G    R  R     I     D   D     _|__
__|_   GGGG    R   R   III    DDDD      _|__
__|_                                    _|__
__|__|__|__|__|__|__|__|__|__|__|__|__|__|__
__|__|__|__|__|__|__|__|__|__|__|__|__|__|__
  |  |  |  |  |  |  |  |  |  |  |  |  |  |  


Copyright (C) 2015 Peter Boyle, Azusa Yamaguchi, Guido Cossu, Antonin Portelli and other authors

This program is free software; you can redistribute it and/or modify
it under the terms of the GNU General Public License as published by
the Free Software Foundation; either version 2 of the License, or
(at your option) any later version.

This program is distributed in the hope that it will be useful,
but WITHOUT ANY WARRANTY; without even the implied warranty of
MERCHANTABILITY or FITNESS FOR A PARTICULAR PURPOSE.  See the
GNU General Public License for more details.
Current Grid git commit hash=e138258129faed5cb12fc0e5bbf829f69c6a2a3d: (HEAD -> feature/gpt, origin/feature/gpt, origin/HEAD) uncommited changes

Grid : Message : ================================================ 
Grid : Message : MPI is initialised and logging filters activated 
Grid : Message : ================================================ 
Grid : Message : This rank is running on host Eriks-MacBook-Pro-7.local
Grid : Message : Requested 1073741824 byte stencil comms buffers 
Grid : Message : MemoryManager::Init() setting up
Grid : Message : MemoryManager::Init() cache pool for recent host   allocations: SMALL 8 LARGE 2 HUGE 0
Grid : Message : MemoryManager::Init() cache pool for recent device allocations: SMALL 16 LARGE 8 Huge 0
Grid : Message : MemoryManager::Init() cache pool for recent shared allocations: SMALL 16 LARGE 8 Huge 0
Grid : Message : MemoryManager::Init() Unified memory space

=============================================
              Initialized GPT                
     Copyright (C) 2020 Christoph Lehner     
=============================================
GPT :       0.174874 s : Initializing gpt.random(hmc-1k-run,vectorized_ranlux24_389_64) took 0.000154972 s
GPT :       0.174908 s : 
                       : Standard HMC baseline
                       :   lattice = [4, 4, 4, 4]
                       :   beta    = 1.0
                       :   tau     = 2.0, MD steps = 8  (eps = 0.25)
                       :   ntherm  = 50, ntraj = 1000
                       : 
GPT :       0.190930 s : Thermalizing 50 trajectories
GPT :       5.190318 s : Thermalized in 5.0 s: plaquette = 0.062579
GPT :       5.292747 s : Trajectory 0: plaquette = 0.067058, dH = -1.0817e+00, accept = 1
GPT :       5.391690 s : Trajectory 1: plaquette = 0.065855, dH = +3.7067e-02, accept = 1
GPT :       5.491179 s : Trajectory 2: plaquette = 0.063240, dH = -2.9765e-02, accept = 1
GPT :       5.593901 s : Trajectory 3: plaquette = 0.065772, dH = +5.3692e-01, accept = 1
GPT :       5.691862 s : Trajectory 4: plaquette = 0.052114, dH = +9.7581e-03, accept = 1
GPT :       5.792633 s : Trajectory 5: plaquette = 0.073355, dH = -1.7324e+00, accept = 1
GPT :       5.890631 s : Trajectory 6: plaquette = 0.064743, dH = +2.3423e-01, accept = 1
GPT :       5.991213 s : Trajectory 7: plaquette = 0.057764, dH = +6.4170e-01, accept = 1
GPT :       6.091814 s : Trajectory 8: plaquette = 0.064863, dH = +4.4488e-02, accept = 1
GPT :       6.193519 s : Trajectory 9: plaquette = 0.051350, dH = -8.1648e-02, accept = 1
GPT :       6.290913 s : Trajectory 10: plaquette = 0.049083, dH = -1.7803e-01, accept = 1
GPT :       6.383507 s : Trajectory 11: plaquette = 0.065649, dH = -1.1910e+00, accept = 1
GPT :       6.484752 s : Trajectory 12: plaquette = 0.065649, dH = +1.4653e+00, accept = 0
GPT :       6.576469 s : Trajectory 13: plaquette = 0.059153, dH = +4.1984e-01, accept = 1
GPT :       6.675377 s : Trajectory 14: plaquette = 0.061895, dH = +1.3525e-01, accept = 1
GPT :       6.776032 s : Trajectory 15: plaquette = 0.065722, dH = -5.0839e-02, accept = 1
GPT :       6.875031 s : Trajectory 16: plaquette = 0.057064, dH = +1.7675e-01, accept = 1
GPT :       6.978014 s : Trajectory 17: plaquette = 0.055928, dH = -2.8861e-01, accept = 1
GPT :       7.081906 s : Trajectory 18: plaquette = 0.059649, dH = +3.3442e-01, accept = 1
GPT :       7.184216 s : Trajectory 19: plaquette = 0.059649, dH = +9.4705e-01, accept = 0
GPT :       7.283901 s : Trajectory 20: plaquette = 0.064141, dH = -5.4742e-01, accept = 1
GPT :       7.385975 s : Trajectory 21: plaquette = 0.055043, dH = +5.5991e-01, accept = 1
GPT :       7.485445 s : Trajectory 22: plaquette = 0.062976, dH = -9.8119e-01, accept = 1
GPT :       7.583458 s : Trajectory 23: plaquette = 0.064280, dH = -9.8106e-01, accept = 1
GPT :       7.682376 s : Trajectory 24: plaquette = 0.064280, dH = +4.9954e-01, accept = 0
GPT :       7.779230 s : Trajectory 25: plaquette = 0.059767, dH = -2.9895e-01, accept = 1
GPT :       7.877791 s : Trajectory 26: plaquette = 0.059767, dH = +1.0086e+00, accept = 0
GPT :       7.975152 s : Trajectory 27: plaquette = 0.053055, dH = -4.3815e-02, accept = 1
GPT :       8.081252 s : Trajectory 28: plaquette = 0.061211, dH = -2.8915e-01, accept = 1
GPT :       8.185920 s : Trajectory 29: plaquette = 0.057086, dH = +5.6367e-01, accept = 1
GPT :       8.286584 s : Trajectory 30: plaquette = 0.067146, dH = -3.3300e-01, accept = 1
GPT :       8.385571 s : Trajectory 31: plaquette = 0.065499, dH = +1.7552e-01, accept = 1
GPT :       8.485421 s : Trajectory 32: plaquette = 0.065499, dH = +1.0617e+00, accept = 0
GPT :       8.589064 s : Trajectory 33: plaquette = 0.060411, dH = -1.2542e+00, accept = 1
GPT :       8.686548 s : Trajectory 34: plaquette = 0.059448, dH = -7.1502e-01, accept = 1
GPT :       8.785113 s : Trajectory 35: plaquette = 0.055336, dH = -9.0150e-02, accept = 1
GPT :       8.883659 s : Trajectory 36: plaquette = 0.061208, dH = +1.3930e-01, accept = 1
GPT :       8.980769 s : Trajectory 37: plaquette = 0.061208, dH = +5.7599e-01, accept = 0
GPT :       9.083487 s : Trajectory 38: plaquette = 0.053319, dH = +1.2693e+00, accept = 1
GPT :       9.181421 s : Trajectory 39: plaquette = 0.046640, dH = +1.1736e-01, accept = 1
GPT :       9.277817 s : Trajectory 40: plaquette = 0.055784, dH = +3.5264e-01, accept = 1
GPT :       9.375603 s : Trajectory 41: plaquette = 0.066227, dH = +2.8897e-01, accept = 1
GPT :       9.477156 s : Trajectory 42: plaquette = 0.060753, dH = +9.9494e-03, accept = 1
GPT :       9.574175 s : Trajectory 43: plaquette = 0.049974, dH = -6.1324e-02, accept = 1
GPT :       9.675987 s : Trajectory 44: plaquette = 0.054413, dH = -1.0581e+00, accept = 1
GPT :       9.769939 s : Trajectory 45: plaquette = 0.050114, dH = +8.3442e-01, accept = 1
GPT :       9.868577 s : Trajectory 46: plaquette = 0.067864, dH = -5.3026e-01, accept = 1
GPT :       9.969201 s : Trajectory 47: plaquette = 0.058406, dH = +5.2844e-01, accept = 1
GPT :      10.068856 s : Trajectory 48: plaquette = 0.065148, dH = -3.1624e-01, accept = 1
GPT :      10.168316 s : Trajectory 49: plaquette = 0.063243, dH = +4.0473e-02, accept = 1
GPT :      10.267870 s : Trajectory 50: plaquette = 0.063243, dH = +8.2247e-01, accept = 0
GPT :      10.365800 s : Trajectory 51: plaquette = 0.057505, dH = -8.0884e-02, accept = 1
GPT :      10.465498 s : Trajectory 52: plaquette = 0.054761, dH = +6.8546e-02, accept = 1
GPT :      10.566133 s : Trajectory 53: plaquette = 0.052472, dH = -2.6503e-02, accept = 1
GPT :      10.668192 s : Trajectory 54: plaquette = 0.061293, dH = -7.8390e-01, accept = 1
GPT :      10.768615 s : Trajectory 55: plaquette = 0.061293, dH = +3.1409e-01, accept = 0
GPT :      10.867731 s : Trajectory 56: plaquette = 0.061293, dH = +1.0368e+00, accept = 0
GPT :      10.965343 s : Trajectory 57: plaquette = 0.052377, dH = +6.5911e-01, accept = 1
GPT :      11.067111 s : Trajectory 58: plaquette = 0.058407, dH = +4.1369e-01, accept = 1
GPT :      11.169263 s : Trajectory 59: plaquette = 0.061775, dH = +2.4652e-01, accept = 1
GPT :      11.269011 s : Trajectory 60: plaquette = 0.061775, dH = +1.1313e+00, accept = 0
GPT :      11.367400 s : Trajectory 61: plaquette = 0.059190, dH = -7.6515e-01, accept = 1
GPT :      11.467173 s : Trajectory 62: plaquette = 0.065773, dH = -4.0943e-01, accept = 1
GPT :      11.566456 s : Trajectory 63: plaquette = 0.065773, dH = +9.0898e-01, accept = 0
GPT :      11.663533 s : Trajectory 64: plaquette = 0.065773, dH = +1.2467e+00, accept = 0
GPT :      11.761405 s : Trajectory 65: plaquette = 0.065399, dH = +6.9074e-01, accept = 1
GPT :      11.857255 s : Trajectory 66: plaquette = 0.061044, dH = -1.2276e+00, accept = 1
GPT :      11.953889 s : Trajectory 67: plaquette = 0.066535, dH = -1.5324e-01, accept = 1
GPT :      12.047984 s : Trajectory 68: plaquette = 0.053104, dH = +4.1304e-01, accept = 1
GPT :      12.156215 s : Trajectory 69: plaquette = 0.050549, dH = +3.8946e-01, accept = 1
GPT :      12.257442 s : Trajectory 70: plaquette = 0.044795, dH = +5.3068e-02, accept = 1
GPT :      12.355717 s : Trajectory 71: plaquette = 0.061318, dH = -8.1024e-01, accept = 1
GPT :      12.453146 s : Trajectory 72: plaquette = 0.059238, dH = -1.4741e-01, accept = 1
GPT :      12.550906 s : Trajectory 73: plaquette = 0.064585, dH = -6.6516e-01, accept = 1
GPT :      12.649243 s : Trajectory 74: plaquette = 0.064585, dH = +8.3959e-01, accept = 0
GPT :      12.757187 s : Trajectory 75: plaquette = 0.052080, dH = -9.0491e-02, accept = 1
GPT :      12.858664 s : Trajectory 76: plaquette = 0.052944, dH = -9.8007e-02, accept = 1
GPT :      12.952334 s : Trajectory 77: plaquette = 0.060882, dH = +7.4842e-02, accept = 1
GPT :      13.052420 s : Trajectory 78: plaquette = 0.055215, dH = -1.3975e-01, accept = 1
GPT :      13.156098 s : Trajectory 79: plaquette = 0.065827, dH = -8.0214e-01, accept = 1
GPT :      13.256347 s : Trajectory 80: plaquette = 0.065827, dH = +9.2617e-01, accept = 0
GPT :      13.364862 s : Trajectory 81: plaquette = 0.065827, dH = +1.1094e+00, accept = 0
GPT :      13.468150 s : Trajectory 82: plaquette = 0.065827, dH = +7.2371e-01, accept = 0
GPT :      13.569259 s : Trajectory 83: plaquette = 0.065827, dH = +4.8324e-01, accept = 0
GPT :      13.667363 s : Trajectory 84: plaquette = 0.065827, dH = +5.6649e-01, accept = 0
GPT :      13.768100 s : Trajectory 85: plaquette = 0.059993, dH = -1.7661e-01, accept = 1
GPT :      13.868322 s : Trajectory 86: plaquette = 0.059993, dH = +1.1973e+00, accept = 0
GPT :      13.967531 s : Trajectory 87: plaquette = 0.059993, dH = +1.4991e+00, accept = 0
GPT :      14.070414 s : Trajectory 88: plaquette = 0.059993, dH = +1.2450e+00, accept = 0
GPT :      14.171029 s : Trajectory 89: plaquette = 0.065465, dH = -8.5892e-01, accept = 1
GPT :      14.275664 s : Trajectory 90: plaquette = 0.058547, dH = +6.8774e-01, accept = 1
GPT :      14.378701 s : Trajectory 91: plaquette = 0.058547, dH = +1.2299e+00, accept = 0
GPT :      14.476883 s : Trajectory 92: plaquette = 0.061541, dH = +2.3780e-01, accept = 1
GPT :      14.577170 s : Trajectory 93: plaquette = 0.062615, dH = -4.2574e-01, accept = 1
GPT :      14.676229 s : Trajectory 94: plaquette = 0.066149, dH = -1.0453e-01, accept = 1
GPT :      14.775321 s : Trajectory 95: plaquette = 0.050331, dH = +7.2904e-01, accept = 1
GPT :      14.874328 s : Trajectory 96: plaquette = 0.048729, dH = -1.7522e-01, accept = 1
GPT :      14.974710 s : Trajectory 97: plaquette = 0.057042, dH = -1.1725e+00, accept = 1
GPT :      15.075450 s : Trajectory 98: plaquette = 0.056898, dH = -1.4178e-01, accept = 1
GPT :      15.177868 s : Trajectory 99: plaquette = 0.060429, dH = -3.4424e-01, accept = 1
GPT :      15.276682 s : Trajectory 100: plaquette = 0.044712, dH = +8.0122e-02, accept = 1
GPT :      15.374957 s : Trajectory 101: plaquette = 0.058231, dH = -7.2318e-01, accept = 1
GPT :      15.475469 s : Trajectory 102: plaquette = 0.066071, dH = -8.1206e-01, accept = 1
GPT :      15.573564 s : Trajectory 103: plaquette = 0.068325, dH = +1.3001e-01, accept = 1
GPT :      15.671738 s : Trajectory 104: plaquette = 0.063523, dH = +3.1100e-01, accept = 1
GPT :      15.770433 s : Trajectory 105: plaquette = 0.065717, dH = -8.0373e-01, accept = 1
GPT :      15.868008 s : Trajectory 106: plaquette = 0.065717, dH = +1.2559e+00, accept = 0
GPT :      15.966689 s : Trajectory 107: plaquette = 0.058459, dH = +2.4877e-01, accept = 1
GPT :      16.064552 s : Trajectory 108: plaquette = 0.058459, dH = +4.6240e-01, accept = 0
GPT :      16.164516 s : Trajectory 109: plaquette = 0.051796, dH = +2.1164e-01, accept = 1
GPT :      16.259143 s : Trajectory 110: plaquette = 0.057133, dH = -7.2179e-01, accept = 1
GPT :      16.364252 s : Trajectory 111: plaquette = 0.057399, dH = -6.2844e-02, accept = 1
GPT :      16.459643 s : Trajectory 112: plaquette = 0.063877, dH = -3.6648e-01, accept = 1
GPT :      16.556369 s : Trajectory 113: plaquette = 0.063877, dH = +8.2870e-01, accept = 0
GPT :      16.651297 s : Trajectory 114: plaquette = 0.059686, dH = +3.0212e-01, accept = 1
GPT :      16.749524 s : Trajectory 115: plaquette = 0.059183, dH = +3.2839e-02, accept = 1
GPT :      16.857807 s : Trajectory 116: plaquette = 0.055225, dH = +3.7846e-01, accept = 1
GPT :      16.956205 s : Trajectory 117: plaquette = 0.051663, dH = -1.5882e-02, accept = 1
GPT :      17.057312 s : Trajectory 118: plaquette = 0.051663, dH = +1.1889e+00, accept = 0
GPT :      17.157391 s : Trajectory 119: plaquette = 0.056997, dH = +6.6300e-01, accept = 1
GPT :      17.256825 s : Trajectory 120: plaquette = 0.056997, dH = +2.6088e-01, accept = 0
GPT :      17.360549 s : Trajectory 121: plaquette = 0.055793, dH = -6.4161e-01, accept = 1
GPT :      17.458874 s : Trajectory 122: plaquette = 0.049739, dH = +5.0631e-01, accept = 1
GPT :      17.557245 s : Trajectory 123: plaquette = 0.060779, dH = +3.8616e-01, accept = 1
GPT :      17.654175 s : Trajectory 124: plaquette = 0.049438, dH = +5.9325e-01, accept = 1
GPT :      17.753956 s : Trajectory 125: plaquette = 0.055707, dH = -3.6958e-01, accept = 1
GPT :      17.850843 s : Trajectory 126: plaquette = 0.056261, dH = -4.3484e-01, accept = 1
GPT :      17.951919 s : Trajectory 127: plaquette = 0.061544, dH = -3.1039e-01, accept = 1
GPT :      18.050647 s : Trajectory 128: plaquette = 0.061544, dH = +8.2464e-01, accept = 0
GPT :      18.151663 s : Trajectory 129: plaquette = 0.055184, dH = +2.3763e-01, accept = 1
GPT :      18.253257 s : Trajectory 130: plaquette = 0.059695, dH = -4.8850e-01, accept = 1
GPT :      18.354709 s : Trajectory 131: plaquette = 0.059695, dH = +2.3111e-01, accept = 0
GPT :      18.453619 s : Trajectory 132: plaquette = 0.066850, dH = -7.7632e-01, accept = 1
GPT :      18.552167 s : Trajectory 133: plaquette = 0.066850, dH = +8.1475e-01, accept = 0
GPT :      18.651825 s : Trajectory 134: plaquette = 0.066850, dH = +6.6284e-01, accept = 0
GPT :      18.752211 s : Trajectory 135: plaquette = 0.066850, dH = +5.6885e-01, accept = 0
GPT :      18.852294 s : Trajectory 136: plaquette = 0.066850, dH = +1.2210e+00, accept = 0
GPT :      18.952793 s : Trajectory 137: plaquette = 0.067430, dH = -9.3600e-01, accept = 1
GPT :      19.054526 s : Trajectory 138: plaquette = 0.059390, dH = +5.6898e-01, accept = 1
GPT :      19.154060 s : Trajectory 139: plaquette = 0.053212, dH = +4.7479e-01, accept = 1
GPT :      19.253892 s : Trajectory 140: plaquette = 0.058015, dH = -1.3199e+00, accept = 1
GPT :      19.352833 s : Trajectory 141: plaquette = 0.053729, dH = +2.4261e-02, accept = 1
GPT :      19.451332 s : Trajectory 142: plaquette = 0.048039, dH = +7.9815e-02, accept = 1
GPT :      19.551788 s : Trajectory 143: plaquette = 0.057672, dH = -5.0289e-01, accept = 1
GPT :      19.650800 s : Trajectory 144: plaquette = 0.065164, dH = -7.6484e-01, accept = 1
GPT :      19.751446 s : Trajectory 145: plaquette = 0.066528, dH = -4.7814e-01, accept = 1
GPT :      19.850339 s : Trajectory 146: plaquette = 0.060398, dH = +5.7336e-02, accept = 1
GPT :      19.956399 s : Trajectory 147: plaquette = 0.060398, dH = +9.4420e-01, accept = 0
GPT :      20.057841 s : Trajectory 148: plaquette = 0.063482, dH = -6.2258e-01, accept = 1
GPT :      20.158588 s : Trajectory 149: plaquette = 0.063482, dH = +5.3570e-01, accept = 0
GPT :      20.261960 s : Trajectory 150: plaquette = 0.060900, dH = +4.9692e-01, accept = 1
GPT :      20.365894 s : Trajectory 151: plaquette = 0.057528, dH = +1.6553e-01, accept = 1
GPT :      20.466996 s : Trajectory 152: plaquette = 0.057528, dH = +5.9219e-01, accept = 0
GPT :      20.565243 s : Trajectory 153: plaquette = 0.057524, dH = -4.1839e-01, accept = 1
GPT :      20.664192 s : Trajectory 154: plaquette = 0.055210, dH = +6.8656e-02, accept = 1
GPT :      20.757124 s : Trajectory 155: plaquette = 0.047726, dH = -1.3240e-01, accept = 1
GPT :      20.871062 s : Trajectory 156: plaquette = 0.057303, dH = -3.7482e-01, accept = 1
GPT :      20.968651 s : Trajectory 157: plaquette = 0.052073, dH = +1.8923e-01, accept = 1
GPT :      21.079424 s : Trajectory 158: plaquette = 0.052231, dH = +6.8540e-01, accept = 1
GPT :      21.179336 s : Trajectory 159: plaquette = 0.052143, dH = +1.8688e-01, accept = 1
GPT :      21.277074 s : Trajectory 160: plaquette = 0.053848, dH = +3.2859e-01, accept = 1
GPT :      21.373873 s : Trajectory 161: plaquette = 0.053848, dH = +3.9726e-01, accept = 0
GPT :      21.476569 s : Trajectory 162: plaquette = 0.053848, dH = +5.9431e-01, accept = 0
GPT :      21.584066 s : Trajectory 163: plaquette = 0.066718, dH = -4.9545e-01, accept = 1
GPT :      21.679358 s : Trajectory 164: plaquette = 0.066718, dH = +2.7903e-01, accept = 0
GPT :      21.775088 s : Trajectory 165: plaquette = 0.052718, dH = +5.5320e-01, accept = 1
GPT :      21.875094 s : Trajectory 166: plaquette = 0.055093, dH = -3.5068e-01, accept = 1
GPT :      21.973493 s : Trajectory 167: plaquette = 0.055093, dH = +8.7274e-01, accept = 0
GPT :      22.076130 s : Trajectory 168: plaquette = 0.068116, dH = -7.0245e-01, accept = 1
GPT :      22.179480 s : Trajectory 169: plaquette = 0.058919, dH = +4.2721e-01, accept = 1
GPT :      22.279950 s : Trajectory 170: plaquette = 0.058085, dH = +8.8561e-01, accept = 1
GPT :      22.381006 s : Trajectory 171: plaquette = 0.058085, dH = +3.9695e-01, accept = 0
GPT :      22.478166 s : Trajectory 172: plaquette = 0.058085, dH = +3.4936e-01, accept = 0
GPT :      22.579346 s : Trajectory 173: plaquette = 0.048621, dH = +4.0188e-01, accept = 1
GPT :      22.679475 s : Trajectory 174: plaquette = 0.053960, dH = -1.1783e+00, accept = 1
GPT :      22.778668 s : Trajectory 175: plaquette = 0.060237, dH = -3.7531e-01, accept = 1
GPT :      22.878325 s : Trajectory 176: plaquette = 0.067380, dH = -2.4714e-01, accept = 1
GPT :      22.977741 s : Trajectory 177: plaquette = 0.058650, dH = -1.1591e-02, accept = 1
GPT :      23.078415 s : Trajectory 178: plaquette = 0.060476, dH = -2.0150e-01, accept = 1
GPT :      23.177409 s : Trajectory 179: plaquette = 0.050304, dH = +4.3625e-01, accept = 1
GPT :      23.275132 s : Trajectory 180: plaquette = 0.061060, dH = -6.9413e-02, accept = 1
GPT :      23.374273 s : Trajectory 181: plaquette = 0.064334, dH = -6.2977e-01, accept = 1
GPT :      23.476372 s : Trajectory 182: plaquette = 0.078305, dH = -8.0430e-01, accept = 1
GPT :      23.581926 s : Trajectory 183: plaquette = 0.066766, dH = +7.7009e-01, accept = 1
GPT :      23.681847 s : Trajectory 184: plaquette = 0.062230, dH = +1.4416e+00, accept = 1
GPT :      23.781399 s : Trajectory 185: plaquette = 0.062230, dH = +2.5454e-01, accept = 0
GPT :      23.882874 s : Trajectory 186: plaquette = 0.066674, dH = -4.2652e-01, accept = 1
GPT :      23.988254 s : Trajectory 187: plaquette = 0.057665, dH = +1.1704e+00, accept = 1
GPT :      24.091019 s : Trajectory 188: plaquette = 0.064695, dH = -5.3553e-01, accept = 1
GPT :      24.191210 s : Trajectory 189: plaquette = 0.064695, dH = +5.9283e-01, accept = 0
GPT :      24.288443 s : Trajectory 190: plaquette = 0.054285, dH = +6.4891e-01, accept = 1
GPT :      24.385395 s : Trajectory 191: plaquette = 0.054285, dH = +5.4963e-01, accept = 0
GPT :      24.483705 s : Trajectory 192: plaquette = 0.055662, dH = -8.4330e-02, accept = 1
GPT :      24.582796 s : Trajectory 193: plaquette = 0.055933, dH = +6.0319e-01, accept = 1
GPT :      24.687815 s : Trajectory 194: plaquette = 0.064488, dH = -5.5148e-01, accept = 1
GPT :      24.787263 s : Trajectory 195: plaquette = 0.064488, dH = +9.5588e-01, accept = 0
GPT :      24.885961 s : Trajectory 196: plaquette = 0.056918, dH = +3.7122e-03, accept = 1
GPT :      24.984283 s : Trajectory 197: plaquette = 0.073336, dH = -1.2268e+00, accept = 1
GPT :      25.083445 s : Trajectory 198: plaquette = 0.067575, dH = +6.7910e-01, accept = 1
GPT :      25.184207 s : Trajectory 199: plaquette = 0.051285, dH = +6.7706e-01, accept = 1
GPT :      25.288761 s : Trajectory 200: plaquette = 0.054514, dH = -6.8312e-01, accept = 1
GPT :      25.388126 s : Trajectory 201: plaquette = 0.064886, dH = -1.9058e-01, accept = 1
GPT :      25.488820 s : Trajectory 202: plaquette = 0.064886, dH = +7.1276e-01, accept = 0
GPT :      25.588878 s : Trajectory 203: plaquette = 0.064149, dH = +1.1211e+00, accept = 1
GPT :      25.691589 s : Trajectory 204: plaquette = 0.057740, dH = +4.8966e-01, accept = 1
GPT :      25.791228 s : Trajectory 205: plaquette = 0.058572, dH = +9.9203e-01, accept = 1
GPT :      25.890018 s : Trajectory 206: plaquette = 0.058572, dH = +1.0549e+00, accept = 0
GPT :      25.987054 s : Trajectory 207: plaquette = 0.061363, dH = -5.3956e-01, accept = 1
GPT :      26.092989 s : Trajectory 208: plaquette = 0.056113, dH = +4.3753e-02, accept = 1
GPT :      26.191719 s : Trajectory 209: plaquette = 0.050707, dH = -7.8210e-02, accept = 1
GPT :      26.300388 s : Trajectory 210: plaquette = 0.057787, dH = -8.6415e-01, accept = 1
GPT :      26.402271 s : Trajectory 211: plaquette = 0.057787, dH = +3.3667e-01, accept = 0
GPT :      26.498472 s : Trajectory 212: plaquette = 0.057270, dH = -2.7874e-01, accept = 1
GPT :      26.590175 s : Trajectory 213: plaquette = 0.063030, dH = -8.2566e-01, accept = 1
GPT :      26.690112 s : Trajectory 214: plaquette = 0.063030, dH = +9.9495e-01, accept = 0
GPT :      26.788462 s : Trajectory 215: plaquette = 0.055626, dH = -3.6349e-01, accept = 1
GPT :      26.886558 s : Trajectory 216: plaquette = 0.069173, dH = -6.9716e-01, accept = 1
GPT :      26.986355 s : Trajectory 217: plaquette = 0.057801, dH = -4.5938e-01, accept = 1
GPT :      27.088181 s : Trajectory 218: plaquette = 0.057801, dH = +6.4055e-01, accept = 0
GPT :      27.183759 s : Trajectory 219: plaquette = 0.062868, dH = -3.2085e-01, accept = 1
GPT :      27.274980 s : Trajectory 220: plaquette = 0.055786, dH = -2.8236e-01, accept = 1
GPT :      27.368761 s : Trajectory 221: plaquette = 0.065954, dH = -5.4396e-02, accept = 1
GPT :      27.468228 s : Trajectory 222: plaquette = 0.054526, dH = +6.3275e-01, accept = 1
GPT :      27.568499 s : Trajectory 223: plaquette = 0.054526, dH = +5.5357e-01, accept = 0
GPT :      27.669356 s : Trajectory 224: plaquette = 0.047389, dH = -2.5508e-01, accept = 1
GPT :      27.768165 s : Trajectory 225: plaquette = 0.059046, dH = -2.3564e-01, accept = 1
GPT :      27.866631 s : Trajectory 226: plaquette = 0.059115, dH = +4.7622e-01, accept = 1
GPT :      27.962756 s : Trajectory 227: plaquette = 0.061608, dH = +3.1533e-01, accept = 1
GPT :      28.065008 s : Trajectory 228: plaquette = 0.051606, dH = +5.0531e-01, accept = 1
GPT :      28.162371 s : Trajectory 229: plaquette = 0.056276, dH = -5.0765e-01, accept = 1
GPT :      28.258086 s : Trajectory 230: plaquette = 0.056276, dH = +2.1574e-01, accept = 0
GPT :      28.357558 s : Trajectory 231: plaquette = 0.062117, dH = -6.9899e-02, accept = 1
GPT :      28.458957 s : Trajectory 232: plaquette = 0.058857, dH = -7.5351e-01, accept = 1
GPT :      28.558282 s : Trajectory 233: plaquette = 0.060510, dH = -3.3945e-02, accept = 1
GPT :      28.656401 s : Trajectory 234: plaquette = 0.060510, dH = +6.0406e-01, accept = 0
GPT :      28.758486 s : Trajectory 235: plaquette = 0.053951, dH = +8.7579e-01, accept = 1
GPT :      28.864519 s : Trajectory 236: plaquette = 0.051808, dH = -2.0851e-01, accept = 1
GPT :      28.963101 s : Trajectory 237: plaquette = 0.051808, dH = +8.9872e-01, accept = 0
GPT :      29.058061 s : Trajectory 238: plaquette = 0.057791, dH = -9.1397e-01, accept = 1
GPT :      29.149333 s : Trajectory 239: plaquette = 0.061696, dH = +5.1483e-02, accept = 1
GPT :      29.249153 s : Trajectory 240: plaquette = 0.056923, dH = +4.7631e-01, accept = 1
GPT :      29.350975 s : Trajectory 241: plaquette = 0.043336, dH = +7.8901e-01, accept = 1
GPT :      29.450154 s : Trajectory 242: plaquette = 0.054687, dH = +1.8620e-01, accept = 1
GPT :      29.547740 s : Trajectory 243: plaquette = 0.060961, dH = -3.0026e-01, accept = 1
GPT :      29.644911 s : Trajectory 244: plaquette = 0.060961, dH = +2.2423e-01, accept = 0
GPT :      29.742375 s : Trajectory 245: plaquette = 0.056821, dH = -5.3466e-01, accept = 1
GPT :      29.845463 s : Trajectory 246: plaquette = 0.072023, dH = -8.2077e-01, accept = 1
GPT :      29.944149 s : Trajectory 247: plaquette = 0.072023, dH = +1.0322e+00, accept = 0
GPT :      30.045300 s : Trajectory 248: plaquette = 0.072023, dH = +1.5143e+00, accept = 0
GPT :      30.146752 s : Trajectory 249: plaquette = 0.072023, dH = +1.2489e+00, accept = 0
GPT :      30.246706 s : Trajectory 250: plaquette = 0.056354, dH = -8.8595e-01, accept = 1
GPT :      30.344116 s : Trajectory 251: plaquette = 0.054861, dH = -7.9291e-02, accept = 1
GPT :      30.443368 s : Trajectory 252: plaquette = 0.054861, dH = +4.5396e-01, accept = 0
GPT :      30.545460 s : Trajectory 253: plaquette = 0.059448, dH = -2.4326e-02, accept = 1
GPT :      30.648654 s : Trajectory 254: plaquette = 0.062644, dH = +1.0763e-01, accept = 1
GPT :      30.747783 s : Trajectory 255: plaquette = 0.049628, dH = +8.2515e-01, accept = 1
GPT :      30.850890 s : Trajectory 256: plaquette = 0.059582, dH = -5.1498e-01, accept = 1
GPT :      30.945311 s : Trajectory 257: plaquette = 0.059582, dH = +8.0515e-01, accept = 0
GPT :      31.046411 s : Trajectory 258: plaquette = 0.059582, dH = +1.1175e+00, accept = 0
GPT :      31.145672 s : Trajectory 259: plaquette = 0.058171, dH = +4.7665e-01, accept = 1
GPT :      31.244455 s : Trajectory 260: plaquette = 0.064268, dH = -1.9062e-02, accept = 1
GPT :      31.342312 s : Trajectory 261: plaquette = 0.064268, dH = +1.8030e+00, accept = 0
GPT :      31.443329 s : Trajectory 262: plaquette = 0.061410, dH = +4.3945e-01, accept = 1
GPT :      31.542711 s : Trajectory 263: plaquette = 0.045918, dH = +1.3220e-01, accept = 1
GPT :      31.640514 s : Trajectory 264: plaquette = 0.047712, dH = -9.9196e-01, accept = 1
GPT :      31.739726 s : Trajectory 265: plaquette = 0.047712, dH = +4.3827e-01, accept = 0
GPT :      31.837052 s : Trajectory 266: plaquette = 0.058913, dH = +1.7385e-01, accept = 1
GPT :      31.936737 s : Trajectory 267: plaquette = 0.058913, dH = +5.5987e-01, accept = 0
GPT :      32.037519 s : Trajectory 268: plaquette = 0.065386, dH = +4.1341e-02, accept = 1
GPT :      32.137824 s : Trajectory 269: plaquette = 0.060676, dH = -3.7555e-01, accept = 1
GPT :      32.237979 s : Trajectory 270: plaquette = 0.060676, dH = +9.4765e-01, accept = 0
GPT :      32.335389 s : Trajectory 271: plaquette = 0.063709, dH = +4.6268e-01, accept = 1
GPT :      32.434499 s : Trajectory 272: plaquette = 0.063709, dH = +7.8704e-01, accept = 0
GPT :      32.533375 s : Trajectory 273: plaquette = 0.063709, dH = +4.4343e-01, accept = 0
GPT :      32.633280 s : Trajectory 274: plaquette = 0.066028, dH = +3.3966e-01, accept = 1
GPT :      32.731057 s : Trajectory 275: plaquette = 0.078693, dH = -1.1329e+00, accept = 1
GPT :      32.833534 s : Trajectory 276: plaquette = 0.078693, dH = +1.1590e+00, accept = 0
GPT :      32.939501 s : Trajectory 277: plaquette = 0.078693, dH = +8.8653e-01, accept = 0
GPT :      33.037555 s : Trajectory 278: plaquette = 0.078693, dH = +1.5895e+00, accept = 0
GPT :      33.137005 s : Trajectory 279: plaquette = 0.070895, dH = +5.3507e-01, accept = 1
GPT :      33.236124 s : Trajectory 280: plaquette = 0.059969, dH = +2.9496e-01, accept = 1
GPT :      33.333427 s : Trajectory 281: plaquette = 0.065067, dH = +1.4802e-01, accept = 1
GPT :      33.431647 s : Trajectory 282: plaquette = 0.065067, dH = +8.4941e-01, accept = 0
GPT :      33.536814 s : Trajectory 283: plaquette = 0.065067, dH = +1.5547e+00, accept = 0
GPT :      33.633194 s : Trajectory 284: plaquette = 0.048543, dH = +1.1548e+00, accept = 1
GPT :      33.741017 s : Trajectory 285: plaquette = 0.064449, dH = -3.0849e-01, accept = 1
GPT :      33.839300 s : Trajectory 286: plaquette = 0.064449, dH = +1.1623e+00, accept = 0
GPT :      33.941658 s : Trajectory 287: plaquette = 0.056067, dH = +1.7798e-01, accept = 1
GPT :      34.044355 s : Trajectory 288: plaquette = 0.059019, dH = -4.0357e-01, accept = 1
GPT :      34.146328 s : Trajectory 289: plaquette = 0.063294, dH = -6.8433e-01, accept = 1
GPT :      34.246038 s : Trajectory 290: plaquette = 0.060013, dH = -1.1373e-01, accept = 1
GPT :      34.347621 s : Trajectory 291: plaquette = 0.063354, dH = -1.5407e-01, accept = 1
GPT :      34.445477 s : Trajectory 292: plaquette = 0.063354, dH = +8.3975e-01, accept = 0
GPT :      34.540325 s : Trajectory 293: plaquette = 0.068199, dH = -7.1688e-01, accept = 1
GPT :      34.640417 s : Trajectory 294: plaquette = 0.068199, dH = +1.0208e+00, accept = 0
GPT :      34.735753 s : Trajectory 295: plaquette = 0.068199, dH = +8.6676e-01, accept = 0
GPT :      34.834846 s : Trajectory 296: plaquette = 0.054465, dH = +1.4153e+00, accept = 1
GPT :      34.934013 s : Trajectory 297: plaquette = 0.059435, dH = -2.4867e-01, accept = 1
GPT :      35.063561 s : Trajectory 298: plaquette = 0.070706, dH = -5.7256e-01, accept = 1
GPT :      35.181475 s : Trajectory 299: plaquette = 0.070706, dH = +5.7672e-01, accept = 0
GPT :      35.280459 s : Trajectory 300: plaquette = 0.070706, dH = +1.5896e+00, accept = 0
GPT :      35.373595 s : Trajectory 301: plaquette = 0.070706, dH = +9.2763e-01, accept = 0
GPT :      35.475324 s : Trajectory 302: plaquette = 0.065943, dH = +4.6438e-01, accept = 1
GPT :      35.572774 s : Trajectory 303: plaquette = 0.065943, dH = +9.1179e-01, accept = 0
GPT :      35.671869 s : Trajectory 304: plaquette = 0.065943, dH = +1.0344e+00, accept = 0
GPT :      35.770518 s : Trajectory 305: plaquette = 0.065943, dH = +1.1632e+00, accept = 0
GPT :      35.865529 s : Trajectory 306: plaquette = 0.054283, dH = +5.1657e-01, accept = 1
GPT :      35.966378 s : Trajectory 307: plaquette = 0.056881, dH = +7.3177e-01, accept = 1
GPT :      36.064691 s : Trajectory 308: plaquette = 0.062386, dH = -3.1045e-01, accept = 1
GPT :      36.165406 s : Trajectory 309: plaquette = 0.067685, dH = +4.5862e-01, accept = 1
GPT :      36.262401 s : Trajectory 310: plaquette = 0.057473, dH = +4.8760e-01, accept = 1
GPT :      36.356651 s : Trajectory 311: plaquette = 0.055438, dH = +9.5472e-01, accept = 1
GPT :      36.459483 s : Trajectory 312: plaquette = 0.053735, dH = +4.9834e-01, accept = 1
GPT :      36.557464 s : Trajectory 313: plaquette = 0.057363, dH = +5.4783e-01, accept = 1
GPT :      36.658727 s : Trajectory 314: plaquette = 0.057363, dH = +1.1006e+00, accept = 0
GPT :      36.756013 s : Trajectory 315: plaquette = 0.065254, dH = -6.2464e-02, accept = 1
GPT :      36.853894 s : Trajectory 316: plaquette = 0.056908, dH = +3.0904e-01, accept = 1
GPT :      36.948519 s : Trajectory 317: plaquette = 0.060362, dH = -4.9012e-02, accept = 1
GPT :      37.051259 s : Trajectory 318: plaquette = 0.061792, dH = +4.8655e-01, accept = 1
GPT :      37.153455 s : Trajectory 319: plaquette = 0.065327, dH = +4.9896e-01, accept = 1
GPT :      37.250448 s : Trajectory 320: plaquette = 0.057972, dH = +6.0744e-01, accept = 1
GPT :      37.351762 s : Trajectory 321: plaquette = 0.055306, dH = -7.6866e-01, accept = 1
GPT :      37.449812 s : Trajectory 322: plaquette = 0.071057, dH = -1.2154e+00, accept = 1
GPT :      37.541767 s : Trajectory 323: plaquette = 0.057705, dH = +1.3202e+00, accept = 1
GPT :      37.638340 s : Trajectory 324: plaquette = 0.058434, dH = +1.0056e+00, accept = 1
GPT :      37.733510 s : Trajectory 325: plaquette = 0.057786, dH = -8.1859e-01, accept = 1
GPT :      37.829159 s : Trajectory 326: plaquette = 0.047433, dH = -3.0524e-02, accept = 1
GPT :      37.927616 s : Trajectory 327: plaquette = 0.057014, dH = -6.6079e-01, accept = 1
GPT :      38.024517 s : Trajectory 328: plaquette = 0.055874, dH = +1.5252e-01, accept = 1
GPT :      38.123574 s : Trajectory 329: plaquette = 0.055874, dH = +1.2899e+00, accept = 0
GPT :      38.219001 s : Trajectory 330: plaquette = 0.055997, dH = +1.5976e-02, accept = 1
GPT :      38.313235 s : Trajectory 331: plaquette = 0.052823, dH = +5.0225e-02, accept = 1
GPT :      38.414006 s : Trajectory 332: plaquette = 0.056878, dH = -3.1862e-01, accept = 1
GPT :      38.509661 s : Trajectory 333: plaquette = 0.059646, dH = +2.1160e-01, accept = 1
GPT :      38.607660 s : Trajectory 334: plaquette = 0.063429, dH = +1.6173e-02, accept = 1
GPT :      38.707474 s : Trajectory 335: plaquette = 0.051514, dH = +1.1369e+00, accept = 1
GPT :      38.802738 s : Trajectory 336: plaquette = 0.055665, dH = -4.3839e-01, accept = 1
GPT :      38.899451 s : Trajectory 337: plaquette = 0.055665, dH = +9.9342e-01, accept = 0
GPT :      38.999206 s : Trajectory 338: plaquette = 0.052044, dH = +3.0860e-01, accept = 1
GPT :      39.098276 s : Trajectory 339: plaquette = 0.057967, dH = +9.6155e-02, accept = 1
GPT :      39.195898 s : Trajectory 340: plaquette = 0.064721, dH = -6.3420e-01, accept = 1
GPT :      39.294580 s : Trajectory 341: plaquette = 0.061811, dH = +4.4028e-01, accept = 1
GPT :      39.391298 s : Trajectory 342: plaquette = 0.070079, dH = -1.6075e-01, accept = 1
GPT :      39.489089 s : Trajectory 343: plaquette = 0.058558, dH = +1.3513e+00, accept = 1
GPT :      39.586210 s : Trajectory 344: plaquette = 0.061894, dH = -1.1526e-01, accept = 1
GPT :      39.684493 s : Trajectory 345: plaquette = 0.056892, dH = +5.4195e-02, accept = 1
GPT :      39.782029 s : Trajectory 346: plaquette = 0.061603, dH = -2.2429e-01, accept = 1
GPT :      39.877759 s : Trajectory 347: plaquette = 0.058146, dH = +3.7250e-01, accept = 1
GPT :      39.973497 s : Trajectory 348: plaquette = 0.062902, dH = -6.7460e-01, accept = 1
GPT :      40.068408 s : Trajectory 349: plaquette = 0.062902, dH = +3.7355e-01, accept = 0
GPT :      40.166444 s : Trajectory 350: plaquette = 0.060703, dH = -1.3587e-02, accept = 1
GPT :      40.263521 s : Trajectory 351: plaquette = 0.060703, dH = +4.9049e-01, accept = 0
GPT :      40.363385 s : Trajectory 352: plaquette = 0.045246, dH = +1.0337e+00, accept = 1
GPT :      40.462241 s : Trajectory 353: plaquette = 0.053256, dH = -4.7724e-01, accept = 1
GPT :      40.557890 s : Trajectory 354: plaquette = 0.055144, dH = -7.9952e-01, accept = 1
GPT :      40.654058 s : Trajectory 355: plaquette = 0.066880, dH = -8.2067e-01, accept = 1
GPT :      40.751399 s : Trajectory 356: plaquette = 0.055624, dH = +1.1568e+00, accept = 1
GPT :      40.847331 s : Trajectory 357: plaquette = 0.050512, dH = +5.6294e-01, accept = 1
GPT :      40.944804 s : Trajectory 358: plaquette = 0.050512, dH = +3.2045e-01, accept = 0
GPT :      41.041640 s : Trajectory 359: plaquette = 0.069382, dH = -1.2022e+00, accept = 1
GPT :      41.143936 s : Trajectory 360: plaquette = 0.069382, dH = +8.4839e-01, accept = 0
GPT :      41.239440 s : Trajectory 361: plaquette = 0.049137, dH = +4.7078e-01, accept = 1
GPT :      41.336027 s : Trajectory 362: plaquette = 0.049137, dH = +5.1831e-01, accept = 0
GPT :      41.431439 s : Trajectory 363: plaquette = 0.053090, dH = +1.7014e-01, accept = 1
GPT :      41.527141 s : Trajectory 364: plaquette = 0.052824, dH = +2.4155e-01, accept = 1
GPT :      41.624499 s : Trajectory 365: plaquette = 0.053180, dH = +1.8733e-01, accept = 1
GPT :      41.726996 s : Trajectory 366: plaquette = 0.058720, dH = +3.7930e-01, accept = 1
GPT :      41.822710 s : Trajectory 367: plaquette = 0.067336, dH = -4.5479e-01, accept = 1
GPT :      41.920211 s : Trajectory 368: plaquette = 0.067309, dH = +8.2135e-01, accept = 1
GPT :      42.015515 s : Trajectory 369: plaquette = 0.052086, dH = +1.0232e+00, accept = 1
GPT :      42.111794 s : Trajectory 370: plaquette = 0.049360, dH = +2.9430e-01, accept = 1
GPT :      42.212613 s : Trajectory 371: plaquette = 0.058609, dH = +1.7121e-01, accept = 1
GPT :      42.308905 s : Trajectory 372: plaquette = 0.058360, dH = -4.0535e-01, accept = 1
GPT :      42.405048 s : Trajectory 373: plaquette = 0.053823, dH = +6.8058e-01, accept = 1
GPT :      42.504501 s : Trajectory 374: plaquette = 0.050443, dH = +1.0328e-01, accept = 1
GPT :      42.598589 s : Trajectory 375: plaquette = 0.058706, dH = +3.7415e-01, accept = 1
GPT :      42.693546 s : Trajectory 376: plaquette = 0.057085, dH = -4.2095e-01, accept = 1
GPT :      42.791621 s : Trajectory 377: plaquette = 0.051326, dH = +8.9361e-01, accept = 1
GPT :      42.889989 s : Trajectory 378: plaquette = 0.051326, dH = +4.1750e-01, accept = 0
GPT :      42.993840 s : Trajectory 379: plaquette = 0.057175, dH = -1.3349e+00, accept = 1
GPT :      43.095212 s : Trajectory 380: plaquette = 0.054578, dH = +3.8347e-01, accept = 1
GPT :      43.197024 s : Trajectory 381: plaquette = 0.065374, dH = -9.0484e-03, accept = 1
GPT :      43.295729 s : Trajectory 382: plaquette = 0.055043, dH = +1.4870e+00, accept = 1
GPT :      43.395821 s : Trajectory 383: plaquette = 0.051757, dH = -7.4044e-03, accept = 1
GPT :      43.497495 s : Trajectory 384: plaquette = 0.064383, dH = -9.2720e-02, accept = 1
GPT :      43.597976 s : Trajectory 385: plaquette = 0.070996, dH = -5.7542e-01, accept = 1
GPT :      43.698088 s : Trajectory 386: plaquette = 0.070996, dH = +1.9878e-01, accept = 0
GPT :      43.799124 s : Trajectory 387: plaquette = 0.070996, dH = +8.2245e-01, accept = 0
GPT :      43.896637 s : Trajectory 388: plaquette = 0.063414, dH = +4.5291e-01, accept = 1
GPT :      43.994052 s : Trajectory 389: plaquette = 0.064020, dH = +3.1623e-01, accept = 1
GPT :      44.094432 s : Trajectory 390: plaquette = 0.064020, dH = +1.0459e+00, accept = 0
GPT :      44.196098 s : Trajectory 391: plaquette = 0.064020, dH = +6.2167e-01, accept = 0
GPT :      44.295438 s : Trajectory 392: plaquette = 0.065099, dH = +4.0996e-01, accept = 1
GPT :      44.391938 s : Trajectory 393: plaquette = 0.069518, dH = -7.1759e-01, accept = 1
GPT :      44.492112 s : Trajectory 394: plaquette = 0.068084, dH = +3.5153e-02, accept = 1
GPT :      44.590345 s : Trajectory 395: plaquette = 0.053391, dH = +1.1663e+00, accept = 1
GPT :      44.688642 s : Trajectory 396: plaquette = 0.050134, dH = -3.1929e-02, accept = 1
GPT :      44.785054 s : Trajectory 397: plaquette = 0.070003, dH = -1.6311e+00, accept = 1
GPT :      44.882699 s : Trajectory 398: plaquette = 0.070003, dH = +1.3004e+00, accept = 0
GPT :      44.980485 s : Trajectory 399: plaquette = 0.058087, dH = +3.7249e-02, accept = 1
GPT :      45.080494 s : Trajectory 400: plaquette = 0.051912, dH = +3.9185e-01, accept = 1
GPT :      45.179703 s : Trajectory 401: plaquette = 0.069254, dH = -9.2018e-01, accept = 1
GPT :      45.285738 s : Trajectory 402: plaquette = 0.057265, dH = +6.7109e-01, accept = 1
GPT :      45.381117 s : Trajectory 403: plaquette = 0.057265, dH = +3.4745e-01, accept = 0
GPT :      45.480385 s : Trajectory 404: plaquette = 0.057509, dH = +4.2879e-01, accept = 1
GPT :      45.578779 s : Trajectory 405: plaquette = 0.073519, dH = -5.8974e-01, accept = 1
GPT :      45.677986 s : Trajectory 406: plaquette = 0.073519, dH = +1.5013e+00, accept = 0
GPT :      45.775724 s : Trajectory 407: plaquette = 0.073519, dH = +8.0742e-01, accept = 0
GPT :      45.879501 s : Trajectory 408: plaquette = 0.055763, dH = +6.6617e-01, accept = 1
GPT :      45.977042 s : Trajectory 409: plaquette = 0.060514, dH = -3.6887e-01, accept = 1
GPT :      46.076460 s : Trajectory 410: plaquette = 0.052607, dH = -2.2434e-01, accept = 1
GPT :      46.177870 s : Trajectory 411: plaquette = 0.064497, dH = +2.0985e-01, accept = 1
GPT :      46.280387 s : Trajectory 412: plaquette = 0.047253, dH = +4.2893e-01, accept = 1
GPT :      46.379839 s : Trajectory 413: plaquette = 0.055394, dH = -6.6565e-01, accept = 1
GPT :      46.477298 s : Trajectory 414: plaquette = 0.045231, dH = +5.2243e-01, accept = 1
GPT :      46.576137 s : Trajectory 415: plaquette = 0.058027, dH = -7.2216e-01, accept = 1
GPT :      46.674982 s : Trajectory 416: plaquette = 0.058027, dH = +2.8679e-01, accept = 0
GPT :      46.772980 s : Trajectory 417: plaquette = 0.051114, dH = +3.3965e-02, accept = 1
GPT :      46.874313 s : Trajectory 418: plaquette = 0.052882, dH = +7.5935e-01, accept = 1
GPT :      46.971405 s : Trajectory 419: plaquette = 0.055136, dH = -5.4026e-01, accept = 1
GPT :      47.070035 s : Trajectory 420: plaquette = 0.055136, dH = +2.9151e-01, accept = 0
GPT :      47.170861 s : Trajectory 421: plaquette = 0.055136, dH = +6.9744e-01, accept = 0
GPT :      47.271760 s : Trajectory 422: plaquette = 0.060074, dH = +1.0072e-02, accept = 1
GPT :      47.372184 s : Trajectory 423: plaquette = 0.064371, dH = -9.3695e-01, accept = 1
GPT :      47.474734 s : Trajectory 424: plaquette = 0.064371, dH = +1.1570e+00, accept = 0
GPT :      47.572389 s : Trajectory 425: plaquette = 0.056177, dH = -5.6589e-01, accept = 1
GPT :      47.670033 s : Trajectory 426: plaquette = 0.068618, dH = +2.9360e-01, accept = 1
GPT :      47.770823 s : Trajectory 427: plaquette = 0.057246, dH = +5.3901e-01, accept = 1
GPT :      47.871233 s : Trajectory 428: plaquette = 0.056701, dH = +4.3725e-01, accept = 1
GPT :      47.976856 s : Trajectory 429: plaquette = 0.061494, dH = -8.2565e-01, accept = 1
GPT :      48.076079 s : Trajectory 430: plaquette = 0.057685, dH = +4.5301e-01, accept = 1
GPT :      48.176519 s : Trajectory 431: plaquette = 0.065674, dH = -3.0852e-01, accept = 1
GPT :      48.275993 s : Trajectory 432: plaquette = 0.065540, dH = +1.4373e-01, accept = 1
GPT :      48.375400 s : Trajectory 433: plaquette = 0.065540, dH = +2.5641e-01, accept = 0
GPT :      48.473976 s : Trajectory 434: plaquette = 0.055387, dH = +7.1930e-01, accept = 1
GPT :      48.574899 s : Trajectory 435: plaquette = 0.059009, dH = +8.5810e-01, accept = 1
GPT :      48.674431 s : Trajectory 436: plaquette = 0.052918, dH = -3.1412e-01, accept = 1
GPT :      48.771503 s : Trajectory 437: plaquette = 0.051424, dH = +3.9927e-01, accept = 1
GPT :      48.869272 s : Trajectory 438: plaquette = 0.052632, dH = +4.3260e-01, accept = 1
GPT :      48.967668 s : Trajectory 439: plaquette = 0.059869, dH = +1.5968e-01, accept = 1
GPT :      49.065325 s : Trajectory 440: plaquette = 0.062885, dH = -5.3016e-02, accept = 1
GPT :      49.164436 s : Trajectory 441: plaquette = 0.062885, dH = +6.5206e-01, accept = 0
GPT :      49.262822 s : Trajectory 442: plaquette = 0.057767, dH = -2.6120e-01, accept = 1
GPT :      49.367637 s : Trajectory 443: plaquette = 0.051753, dH = +6.1653e-01, accept = 1
GPT :      49.465588 s : Trajectory 444: plaquette = 0.061600, dH = +3.4353e-01, accept = 1
GPT :      49.564878 s : Trajectory 445: plaquette = 0.059656, dH = +1.7088e-01, accept = 1
GPT :      49.668825 s : Trajectory 446: plaquette = 0.044195, dH = +1.2994e-01, accept = 1
GPT :      49.771184 s : Trajectory 447: plaquette = 0.056055, dH = -7.3471e-01, accept = 1
GPT :      49.867873 s : Trajectory 448: plaquette = 0.063929, dH = -7.8659e-02, accept = 1
GPT :      49.971839 s : Trajectory 449: plaquette = 0.067696, dH = -4.9754e-01, accept = 1
GPT :      50.072459 s : Trajectory 450: plaquette = 0.050293, dH = +1.4932e+00, accept = 1
GPT :      50.172092 s : Trajectory 451: plaquette = 0.055275, dH = -4.5090e-01, accept = 1
GPT :      50.268795 s : Trajectory 452: plaquette = 0.049134, dH = -3.5747e-01, accept = 1
GPT :      50.366404 s : Trajectory 453: plaquette = 0.065640, dH = -1.6021e-01, accept = 1
GPT :      50.469702 s : Trajectory 454: plaquette = 0.067536, dH = -3.9524e-01, accept = 1
GPT :      50.574161 s : Trajectory 455: plaquette = 0.064554, dH = +1.7896e-01, accept = 1
GPT :      50.677222 s : Trajectory 456: plaquette = 0.076949, dH = -2.1224e-01, accept = 1
GPT :      50.781020 s : Trajectory 457: plaquette = 0.076949, dH = +1.3009e+00, accept = 0
GPT :      50.878203 s : Trajectory 458: plaquette = 0.076949, dH = +9.9627e-01, accept = 0
GPT :      50.972643 s : Trajectory 459: plaquette = 0.076949, dH = +1.9689e+00, accept = 0
GPT :      51.071790 s : Trajectory 460: plaquette = 0.062517, dH = +4.2810e-01, accept = 1
GPT :      51.169133 s : Trajectory 461: plaquette = 0.062517, dH = +5.3168e-01, accept = 0
GPT :      51.269548 s : Trajectory 462: plaquette = 0.049306, dH = +6.7707e-01, accept = 1
GPT :      51.364924 s : Trajectory 463: plaquette = 0.058702, dH = -5.8110e-01, accept = 1
GPT :      51.480915 s : Trajectory 464: plaquette = 0.047276, dH = +9.6533e-01, accept = 1
GPT :      51.582581 s : Trajectory 465: plaquette = 0.045277, dH = +3.6853e-01, accept = 1
GPT :      51.689295 s : Trajectory 466: plaquette = 0.060313, dH = -6.6530e-02, accept = 1
GPT :      51.794036 s : Trajectory 467: plaquette = 0.054994, dH = -6.9994e-01, accept = 1
GPT :      51.895583 s : Trajectory 468: plaquette = 0.044040, dH = +2.8501e-01, accept = 1
GPT :      51.995995 s : Trajectory 469: plaquette = 0.055621, dH = +1.3351e-01, accept = 1
GPT :      52.096012 s : Trajectory 470: plaquette = 0.055533, dH = -5.6880e-01, accept = 1
GPT :      52.196424 s : Trajectory 471: plaquette = 0.061640, dH = -1.0818e+00, accept = 1
GPT :      52.294402 s : Trajectory 472: plaquette = 0.062153, dH = -2.0631e-01, accept = 1
GPT :      52.393380 s : Trajectory 473: plaquette = 0.060605, dH = +9.1531e-02, accept = 1
GPT :      52.492832 s : Trajectory 474: plaquette = 0.058794, dH = -4.4116e-01, accept = 1
GPT :      52.589618 s : Trajectory 475: plaquette = 0.047234, dH = +2.8688e-01, accept = 1
GPT :      52.687275 s : Trajectory 476: plaquette = 0.062214, dH = -4.1509e-01, accept = 1
GPT :      52.785509 s : Trajectory 477: plaquette = 0.068894, dH = -4.5094e-01, accept = 1
GPT :      52.885106 s : Trajectory 478: plaquette = 0.062352, dH = +3.4659e-01, accept = 1
GPT :      52.982040 s : Trajectory 479: plaquette = 0.061357, dH = -9.4411e-03, accept = 1
GPT :      53.084470 s : Trajectory 480: plaquette = 0.069744, dH = -4.1681e-01, accept = 1
GPT :      53.180205 s : Trajectory 481: plaquette = 0.054106, dH = +1.6698e+00, accept = 1
GPT :      53.276149 s : Trajectory 482: plaquette = 0.068008, dH = -1.2471e+00, accept = 1
GPT :      53.374802 s : Trajectory 483: plaquette = 0.068008, dH = +9.8227e-01, accept = 0
GPT :      53.469328 s : Trajectory 484: plaquette = 0.058577, dH = -2.1955e-02, accept = 1
GPT :      53.573525 s : Trajectory 485: plaquette = 0.058577, dH = +2.6781e-01, accept = 0
GPT :      53.672160 s : Trajectory 486: plaquette = 0.058577, dH = +3.7145e-01, accept = 0
GPT :      53.770479 s : Trajectory 487: plaquette = 0.057350, dH = -8.1239e-02, accept = 1
GPT :      53.870654 s : Trajectory 488: plaquette = 0.059613, dH = -2.8926e-01, accept = 1
GPT :      53.973381 s : Trajectory 489: plaquette = 0.062225, dH = -4.6051e-01, accept = 1
GPT :      54.075431 s : Trajectory 490: plaquette = 0.062225, dH = +1.0376e+00, accept = 0
GPT :      54.180195 s : Trajectory 491: plaquette = 0.058278, dH = +1.5963e-01, accept = 1
GPT :      54.279135 s : Trajectory 492: plaquette = 0.059731, dH = -3.8048e-01, accept = 1
GPT :      54.377221 s : Trajectory 493: plaquette = 0.053955, dH = +9.3818e-01, accept = 1
GPT :      54.473009 s : Trajectory 494: plaquette = 0.053955, dH = +2.0485e-01, accept = 0
GPT :      54.575086 s : Trajectory 495: plaquette = 0.056573, dH = -6.5045e-01, accept = 1
GPT :      54.672993 s : Trajectory 496: plaquette = 0.059484, dH = +3.5050e-01, accept = 1
GPT :      54.771414 s : Trajectory 497: plaquette = 0.064129, dH = +1.6699e-01, accept = 1
GPT :      54.869100 s : Trajectory 498: plaquette = 0.061442, dH = +2.4926e-01, accept = 1
GPT :      54.968245 s : Trajectory 499: plaquette = 0.061442, dH = +6.9148e-01, accept = 0
GPT :      55.067014 s : Trajectory 500: plaquette = 0.052904, dH = +3.9219e-01, accept = 1
GPT :      55.170170 s : Trajectory 501: plaquette = 0.064819, dH = -6.1700e-01, accept = 1
GPT :      55.269236 s : Trajectory 502: plaquette = 0.064819, dH = +3.4824e-01, accept = 0
GPT :      55.367579 s : Trajectory 503: plaquette = 0.053997, dH = +2.4438e-01, accept = 1
GPT :      55.468038 s : Trajectory 504: plaquette = 0.066082, dH = -5.9778e-01, accept = 1
GPT :      55.564746 s : Trajectory 505: plaquette = 0.056097, dH = -1.7255e-01, accept = 1
GPT :      55.664904 s : Trajectory 506: plaquette = 0.056097, dH = +9.2990e-01, accept = 0
GPT :      55.765388 s : Trajectory 507: plaquette = 0.061417, dH = -3.8397e-01, accept = 1
GPT :      55.865236 s : Trajectory 508: plaquette = 0.056316, dH = +4.3317e-01, accept = 1
GPT :      55.965506 s : Trajectory 509: plaquette = 0.056684, dH = -2.1409e-01, accept = 1
GPT :      56.067558 s : Trajectory 510: plaquette = 0.062475, dH = -1.0956e-01, accept = 1
GPT :      56.167519 s : Trajectory 511: plaquette = 0.059237, dH = -4.3550e-01, accept = 1
GPT :      56.265578 s : Trajectory 512: plaquette = 0.059237, dH = +1.0809e+00, accept = 0
GPT :      56.359238 s : Trajectory 513: plaquette = 0.064081, dH = -5.7241e-02, accept = 1
GPT :      56.459401 s : Trajectory 514: plaquette = 0.054140, dH = +5.1753e-01, accept = 1
GPT :      56.559691 s : Trajectory 515: plaquette = 0.066709, dH = -3.7474e-01, accept = 1
GPT :      56.658389 s : Trajectory 516: plaquette = 0.066709, dH = +1.3584e+00, accept = 0
GPT :      56.757480 s : Trajectory 517: plaquette = 0.066709, dH = +1.3553e+00, accept = 0
GPT :      56.856826 s : Trajectory 518: plaquette = 0.058331, dH = +2.4352e-01, accept = 1
GPT :      56.955538 s : Trajectory 519: plaquette = 0.058331, dH = +9.8936e-01, accept = 0
GPT :      57.058533 s : Trajectory 520: plaquette = 0.068385, dH = -3.1950e-01, accept = 1
GPT :      57.161290 s : Trajectory 521: plaquette = 0.067069, dH = -2.9663e-01, accept = 1
GPT :      57.262594 s : Trajectory 522: plaquette = 0.067069, dH = +1.0451e+00, accept = 0
GPT :      57.365558 s : Trajectory 523: plaquette = 0.072552, dH = -3.9487e-01, accept = 1
GPT :      57.472343 s : Trajectory 524: plaquette = 0.069212, dH = +1.9487e-01, accept = 1
GPT :      57.570197 s : Trajectory 525: plaquette = 0.069212, dH = +1.7871e-01, accept = 0
GPT :      57.676193 s : Trajectory 526: plaquette = 0.071619, dH = -1.0965e-01, accept = 1
GPT :      57.775673 s : Trajectory 527: plaquette = 0.065769, dH = -1.8106e-01, accept = 1
GPT :      57.869352 s : Trajectory 528: plaquette = 0.052273, dH = +5.3597e-01, accept = 1
GPT :      57.961478 s : Trajectory 529: plaquette = 0.066354, dH = -8.6973e-01, accept = 1
GPT :      58.059669 s : Trajectory 530: plaquette = 0.067923, dH = +8.1188e-02, accept = 1
GPT :      58.158452 s : Trajectory 531: plaquette = 0.063376, dH = -1.9977e-01, accept = 1
GPT :      58.264860 s : Trajectory 532: plaquette = 0.053164, dH = +1.5159e-01, accept = 1
GPT :      58.364427 s : Trajectory 533: plaquette = 0.046671, dH = -1.7753e-01, accept = 1
GPT :      58.462368 s : Trajectory 534: plaquette = 0.063945, dH = -3.3679e-01, accept = 1
GPT :      58.562100 s : Trajectory 535: plaquette = 0.067120, dH = -4.5963e-01, accept = 1
GPT :      58.660195 s : Trajectory 536: plaquette = 0.067120, dH = +1.0777e+00, accept = 0
GPT :      58.762159 s : Trajectory 537: plaquette = 0.062429, dH = +7.0637e-01, accept = 1
GPT :      58.860999 s : Trajectory 538: plaquette = 0.052126, dH = +2.6611e-01, accept = 1
GPT :      58.958916 s : Trajectory 539: plaquette = 0.052126, dH = +3.9554e-01, accept = 0
GPT :      59.061439 s : Trajectory 540: plaquette = 0.052126, dH = +7.7724e-01, accept = 0
GPT :      59.160626 s : Trajectory 541: plaquette = 0.054064, dH = -9.0020e-01, accept = 1
GPT :      59.257320 s : Trajectory 542: plaquette = 0.052770, dH = +2.0143e-01, accept = 1
GPT :      59.355718 s : Trajectory 543: plaquette = 0.060292, dH = -4.7402e-01, accept = 1
GPT :      59.454109 s : Trajectory 544: plaquette = 0.060292, dH = +7.2620e-01, accept = 0
GPT :      59.557154 s : Trajectory 545: plaquette = 0.060292, dH = +1.0801e+00, accept = 0
GPT :      59.655383 s : Trajectory 546: plaquette = 0.068414, dH = -5.7147e-01, accept = 1
GPT :      59.754873 s : Trajectory 547: plaquette = 0.067478, dH = -6.0796e-02, accept = 1
GPT :      59.854204 s : Trajectory 548: plaquette = 0.061476, dH = +8.8080e-01, accept = 1
GPT :      59.954170 s : Trajectory 549: plaquette = 0.060175, dH = +1.4463e-01, accept = 1
GPT :      60.055323 s : Trajectory 550: plaquette = 0.056028, dH = +5.5741e-01, accept = 1
GPT :      60.155885 s : Trajectory 551: plaquette = 0.057004, dH = -6.9272e-02, accept = 1
GPT :      60.256853 s : Trajectory 552: plaquette = 0.062172, dH = -7.0670e-01, accept = 1
GPT :      60.355757 s : Trajectory 553: plaquette = 0.062172, dH = +3.6862e-01, accept = 0
GPT :      60.454332 s : Trajectory 554: plaquette = 0.055697, dH = -2.6893e-01, accept = 1
GPT :      60.552206 s : Trajectory 555: plaquette = 0.055697, dH = +1.0185e+00, accept = 0
GPT :      60.652241 s : Trajectory 556: plaquette = 0.054330, dH = -1.7390e-01, accept = 1
GPT :      60.751648 s : Trajectory 557: plaquette = 0.054330, dH = +9.8476e-01, accept = 0
GPT :      60.852602 s : Trajectory 558: plaquette = 0.054330, dH = +7.9206e-01, accept = 0
GPT :      60.953748 s : Trajectory 559: plaquette = 0.061292, dH = -4.9974e-01, accept = 1
GPT :      61.054060 s : Trajectory 560: plaquette = 0.064094, dH = +6.0124e-01, accept = 1
GPT :      61.155884 s : Trajectory 561: plaquette = 0.058864, dH = +5.4690e-01, accept = 1
GPT :      61.254772 s : Trajectory 562: plaquette = 0.052131, dH = +5.7112e-02, accept = 1
GPT :      61.354049 s : Trajectory 563: plaquette = 0.052560, dH = -2.3974e-01, accept = 1
GPT :      61.453128 s : Trajectory 564: plaquette = 0.053142, dH = -7.5312e-01, accept = 1
GPT :      61.559215 s : Trajectory 565: plaquette = 0.053142, dH = +2.2067e-01, accept = 0
GPT :      61.659560 s : Trajectory 566: plaquette = 0.066779, dH = -4.5547e-01, accept = 1
GPT :      61.758265 s : Trajectory 567: plaquette = 0.055704, dH = -4.2372e-02, accept = 1
GPT :      61.865996 s : Trajectory 568: plaquette = 0.055866, dH = -1.6356e-01, accept = 1
GPT :      61.964850 s : Trajectory 569: plaquette = 0.055866, dH = +2.4361e-01, accept = 0
GPT :      62.064221 s : Trajectory 570: plaquette = 0.062477, dH = +2.1791e-01, accept = 1
GPT :      62.163446 s : Trajectory 571: plaquette = 0.062477, dH = +1.2682e+00, accept = 0
GPT :      62.259933 s : Trajectory 572: plaquette = 0.067754, dH = -1.3860e-01, accept = 1
GPT :      62.355631 s : Trajectory 573: plaquette = 0.050763, dH = +4.8399e-01, accept = 1
GPT :      62.460306 s : Trajectory 574: plaquette = 0.067528, dH = +3.4029e-02, accept = 1
GPT :      62.561051 s : Trajectory 575: plaquette = 0.050703, dH = +7.4746e-01, accept = 1
GPT :      62.659902 s : Trajectory 576: plaquette = 0.069583, dH = -7.3090e-01, accept = 1
GPT :      62.760774 s : Trajectory 577: plaquette = 0.069583, dH = +4.2122e-01, accept = 0
GPT :      62.863557 s : Trajectory 578: plaquette = 0.054370, dH = +5.6124e-01, accept = 1
GPT :      62.965132 s : Trajectory 579: plaquette = 0.050618, dH = -5.9634e-02, accept = 1
GPT :      63.067144 s : Trajectory 580: plaquette = 0.058812, dH = -3.7559e-01, accept = 1
GPT :      63.167619 s : Trajectory 581: plaquette = 0.053435, dH = +7.8852e-02, accept = 1
GPT :      63.268709 s : Trajectory 582: plaquette = 0.060335, dH = +4.2817e-02, accept = 1
GPT :      63.364982 s : Trajectory 583: plaquette = 0.047316, dH = +1.0918e+00, accept = 1
GPT :      63.467223 s : Trajectory 584: plaquette = 0.053363, dH = -2.9844e-01, accept = 1
GPT :      63.566411 s : Trajectory 585: plaquette = 0.059027, dH = +6.4598e-01, accept = 1
GPT :      63.665952 s : Trajectory 586: plaquette = 0.065782, dH = -3.0214e-01, accept = 1
GPT :      63.763018 s : Trajectory 587: plaquette = 0.065782, dH = +7.9664e-01, accept = 0
GPT :      63.862661 s : Trajectory 588: plaquette = 0.068186, dH = -2.8516e-01, accept = 1
GPT :      63.966819 s : Trajectory 589: plaquette = 0.067017, dH = +1.3224e-01, accept = 1
GPT :      64.063783 s : Trajectory 590: plaquette = 0.067017, dH = +4.5694e-01, accept = 0
GPT :      64.158287 s : Trajectory 591: plaquette = 0.060240, dH = -7.5047e-01, accept = 1
GPT :      64.256959 s : Trajectory 592: plaquette = 0.060771, dH = +4.5979e-01, accept = 1
GPT :      64.359139 s : Trajectory 593: plaquette = 0.066562, dH = -9.3940e-01, accept = 1
GPT :      64.462201 s : Trajectory 594: plaquette = 0.066562, dH = +8.4697e-01, accept = 0
GPT :      64.563481 s : Trajectory 595: plaquette = 0.066562, dH = +5.2365e-01, accept = 0
GPT :      64.662630 s : Trajectory 596: plaquette = 0.049842, dH = +1.0711e+00, accept = 1
GPT :      64.758668 s : Trajectory 597: plaquette = 0.061493, dH = -2.6139e-01, accept = 1
GPT :      64.857718 s : Trajectory 598: plaquette = 0.047709, dH = +5.6024e-01, accept = 1
GPT :      64.957245 s : Trajectory 599: plaquette = 0.064181, dH = -9.2578e-01, accept = 1
GPT :      65.054694 s : Trajectory 600: plaquette = 0.064181, dH = +1.1254e+00, accept = 0
GPT :      65.152512 s : Trajectory 601: plaquette = 0.064181, dH = +5.5585e-01, accept = 0
GPT :      65.251127 s : Trajectory 602: plaquette = 0.057458, dH = +2.5563e-01, accept = 1
GPT :      65.348062 s : Trajectory 603: plaquette = 0.041486, dH = +1.1241e+00, accept = 1
GPT :      65.447837 s : Trajectory 604: plaquette = 0.047883, dH = -1.1109e-01, accept = 1
GPT :      65.546864 s : Trajectory 605: plaquette = 0.055883, dH = -6.6149e-01, accept = 1
GPT :      65.646195 s : Trajectory 606: plaquette = 0.055172, dH = +3.1765e-02, accept = 1
GPT :      65.747525 s : Trajectory 607: plaquette = 0.058732, dH = -4.3680e-01, accept = 1
GPT :      65.842863 s : Trajectory 608: plaquette = 0.050423, dH = +5.2628e-01, accept = 1
GPT :      65.940809 s : Trajectory 609: plaquette = 0.063538, dH = -1.0995e-01, accept = 1
GPT :      66.046700 s : Trajectory 610: plaquette = 0.059290, dH = -1.6976e-01, accept = 1
GPT :      66.145721 s : Trajectory 611: plaquette = 0.052312, dH = +7.1656e-01, accept = 1
GPT :      66.246165 s : Trajectory 612: plaquette = 0.059473, dH = -6.0878e-01, accept = 1
GPT :      66.338461 s : Trajectory 613: plaquette = 0.069685, dH = -2.4619e-01, accept = 1
GPT :      66.427709 s : Trajectory 614: plaquette = 0.056834, dH = -2.2719e-01, accept = 1
GPT :      66.530998 s : Trajectory 615: plaquette = 0.056834, dH = +8.2287e-01, accept = 0
GPT :      66.628932 s : Trajectory 616: plaquette = 0.056834, dH = +4.9685e-01, accept = 0
GPT :      66.726378 s : Trajectory 617: plaquette = 0.044449, dH = +1.4815e+00, accept = 1
GPT :      66.823640 s : Trajectory 618: plaquette = 0.057306, dH = -6.9877e-01, accept = 1
GPT :      66.920504 s : Trajectory 619: plaquette = 0.061755, dH = -6.0645e-01, accept = 1
GPT :      67.023885 s : Trajectory 620: plaquette = 0.061755, dH = +4.0841e-01, accept = 0
GPT :      67.120878 s : Trajectory 621: plaquette = 0.064737, dH = +2.3777e-01, accept = 1
GPT :      67.219510 s : Trajectory 622: plaquette = 0.058461, dH = +2.1154e-01, accept = 1
GPT :      67.319539 s : Trajectory 623: plaquette = 0.056296, dH = +2.5893e-01, accept = 1
GPT :      67.420104 s : Trajectory 624: plaquette = 0.065563, dH = -1.2854e+00, accept = 1
GPT :      67.517563 s : Trajectory 625: plaquette = 0.065563, dH = +1.2385e+00, accept = 0
GPT :      67.617800 s : Trajectory 626: plaquette = 0.061267, dH = -5.8476e-01, accept = 1
GPT :      67.714501 s : Trajectory 627: plaquette = 0.059237, dH = +7.7884e-01, accept = 1
GPT :      67.812812 s : Trajectory 628: plaquette = 0.059237, dH = +4.5251e-01, accept = 0
GPT :      67.907827 s : Trajectory 629: plaquette = 0.059237, dH = +6.1693e-01, accept = 0
GPT :      68.008283 s : Trajectory 630: plaquette = 0.051111, dH = -2.0435e-02, accept = 1
GPT :      68.108376 s : Trajectory 631: plaquette = 0.057847, dH = +1.3899e-01, accept = 1
GPT :      68.209373 s : Trajectory 632: plaquette = 0.051169, dH = -2.3241e-01, accept = 1
GPT :      68.313158 s : Trajectory 633: plaquette = 0.063833, dH = -4.4374e-02, accept = 1
GPT :      68.410575 s : Trajectory 634: plaquette = 0.058088, dH = +1.0636e+00, accept = 1
GPT :      68.519096 s : Trajectory 635: plaquette = 0.058088, dH = +5.5585e-01, accept = 0
GPT :      68.668555 s : Trajectory 636: plaquette = 0.058292, dH = -1.6820e-01, accept = 1
GPT :      68.814002 s : Trajectory 637: plaquette = 0.058292, dH = +2.6594e-01, accept = 0
GPT :      68.926358 s : Trajectory 638: plaquette = 0.063194, dH = +1.1387e-03, accept = 1
GPT :      69.028696 s : Trajectory 639: plaquette = 0.063194, dH = +2.6069e-01, accept = 0
GPT :      69.127287 s : Trajectory 640: plaquette = 0.064080, dH = -2.3857e-01, accept = 1
GPT :      69.226201 s : Trajectory 641: plaquette = 0.053829, dH = +2.2733e-01, accept = 1
GPT :      69.324410 s : Trajectory 642: plaquette = 0.054340, dH = +1.3579e-01, accept = 1
GPT :      69.427369 s : Trajectory 643: plaquette = 0.060866, dH = -6.9243e-01, accept = 1
GPT :      69.528853 s : Trajectory 644: plaquette = 0.048385, dH = +2.4898e-01, accept = 1
GPT :      69.629568 s : Trajectory 645: plaquette = 0.057032, dH = -6.3721e-01, accept = 1
GPT :      69.731080 s : Trajectory 646: plaquette = 0.057032, dH = +7.8056e-01, accept = 0
GPT :      69.833352 s : Trajectory 647: plaquette = 0.057032, dH = +5.9629e-01, accept = 0
GPT :      69.931346 s : Trajectory 648: plaquette = 0.053812, dH = -5.8749e-01, accept = 1
GPT :      70.031670 s : Trajectory 649: plaquette = 0.059826, dH = -4.1822e-01, accept = 1
GPT :      70.131929 s : Trajectory 650: plaquette = 0.057424, dH = -3.6767e-01, accept = 1
GPT :      70.240938 s : Trajectory 651: plaquette = 0.064497, dH = -2.1432e-01, accept = 1
GPT :      70.341334 s : Trajectory 652: plaquette = 0.062915, dH = +3.7194e-01, accept = 1
GPT :      70.440130 s : Trajectory 653: plaquette = 0.062915, dH = +5.7644e-01, accept = 0
GPT :      70.543606 s : Trajectory 654: plaquette = 0.055527, dH = +1.0236e+00, accept = 1
GPT :      70.642625 s : Trajectory 655: plaquette = 0.060254, dH = +4.0024e-01, accept = 1
GPT :      70.745777 s : Trajectory 656: plaquette = 0.059963, dH = +2.5650e-01, accept = 1
GPT :      70.852209 s : Trajectory 657: plaquette = 0.052461, dH = +7.3912e-01, accept = 1
GPT :      70.953268 s : Trajectory 658: plaquette = 0.059702, dH = -4.6388e-01, accept = 1
GPT :      71.052591 s : Trajectory 659: plaquette = 0.052607, dH = +4.4304e-01, accept = 1
GPT :      71.150346 s : Trajectory 660: plaquette = 0.059614, dH = -3.5355e-02, accept = 1
GPT :      71.260851 s : Trajectory 661: plaquette = 0.046283, dH = +4.8000e-01, accept = 1
GPT :      71.364892 s : Trajectory 662: plaquette = 0.063146, dH = +1.6692e-01, accept = 1
GPT :      71.465394 s : Trajectory 663: plaquette = 0.063146, dH = +8.0756e-01, accept = 0
GPT :      71.567279 s : Trajectory 664: plaquette = 0.063146, dH = +9.6490e-01, accept = 0
GPT :      71.670290 s : Trajectory 665: plaquette = 0.058674, dH = +1.2661e+00, accept = 1
GPT :      71.771628 s : Trajectory 666: plaquette = 0.059868, dH = -8.7933e-01, accept = 1
GPT :      71.871922 s : Trajectory 667: plaquette = 0.059868, dH = +7.2827e-01, accept = 0
GPT :      71.971894 s : Trajectory 668: plaquette = 0.054442, dH = +3.5060e-01, accept = 1
GPT :      72.073185 s : Trajectory 669: plaquette = 0.052400, dH = +4.3052e-02, accept = 1
GPT :      72.180901 s : Trajectory 670: plaquette = 0.069379, dH = -5.2414e-01, accept = 1
GPT :      72.282987 s : Trajectory 671: plaquette = 0.069379, dH = +5.6233e-01, accept = 0
GPT :      72.385055 s : Trajectory 672: plaquette = 0.069379, dH = +9.4814e-01, accept = 0
GPT :      72.489301 s : Trajectory 673: plaquette = 0.051705, dH = +1.2779e+00, accept = 1
GPT :      72.611665 s : Trajectory 674: plaquette = 0.051705, dH = +5.2440e-01, accept = 0
GPT :      72.717285 s : Trajectory 675: plaquette = 0.057514, dH = -1.0506e+00, accept = 1
GPT :      72.829928 s : Trajectory 676: plaquette = 0.057514, dH = +7.8543e-01, accept = 0
GPT :      72.936969 s : Trajectory 677: plaquette = 0.043460, dH = -2.8452e-01, accept = 1
GPT :      73.040121 s : Trajectory 678: plaquette = 0.056009, dH = -2.1089e-01, accept = 1
GPT :      73.138648 s : Trajectory 679: plaquette = 0.056009, dH = +5.2505e-01, accept = 0
GPT :      73.246967 s : Trajectory 680: plaquette = 0.052899, dH = -5.7666e-02, accept = 1
GPT :      73.359126 s : Trajectory 681: plaquette = 0.052899, dH = +5.9671e-01, accept = 0
GPT :      73.467091 s : Trajectory 682: plaquette = 0.052899, dH = +1.3105e-01, accept = 0
GPT :      73.582473 s : Trajectory 683: plaquette = 0.052899, dH = +5.2758e-01, accept = 0
GPT :      73.689481 s : Trajectory 684: plaquette = 0.053185, dH = -5.6169e-01, accept = 1
GPT :      73.798217 s : Trajectory 685: plaquette = 0.053185, dH = +6.4588e-01, accept = 0
GPT :      73.912212 s : Trajectory 686: plaquette = 0.057165, dH = +2.4776e-01, accept = 1
GPT :      74.021664 s : Trajectory 687: plaquette = 0.057165, dH = +3.9504e-01, accept = 0
GPT :      74.131486 s : Trajectory 688: plaquette = 0.050628, dH = +1.5654e-01, accept = 1
GPT :      74.239758 s : Trajectory 689: plaquette = 0.050628, dH = +3.9909e-01, accept = 0
GPT :      74.352292 s : Trajectory 690: plaquette = 0.062302, dH = -1.7424e+00, accept = 1
GPT :      74.453364 s : Trajectory 691: plaquette = 0.057098, dH = -2.6333e-01, accept = 1
GPT :      74.552507 s : Trajectory 692: plaquette = 0.067938, dH = -8.6396e-01, accept = 1
GPT :      74.655193 s : Trajectory 693: plaquette = 0.062540, dH = -7.6423e-02, accept = 1
GPT :      74.752702 s : Trajectory 694: plaquette = 0.062540, dH = +3.5421e-01, accept = 0
GPT :      74.855232 s : Trajectory 695: plaquette = 0.062540, dH = +9.1212e-01, accept = 0
GPT :      74.954031 s : Trajectory 696: plaquette = 0.073302, dH = -2.6247e-01, accept = 1
GPT :      75.052585 s : Trajectory 697: plaquette = 0.073302, dH = +1.3505e+00, accept = 0
GPT :      75.159777 s : Trajectory 698: plaquette = 0.075829, dH = +2.8987e-01, accept = 1
GPT :      75.263944 s : Trajectory 699: plaquette = 0.075829, dH = +9.6306e-01, accept = 0
GPT :      75.363948 s : Trajectory 700: plaquette = 0.075829, dH = +7.7675e-01, accept = 0
GPT :      75.463022 s : Trajectory 701: plaquette = 0.075829, dH = +1.5622e+00, accept = 0
GPT :      75.564187 s : Trajectory 702: plaquette = 0.058456, dH = +1.3933e+00, accept = 1
GPT :      75.670657 s : Trajectory 703: plaquette = 0.068677, dH = -3.8291e-01, accept = 1
GPT :      75.768026 s : Trajectory 704: plaquette = 0.069327, dH = +4.5212e-01, accept = 1
GPT :      75.869360 s : Trajectory 705: plaquette = 0.065938, dH = +5.7463e-01, accept = 1
GPT :      75.967632 s : Trajectory 706: plaquette = 0.063133, dH = +5.1921e-02, accept = 1
GPT :      76.069212 s : Trajectory 707: plaquette = 0.068173, dH = -1.8346e-01, accept = 1
GPT :      76.167690 s : Trajectory 708: plaquette = 0.062679, dH = +8.1255e-01, accept = 1
GPT :      76.270835 s : Trajectory 709: plaquette = 0.051172, dH = +2.1153e-01, accept = 1
GPT :      76.370419 s : Trajectory 710: plaquette = 0.058646, dH = -5.2680e-01, accept = 1
GPT :      76.478526 s : Trajectory 711: plaquette = 0.071431, dH = -5.7241e-02, accept = 1
GPT :      76.580822 s : Trajectory 712: plaquette = 0.071431, dH = +5.6602e-01, accept = 0
GPT :      76.686265 s : Trajectory 713: plaquette = 0.068794, dH = +7.8221e-01, accept = 1
GPT :      76.786990 s : Trajectory 714: plaquette = 0.055724, dH = -1.2138e-01, accept = 1
GPT :      76.887462 s : Trajectory 715: plaquette = 0.055798, dH = +2.3847e-02, accept = 1
GPT :      76.986930 s : Trajectory 716: plaquette = 0.046299, dH = +1.1016e+00, accept = 1
GPT :      77.089138 s : Trajectory 717: plaquette = 0.046777, dH = +5.2233e-01, accept = 1
GPT :      77.189372 s : Trajectory 718: plaquette = 0.074263, dH = -1.4214e+00, accept = 1
GPT :      77.291811 s : Trajectory 719: plaquette = 0.050955, dH = +7.3439e-01, accept = 1
GPT :      77.393230 s : Trajectory 720: plaquette = 0.055080, dH = -1.4083e+00, accept = 1
GPT :      77.493140 s : Trajectory 721: plaquette = 0.062263, dH = +2.6442e-02, accept = 1
GPT :      77.595356 s : Trajectory 722: plaquette = 0.068369, dH = -6.3260e-01, accept = 1
GPT :      77.699372 s : Trajectory 723: plaquette = 0.066191, dH = -8.0747e-02, accept = 1
GPT :      77.806234 s : Trajectory 724: plaquette = 0.054272, dH = +9.7221e-01, accept = 1
GPT :      77.912166 s : Trajectory 725: plaquette = 0.054272, dH = +1.2343e-01, accept = 0
GPT :      78.014711 s : Trajectory 726: plaquette = 0.061569, dH = -6.7402e-01, accept = 1
GPT :      78.121004 s : Trajectory 727: plaquette = 0.059860, dH = +1.6497e-01, accept = 1
GPT :      78.229190 s : Trajectory 728: plaquette = 0.052947, dH = +1.1250e+00, accept = 1
GPT :      78.332882 s : Trajectory 729: plaquette = 0.054325, dH = +1.5244e-02, accept = 1
GPT :      78.438403 s : Trajectory 730: plaquette = 0.064356, dH = +2.1959e-01, accept = 1
GPT :      78.542810 s : Trajectory 731: plaquette = 0.065639, dH = +2.1911e-01, accept = 1
GPT :      78.641890 s : Trajectory 732: plaquette = 0.044481, dH = +7.3228e-01, accept = 1
GPT :      78.740412 s : Trajectory 733: plaquette = 0.061506, dH = -2.7518e-01, accept = 1
GPT :      78.846535 s : Trajectory 734: plaquette = 0.061527, dH = -4.4766e-02, accept = 1
GPT :      78.956324 s : Trajectory 735: plaquette = 0.060075, dH = -3.3338e-01, accept = 1
GPT :      79.060314 s : Trajectory 736: plaquette = 0.060075, dH = +7.2200e-01, accept = 0
GPT :      79.168079 s : Trajectory 737: plaquette = 0.061719, dH = -2.9574e-01, accept = 1
GPT :      79.271479 s : Trajectory 738: plaquette = 0.061719, dH = +1.0367e+00, accept = 0
GPT :      79.376271 s : Trajectory 739: plaquette = 0.054250, dH = +3.1799e-01, accept = 1
GPT :      79.483869 s : Trajectory 740: plaquette = 0.058849, dH = -5.3605e-01, accept = 1
GPT :      79.587089 s : Trajectory 741: plaquette = 0.059076, dH = -4.7655e-01, accept = 1
GPT :      79.688852 s : Trajectory 742: plaquette = 0.066020, dH = +5.2274e-01, accept = 1
GPT :      79.788211 s : Trajectory 743: plaquette = 0.066020, dH = +4.8139e-01, accept = 0
GPT :      79.890751 s : Trajectory 744: plaquette = 0.071450, dH = +9.2745e-02, accept = 1
GPT :      79.998922 s : Trajectory 745: plaquette = 0.071882, dH = -1.6376e-01, accept = 1
GPT :      80.102161 s : Trajectory 746: plaquette = 0.059345, dH = +1.1251e-01, accept = 1
GPT :      80.199875 s : Trajectory 747: plaquette = 0.059454, dH = +1.6739e-01, accept = 1
GPT :      80.302692 s : Trajectory 748: plaquette = 0.056197, dH = -3.0703e-01, accept = 1
GPT :      80.408783 s : Trajectory 749: plaquette = 0.059517, dH = +7.6941e-01, accept = 1
GPT :      80.508790 s : Trajectory 750: plaquette = 0.059517, dH = +9.4459e-01, accept = 0
GPT :      80.609269 s : Trajectory 751: plaquette = 0.071726, dH = -7.7891e-01, accept = 1
GPT :      80.711505 s : Trajectory 752: plaquette = 0.071726, dH = +9.3571e-01, accept = 0
GPT :      80.812883 s : Trajectory 753: plaquette = 0.071726, dH = +9.7744e-01, accept = 0
GPT :      80.913567 s : Trajectory 754: plaquette = 0.071726, dH = +7.5693e-01, accept = 0
GPT :      81.017897 s : Trajectory 755: plaquette = 0.071726, dH = +6.2584e-01, accept = 0
GPT :      81.119049 s : Trajectory 756: plaquette = 0.071726, dH = +8.0115e-01, accept = 0
GPT :      81.221352 s : Trajectory 757: plaquette = 0.064550, dH = -2.5130e-01, accept = 1
GPT :      81.325830 s : Trajectory 758: plaquette = 0.057011, dH = +8.3974e-01, accept = 1
GPT :      81.427235 s : Trajectory 759: plaquette = 0.058693, dH = +1.4646e-01, accept = 1
GPT :      81.526223 s : Trajectory 760: plaquette = 0.058693, dH = +2.0862e+00, accept = 0
GPT :      81.628457 s : Trajectory 761: plaquette = 0.057573, dH = +9.5592e-01, accept = 1
GPT :      81.729584 s : Trajectory 762: plaquette = 0.057573, dH = +9.1641e-01, accept = 0
GPT :      81.832891 s : Trajectory 763: plaquette = 0.056624, dH = +3.6285e-01, accept = 1
GPT :      81.935777 s : Trajectory 764: plaquette = 0.063846, dH = -1.2144e+00, accept = 1
GPT :      82.034337 s : Trajectory 765: plaquette = 0.063926, dH = -5.3689e-01, accept = 1
GPT :      82.134875 s : Trajectory 766: plaquette = 0.067943, dH = +7.4231e-01, accept = 1
GPT :      82.235993 s : Trajectory 767: plaquette = 0.067943, dH = +2.6923e-01, accept = 0
GPT :      82.337171 s : Trajectory 768: plaquette = 0.067943, dH = +1.0404e+00, accept = 0
GPT :      82.438367 s : Trajectory 769: plaquette = 0.056643, dH = -1.2824e-01, accept = 1
GPT :      82.539923 s : Trajectory 770: plaquette = 0.054061, dH = -5.6694e-01, accept = 1
GPT :      82.639136 s : Trajectory 771: plaquette = 0.066376, dH = -1.3660e-01, accept = 1
GPT :      82.742557 s : Trajectory 772: plaquette = 0.066655, dH = +4.5251e-03, accept = 1
GPT :      82.842482 s : Trajectory 773: plaquette = 0.047636, dH = +1.0013e-01, accept = 1
GPT :      82.943939 s : Trajectory 774: plaquette = 0.051791, dH = -4.1894e-01, accept = 1
GPT :      83.041501 s : Trajectory 775: plaquette = 0.051791, dH = +2.4418e-01, accept = 0
GPT :      83.150303 s : Trajectory 776: plaquette = 0.061675, dH = -8.5723e-01, accept = 1
GPT :      83.251977 s : Trajectory 777: plaquette = 0.061036, dH = +6.6690e-01, accept = 1
GPT :      83.357465 s : Trajectory 778: plaquette = 0.051194, dH = +4.7543e-02, accept = 1
GPT :      83.465364 s : Trajectory 779: plaquette = 0.066263, dH = -1.2902e-02, accept = 1
GPT :      83.566316 s : Trajectory 780: plaquette = 0.053179, dH = -4.9394e-01, accept = 1
GPT :      83.666642 s : Trajectory 781: plaquette = 0.053238, dH = +4.7084e-01, accept = 1
GPT :      83.774357 s : Trajectory 782: plaquette = 0.061955, dH = -2.4315e-01, accept = 1
GPT :      83.877073 s : Trajectory 783: plaquette = 0.049372, dH = +3.6675e-01, accept = 1
GPT :      83.978581 s : Trajectory 784: plaquette = 0.057592, dH = -5.0487e-01, accept = 1
GPT :      84.079127 s : Trajectory 785: plaquette = 0.056940, dH = +3.2539e-01, accept = 1
GPT :      84.183091 s : Trajectory 786: plaquette = 0.053245, dH = -1.3476e+00, accept = 1
GPT :      84.285453 s : Trajectory 787: plaquette = 0.059364, dH = -1.9466e-01, accept = 1
GPT :      84.386776 s : Trajectory 788: plaquette = 0.059364, dH = +5.0354e-01, accept = 0
GPT :      84.481961 s : Trajectory 789: plaquette = 0.059364, dH = +2.1842e-01, accept = 0
GPT :      84.587984 s : Trajectory 790: plaquette = 0.053582, dH = +2.1559e-01, accept = 1
GPT :      84.688719 s : Trajectory 791: plaquette = 0.054165, dH = -5.3156e-01, accept = 1
GPT :      84.791714 s : Trajectory 792: plaquette = 0.065421, dH = -8.9808e-02, accept = 1
GPT :      84.898658 s : Trajectory 793: plaquette = 0.063090, dH = +2.9414e-01, accept = 1
GPT :      85.001157 s : Trajectory 794: plaquette = 0.061809, dH = +3.2254e-01, accept = 1
GPT :      85.106186 s : Trajectory 795: plaquette = 0.061809, dH = +5.9272e-01, accept = 0
GPT :      85.205771 s : Trajectory 796: plaquette = 0.053115, dH = +2.4134e-01, accept = 1
GPT :      85.305485 s : Trajectory 797: plaquette = 0.060218, dH = -1.0659e+00, accept = 1
GPT :      85.409009 s : Trajectory 798: plaquette = 0.057883, dH = +1.1397e+00, accept = 1
GPT :      85.507734 s : Trajectory 799: plaquette = 0.065872, dH = -2.1871e-01, accept = 1
GPT :      85.610342 s : Trajectory 800: plaquette = 0.065872, dH = +1.8608e+00, accept = 0
GPT :      85.714993 s : Trajectory 801: plaquette = 0.054655, dH = +6.9083e-01, accept = 1
GPT :      85.821592 s : Trajectory 802: plaquette = 0.057629, dH = +7.3987e-01, accept = 1
GPT :      85.926871 s : Trajectory 803: plaquette = 0.054640, dH = -6.9207e-01, accept = 1
GPT :      86.031610 s : Trajectory 804: plaquette = 0.060803, dH = -8.2545e-01, accept = 1
GPT :      86.133848 s : Trajectory 805: plaquette = 0.060636, dH = +3.1389e-01, accept = 1
GPT :      86.235925 s : Trajectory 806: plaquette = 0.062258, dH = +4.4522e-01, accept = 1
GPT :      86.335763 s : Trajectory 807: plaquette = 0.062258, dH = +1.2621e+00, accept = 0
GPT :      86.438191 s : Trajectory 808: plaquette = 0.060338, dH = +6.9016e-01, accept = 1
GPT :      86.545708 s : Trajectory 809: plaquette = 0.058067, dH = -6.8663e-01, accept = 1
GPT :      86.651346 s : Trajectory 810: plaquette = 0.066593, dH = +1.7254e-01, accept = 1
GPT :      86.757960 s : Trajectory 811: plaquette = 0.066593, dH = +1.4577e+00, accept = 0
GPT :      86.862410 s : Trajectory 812: plaquette = 0.066593, dH = +9.7143e-01, accept = 0
GPT :      86.959926 s : Trajectory 813: plaquette = 0.047546, dH = +8.3936e-01, accept = 1
GPT :      87.056307 s : Trajectory 814: plaquette = 0.067965, dH = -1.1877e+00, accept = 1
GPT :      87.161464 s : Trajectory 815: plaquette = 0.057105, dH = -3.5140e-01, accept = 1
GPT :      87.269892 s : Trajectory 816: plaquette = 0.057105, dH = +5.6848e-01, accept = 0
GPT :      87.373858 s : Trajectory 817: plaquette = 0.054749, dH = +8.1801e-01, accept = 1
GPT :      87.484196 s : Trajectory 818: plaquette = 0.054749, dH = +1.5857e+00, accept = 0
GPT :      87.583184 s : Trajectory 819: plaquette = 0.053491, dH = +1.4921e-01, accept = 1
GPT :      87.684006 s : Trajectory 820: plaquette = 0.065555, dH = -9.2015e-01, accept = 1
GPT :      87.783283 s : Trajectory 821: plaquette = 0.067622, dH = -5.8957e-02, accept = 1
GPT :      87.884872 s : Trajectory 822: plaquette = 0.054638, dH = -9.4611e-01, accept = 1
GPT :      87.993564 s : Trajectory 823: plaquette = 0.054638, dH = +3.5173e-01, accept = 0
GPT :      88.094588 s : Trajectory 824: plaquette = 0.058753, dH = -4.6609e-01, accept = 1
GPT :      88.194849 s : Trajectory 825: plaquette = 0.058753, dH = +1.0640e+00, accept = 0
GPT :      88.293436 s : Trajectory 826: plaquette = 0.050361, dH = +1.3575e-01, accept = 1
GPT :      88.396756 s : Trajectory 827: plaquette = 0.050361, dH = +4.1420e-01, accept = 0
GPT :      88.501725 s : Trajectory 828: plaquette = 0.050361, dH = +1.3602e-01, accept = 0
GPT :      88.599598 s : Trajectory 829: plaquette = 0.056575, dH = -5.2289e-01, accept = 1
GPT :      88.697034 s : Trajectory 830: plaquette = 0.049296, dH = +6.7980e-01, accept = 1
GPT :      88.797919 s : Trajectory 831: plaquette = 0.065150, dH = -7.9170e-01, accept = 1
GPT :      88.903326 s : Trajectory 832: plaquette = 0.061137, dH = +1.1822e+00, accept = 1
GPT :      88.999210 s : Trajectory 833: plaquette = 0.061137, dH = +1.0757e+00, accept = 0
GPT :      89.101780 s : Trajectory 834: plaquette = 0.061137, dH = +1.7831e+00, accept = 0
GPT :      89.195168 s : Trajectory 835: plaquette = 0.061498, dH = -5.2920e-01, accept = 1
GPT :      89.299620 s : Trajectory 836: plaquette = 0.061608, dH = +7.1890e-01, accept = 1
GPT :      89.405094 s : Trajectory 837: plaquette = 0.063513, dH = -8.8588e-01, accept = 1
GPT :      89.511691 s : Trajectory 838: plaquette = 0.062968, dH = +2.4650e-02, accept = 1
GPT :      89.615531 s : Trajectory 839: plaquette = 0.062968, dH = +7.6950e-01, accept = 0
GPT :      89.718441 s : Trajectory 840: plaquette = 0.062968, dH = +1.2450e+00, accept = 0
GPT :      89.819670 s : Trajectory 841: plaquette = 0.051125, dH = +3.8009e-01, accept = 1
GPT :      89.921542 s : Trajectory 842: plaquette = 0.051688, dH = +2.0705e-01, accept = 1
GPT :      90.024349 s : Trajectory 843: plaquette = 0.051688, dH = +6.3529e-01, accept = 0
GPT :      90.125748 s : Trajectory 844: plaquette = 0.072088, dH = -2.0640e-01, accept = 1
GPT :      90.225117 s : Trajectory 845: plaquette = 0.072088, dH = +9.9533e-01, accept = 0
GPT :      90.327245 s : Trajectory 846: plaquette = 0.072088, dH = +7.3167e-01, accept = 0
GPT :      90.415878 s : Trajectory 847: plaquette = 0.045742, dH = +8.5138e-02, accept = 1
GPT :      90.514536 s : Trajectory 848: plaquette = 0.051285, dH = -4.8592e-02, accept = 1
GPT :      90.617850 s : Trajectory 849: plaquette = 0.045729, dH = -5.5072e-01, accept = 1
GPT :      90.728487 s : Trajectory 850: plaquette = 0.055091, dH = -5.8327e-01, accept = 1
GPT :      90.832743 s : Trajectory 851: plaquette = 0.066660, dH = -5.3963e-01, accept = 1
GPT :      90.935813 s : Trajectory 852: plaquette = 0.066347, dH = -6.7920e-01, accept = 1
GPT :      91.034603 s : Trajectory 853: plaquette = 0.066347, dH = +1.3361e+00, accept = 0
GPT :      91.135929 s : Trajectory 854: plaquette = 0.066347, dH = +1.2379e+00, accept = 0
GPT :      91.233842 s : Trajectory 855: plaquette = 0.052300, dH = +2.5695e-02, accept = 1
GPT :      91.339249 s : Trajectory 856: plaquette = 0.047643, dH = -6.1156e-01, accept = 1
GPT :      91.438701 s : Trajectory 857: plaquette = 0.062478, dH = +1.9132e-01, accept = 1
GPT :      91.539471 s : Trajectory 858: plaquette = 0.065227, dH = -6.8596e-01, accept = 1
GPT :      91.649389 s : Trajectory 859: plaquette = 0.065227, dH = +7.9815e-01, accept = 0
GPT :      91.746764 s : Trajectory 860: plaquette = 0.065227, dH = +1.4993e+00, accept = 0
GPT :      91.844023 s : Trajectory 861: plaquette = 0.065073, dH = +6.4636e-01, accept = 1
GPT :      91.943188 s : Trajectory 862: plaquette = 0.059518, dH = -2.3805e-01, accept = 1
GPT :      92.043287 s : Trajectory 863: plaquette = 0.062026, dH = -8.2171e-01, accept = 1
GPT :      92.152953 s : Trajectory 864: plaquette = 0.062026, dH = +6.2675e-01, accept = 0
GPT :      92.282863 s : Trajectory 865: plaquette = 0.068363, dH = -4.1988e-01, accept = 1
GPT :      92.408968 s : Trajectory 866: plaquette = 0.070689, dH = -8.9082e-01, accept = 1
GPT :      92.509399 s : Trajectory 867: plaquette = 0.070689, dH = +4.0856e-01, accept = 0
GPT :      92.613319 s : Trajectory 868: plaquette = 0.070689, dH = +4.2014e-01, accept = 0
GPT :      92.716640 s : Trajectory 869: plaquette = 0.060156, dH = -3.0025e-01, accept = 1
GPT :      92.822766 s : Trajectory 870: plaquette = 0.056854, dH = +4.8395e-01, accept = 1
GPT :      92.918902 s : Trajectory 871: plaquette = 0.056854, dH = +4.6888e-01, accept = 0
GPT :      93.013921 s : Trajectory 872: plaquette = 0.068408, dH = -6.1264e-01, accept = 1
GPT :      93.113867 s : Trajectory 873: plaquette = 0.068408, dH = +1.7348e+00, accept = 0
GPT :      93.212696 s : Trajectory 874: plaquette = 0.068408, dH = +5.2516e-01, accept = 0
GPT :      93.316625 s : Trajectory 875: plaquette = 0.068408, dH = +1.0850e+00, accept = 0
GPT :      93.417173 s : Trajectory 876: plaquette = 0.068408, dH = +8.5643e-01, accept = 0
GPT :      93.516223 s : Trajectory 877: plaquette = 0.070962, dH = -7.5997e-01, accept = 1
GPT :      93.621146 s : Trajectory 878: plaquette = 0.069072, dH = -1.0872e-01, accept = 1
GPT :      93.738177 s : Trajectory 879: plaquette = 0.069072, dH = +4.5605e-01, accept = 0
GPT :      93.866751 s : Trajectory 880: plaquette = 0.070611, dH = +4.5453e-02, accept = 1
GPT :      93.973394 s : Trajectory 881: plaquette = 0.056706, dH = +6.8273e-01, accept = 1
GPT :      94.074104 s : Trajectory 882: plaquette = 0.056405, dH = -3.1253e-01, accept = 1
GPT :      94.175001 s : Trajectory 883: plaquette = 0.050989, dH = -3.6379e-02, accept = 1
GPT :      94.273571 s : Trajectory 884: plaquette = 0.058797, dH = -5.0658e-01, accept = 1
GPT :      94.373999 s : Trajectory 885: plaquette = 0.055145, dH = +4.0938e-01, accept = 1
GPT :      94.474499 s : Trajectory 886: plaquette = 0.055145, dH = +4.1228e-01, accept = 0
GPT :      94.574173 s : Trajectory 887: plaquette = 0.065366, dH = -5.6249e-02, accept = 1
GPT :      94.676537 s : Trajectory 888: plaquette = 0.065366, dH = +1.0934e+00, accept = 0
GPT :      94.781431 s : Trajectory 889: plaquette = 0.065366, dH = +9.7023e-01, accept = 0
GPT :      94.887762 s : Trajectory 890: plaquette = 0.058064, dH = +7.5652e-01, accept = 1
GPT :      94.986862 s : Trajectory 891: plaquette = 0.052022, dH = -3.6459e-01, accept = 1
GPT :      95.083849 s : Trajectory 892: plaquette = 0.057914, dH = -2.7539e-01, accept = 1
GPT :      95.182388 s : Trajectory 893: plaquette = 0.058228, dH = -4.4885e-01, accept = 1
GPT :      95.281369 s : Trajectory 894: plaquette = 0.058228, dH = +9.8271e-01, accept = 0
GPT :      95.378949 s : Trajectory 895: plaquette = 0.063956, dH = -1.1214e+00, accept = 1
GPT :      95.478893 s : Trajectory 896: plaquette = 0.055603, dH = +1.6037e-01, accept = 1
GPT :      95.579617 s : Trajectory 897: plaquette = 0.076062, dH = -9.3185e-01, accept = 1
GPT :      95.707599 s : Trajectory 898: plaquette = 0.076062, dH = +7.5188e-01, accept = 0
GPT :      95.812710 s : Trajectory 899: plaquette = 0.062956, dH = +1.1646e+00, accept = 1
GPT :      95.914388 s : Trajectory 900: plaquette = 0.053301, dH = +7.3557e-01, accept = 1
GPT :      96.026857 s : Trajectory 901: plaquette = 0.050492, dH = +7.6360e-01, accept = 1
GPT :      96.129431 s : Trajectory 902: plaquette = 0.055591, dH = -4.4152e-01, accept = 1
GPT :      96.229128 s : Trajectory 903: plaquette = 0.056925, dH = +3.9807e-01, accept = 1
GPT :      96.323481 s : Trajectory 904: plaquette = 0.059580, dH = +2.9419e-01, accept = 1
GPT :      96.413765 s : Trajectory 905: plaquette = 0.061634, dH = +4.7472e-01, accept = 1
GPT :      96.513564 s : Trajectory 906: plaquette = 0.066341, dH = +5.5820e-01, accept = 1
GPT :      96.616908 s : Trajectory 907: plaquette = 0.066341, dH = +8.6346e-01, accept = 0
GPT :      96.715179 s : Trajectory 908: plaquette = 0.066341, dH = +5.8590e-01, accept = 0
GPT :      96.814277 s : Trajectory 909: plaquette = 0.066781, dH = +2.0690e-01, accept = 1
GPT :      96.918576 s : Trajectory 910: plaquette = 0.050450, dH = +5.8508e-01, accept = 1
GPT :      97.023794 s : Trajectory 911: plaquette = 0.069039, dH = -1.0182e+00, accept = 1
GPT :      97.123853 s : Trajectory 912: plaquette = 0.069039, dH = +2.0366e+00, accept = 0
GPT :      97.222007 s : Trajectory 913: plaquette = 0.069039, dH = +7.3444e-01, accept = 0
GPT :      97.320052 s : Trajectory 914: plaquette = 0.069039, dH = +7.5027e-01, accept = 0
GPT :      97.424898 s : Trajectory 915: plaquette = 0.069039, dH = +6.6773e-01, accept = 0
GPT :      97.526782 s : Trajectory 916: plaquette = 0.056732, dH = +3.9842e-01, accept = 1
GPT :      97.628684 s : Trajectory 917: plaquette = 0.055980, dH = +1.7385e-02, accept = 1
GPT :      97.733882 s : Trajectory 918: plaquette = 0.058812, dH = -6.6559e-01, accept = 1
GPT :      97.833044 s : Trajectory 919: plaquette = 0.052415, dH = +5.6073e-01, accept = 1
GPT :      97.935882 s : Trajectory 920: plaquette = 0.058417, dH = -3.2459e-01, accept = 1
GPT :      98.037384 s : Trajectory 921: plaquette = 0.056094, dH = +2.5234e-01, accept = 1
GPT :      98.142318 s : Trajectory 922: plaquette = 0.056094, dH = +6.3246e-01, accept = 0
GPT :      98.245976 s : Trajectory 923: plaquette = 0.064930, dH = -7.2535e-01, accept = 1
GPT :      98.349163 s : Trajectory 924: plaquette = 0.057888, dH = +8.8096e-01, accept = 1
GPT :      98.453085 s : Trajectory 925: plaquette = 0.060379, dH = +1.9243e-01, accept = 1
GPT :      98.558373 s : Trajectory 926: plaquette = 0.062839, dH = +7.6047e-01, accept = 1
GPT :      98.660121 s : Trajectory 927: plaquette = 0.062839, dH = +4.9121e-01, accept = 0
GPT :      98.763599 s : Trajectory 928: plaquette = 0.054264, dH = +1.6292e-01, accept = 1
GPT :      98.864698 s : Trajectory 929: plaquette = 0.051163, dH = -2.5025e-01, accept = 1
GPT :      98.964016 s : Trajectory 930: plaquette = 0.061485, dH = +3.8483e-01, accept = 1
GPT :      99.064159 s : Trajectory 931: plaquette = 0.061818, dH = +2.3857e-01, accept = 1
GPT :      99.164691 s : Trajectory 932: plaquette = 0.059074, dH = +3.4165e-01, accept = 1
GPT :      99.269448 s : Trajectory 933: plaquette = 0.059766, dH = +3.1460e-01, accept = 1
GPT :      99.374700 s : Trajectory 934: plaquette = 0.059766, dH = +4.9616e-01, accept = 0
GPT :      99.476725 s : Trajectory 935: plaquette = 0.053007, dH = +6.6956e-01, accept = 1
GPT :      99.577406 s : Trajectory 936: plaquette = 0.053007, dH = +5.4972e-01, accept = 0
GPT :      99.675652 s : Trajectory 937: plaquette = 0.047369, dH = +4.1032e-01, accept = 1
GPT :      99.774396 s : Trajectory 938: plaquette = 0.059413, dH = -9.2496e-01, accept = 1
GPT :      99.874210 s : Trajectory 939: plaquette = 0.059413, dH = +1.8216e+00, accept = 0
GPT :      99.974909 s : Trajectory 940: plaquette = 0.049512, dH = +1.3045e-01, accept = 1
GPT :     100.075401 s : Trajectory 941: plaquette = 0.054565, dH = -5.5435e-02, accept = 1
GPT :     100.182715 s : Trajectory 942: plaquette = 0.054565, dH = +6.0746e-01, accept = 0
GPT :     100.282347 s : Trajectory 943: plaquette = 0.054565, dH = +6.3475e-01, accept = 0
GPT :     100.383742 s : Trajectory 944: plaquette = 0.054565, dH = +5.3881e-01, accept = 0
GPT :     100.484546 s : Trajectory 945: plaquette = 0.063559, dH = -1.7756e-01, accept = 1
GPT :     100.587875 s : Trajectory 946: plaquette = 0.060005, dH = +2.7122e-02, accept = 1
GPT :     100.696163 s : Trajectory 947: plaquette = 0.057010, dH = +6.5443e-01, accept = 1
GPT :     100.806267 s : Trajectory 948: plaquette = 0.059334, dH = +4.8685e-01, accept = 1
GPT :     100.907258 s : Trajectory 949: plaquette = 0.058953, dH = -5.8416e-02, accept = 1
GPT :     101.007631 s : Trajectory 950: plaquette = 0.057822, dH = +9.7904e-01, accept = 1
GPT :     101.109958 s : Trajectory 951: plaquette = 0.064635, dH = +2.9350e-02, accept = 1
GPT :     101.211272 s : Trajectory 952: plaquette = 0.062252, dH = +3.1077e-01, accept = 1
GPT :     101.316200 s : Trajectory 953: plaquette = 0.059243, dH = -2.8817e-01, accept = 1
GPT :     101.416196 s : Trajectory 954: plaquette = 0.051961, dH = -4.7876e-02, accept = 1
GPT :     101.517072 s : Trajectory 955: plaquette = 0.063718, dH = -6.3637e-01, accept = 1
GPT :     101.617881 s : Trajectory 956: plaquette = 0.063718, dH = +4.2495e-01, accept = 0
GPT :     101.715959 s : Trajectory 957: plaquette = 0.056319, dH = +4.7845e-02, accept = 1
GPT :     101.814467 s : Trajectory 958: plaquette = 0.054546, dH = -1.8729e-01, accept = 1
GPT :     101.916224 s : Trajectory 959: plaquette = 0.046201, dH = +2.3881e-01, accept = 1
GPT :     102.015350 s : Trajectory 960: plaquette = 0.046201, dH = +5.0991e-01, accept = 0
GPT :     102.115058 s : Trajectory 961: plaquette = 0.051287, dH = -6.3425e-01, accept = 1
GPT :     102.218319 s : Trajectory 962: plaquette = 0.061195, dH = -3.5124e-01, accept = 1
GPT :     102.335282 s : Trajectory 963: plaquette = 0.057064, dH = +5.7625e-01, accept = 1
GPT :     102.440243 s : Trajectory 964: plaquette = 0.068104, dH = -5.9625e-01, accept = 1
GPT :     102.546811 s : Trajectory 965: plaquette = 0.069086, dH = -2.6948e-02, accept = 1
GPT :     102.652568 s : Trajectory 966: plaquette = 0.069086, dH = +1.4095e+00, accept = 0
GPT :     102.758508 s : Trajectory 967: plaquette = 0.066646, dH = +2.5893e-01, accept = 1
GPT :     102.862626 s : Trajectory 968: plaquette = 0.062071, dH = +1.2540e-01, accept = 1
GPT :     102.967596 s : Trajectory 969: plaquette = 0.062071, dH = +7.7890e-01, accept = 0
GPT :     103.072970 s : Trajectory 970: plaquette = 0.062071, dH = +9.5010e-01, accept = 0
GPT :     103.176133 s : Trajectory 971: plaquette = 0.061889, dH = +6.6750e-01, accept = 1
GPT :     103.280569 s : Trajectory 972: plaquette = 0.063579, dH = +1.0260e-02, accept = 1
GPT :     103.384192 s : Trajectory 973: plaquette = 0.066260, dH = -1.2636e-01, accept = 1
GPT :     103.489191 s : Trajectory 974: plaquette = 0.056966, dH = +4.5862e-01, accept = 1
GPT :     103.592850 s : Trajectory 975: plaquette = 0.068286, dH = +4.9144e-02, accept = 1
GPT :     103.694787 s : Trajectory 976: plaquette = 0.058071, dH = +2.1223e-01, accept = 1
GPT :     103.798363 s : Trajectory 977: plaquette = 0.058071, dH = +7.6340e-01, accept = 0
GPT :     103.900244 s : Trajectory 978: plaquette = 0.058071, dH = +3.5798e-01, accept = 0
GPT :     104.001674 s : Trajectory 979: plaquette = 0.058071, dH = +5.8808e-01, accept = 0
GPT :     104.104598 s : Trajectory 980: plaquette = 0.054989, dH = -8.7370e-01, accept = 1
GPT :     104.207123 s : Trajectory 981: plaquette = 0.054989, dH = +3.8146e-02, accept = 0
GPT :     104.309416 s : Trajectory 982: plaquette = 0.054317, dH = -8.4328e-03, accept = 1
GPT :     104.411204 s : Trajectory 983: plaquette = 0.054317, dH = +8.6033e-01, accept = 0
GPT :     104.515618 s : Trajectory 984: plaquette = 0.067637, dH = -6.7256e-01, accept = 1
GPT :     104.611028 s : Trajectory 985: plaquette = 0.061509, dH = +4.1159e-02, accept = 1
GPT :     104.709239 s : Trajectory 986: plaquette = 0.060759, dH = +7.0250e-01, accept = 1
GPT :     104.809471 s : Trajectory 987: plaquette = 0.062202, dH = +8.3222e-04, accept = 1
GPT :     104.911179 s : Trajectory 988: plaquette = 0.063528, dH = -4.5966e-03, accept = 1
GPT :     105.011604 s : Trajectory 989: plaquette = 0.069894, dH = -1.3073e+00, accept = 1
GPT :     105.119863 s : Trajectory 990: plaquette = 0.053093, dH = +1.5755e-01, accept = 1
GPT :     105.220983 s : Trajectory 991: plaquette = 0.044679, dH = +5.1139e-02, accept = 1
GPT :     105.322131 s : Trajectory 992: plaquette = 0.062687, dH = -5.6040e-01, accept = 1
GPT :     105.423261 s : Trajectory 993: plaquette = 0.060823, dH = +4.0953e-01, accept = 1
GPT :     105.532057 s : Trajectory 994: plaquette = 0.060823, dH = +3.3208e-01, accept = 0
GPT :     105.637433 s : Trajectory 995: plaquette = 0.059046, dH = -3.8870e-01, accept = 1
GPT :     105.741663 s : Trajectory 996: plaquette = 0.054693, dH = +3.7812e-01, accept = 1
GPT :     105.845996 s : Trajectory 997: plaquette = 0.054693, dH = +5.0732e-01, accept = 0
GPT :     105.950406 s : Trajectory 998: plaquette = 0.060927, dH = -9.7221e-01, accept = 1
GPT :     106.048552 s : Trajectory 999: plaquette = 0.066348, dH = -5.2103e-01, accept = 1
GPT :     106.048857 s : ======================================================================
GPT :     106.048868 s : Trajectories        = 1000
GPT :     106.048875 s : Wall-clock time     = 100.9 s total, 0.10 s / trajectory
GPT :     106.048916 s : Acceptance rate     = 0.74
GPT :     106.048939 s : <|dH|>              = 5.4328e-01
GPT :     106.048977 s : <plaquette>         = 0.059908 (naive err 0.000207)
GPT :     106.048988 s : <1 - plaquette>     = 0.940092  (paper Table I convention)
=============================================
               Finalized GPT                 
=============================================
Grid : Message : 105.891559 s : *******************************************
Grid : Message : 105.891565 s : ******* Grid Finalize                ******
Grid : Message : 105.891568 s : *******************************************
