SharedMemoryNone: SharedMemoryAllocate 1073741824 GPU implementation 
0SharedMemoryNone:  SharedMemoryNone.cc acceleratorAllocDevice 1073741824bytes at 0x300000000 for comms buffers 

__|__|__|__|__|__|__|__|__|__|__|__|__|__|__
__|__|__|__|__|__|__|__|__|__|__|__|__|__|__
__|_ |  |  |  |  |  |  |  |  |  |  |  | _|__
__|_                                    _|__
__|_   GGGG    RRRR    III    DDDD      _|__
__|_  G        R   R    I     D   D     _|__
__|_  G        R   R    I     D    D    _|__
__|_  G  GG    RRRR     I     D    D    _|__
__|_  G   G    R  R     I     D   D     _|__
__|_   GGGG    R   R   III    DDDD      _|__
__|_                                    _|__
__|__|__|__|__|__|__|__|__|__|__|__|__|__|__
__|__|__|__|__|__|__|__|__|__|__|__|__|__|__
  |  |  |  |  |  |  |  |  |  |  |  |  |  |  


Copyright (C) 2015 Peter Boyle, Azusa Yamaguchi, Guido Cossu, Antonin Portelli and other authors

This program is free software; you can redistribute it and/or modify
it under the terms of the GNU General Public License as published by
the Free Software Foundation; either version 2 of the License, or
(at your option) any later version.

This program is distributed in the hope that it will be useful,
but WITHOUT ANY WARRANTY; without even the implied warranty of
MERCHANTABILITY or FITNESS FOR A PARTICULAR PURPOSE.  See the
GNU General Public License for more details.
Current Grid git commit hash=e138258129faed5cb12fc0e5bbf829f69c6a2a3d: (HEAD -> feature/gpt, origin/feature/gpt, origin/HEAD) uncommited changes

Grid : Message : ================================================ 
Grid : Message : MPI is initialised and logging filters activated 
Grid : Message : ================================================ 
Grid : Message : This rank is running on host Eriks-MacBook-Pro-7.local
Grid : Message : Requested 1073741824 byte stencil comms buffers 
Grid : Message : MemoryManager::Init() setting up
Grid : Message : MemoryManager::Init() cache pool for recent host   allocations: SMALL 8 LARGE 2 HUGE 0
Grid : Message : MemoryManager::Init() cache pool for recent device allocations: SMALL 16 LARGE 8 Huge 0
Grid : Message : MemoryManager::Init() cache pool for recent shared allocations: SMALL 16 LARGE 8 Huge 0
Grid : Message : MemoryManager::Init() Unified memory space

=============================================
              Initialized GPT                
     Copyright (C) 2020 Christoph Lehner     
=============================================
GPT :       0.207590 s : Initializing gpt.random(nambu-1k-run,vectorized_ranlux24_389_64) took 0.000114918 s
GPT :       0.207632 s : 
                       : Nambu HMC Markov chain
                       :   lattice = [4, 4, 4, 4]
                       :   beta    = 1.0
                       :   c_p     = 0.75
                       :   c_r     = 1.5
                       :   lam     = 0.5  (beta_G = 0.5)
                       :   tau     = 2.0, MD steps = 6  (eps = 0.3333333333333333)
                       :   ntherm  = 50, ntraj = 1000
                       : 
GPT :       0.219755 s : Thermalizing 50 trajectories
GPT :      29.101554 s : Thermalized in 28.9 s: plaquette = 0.065706
GPT :      29.708280 s : Trajectory 0: plaquette = 0.057040, dH = -9.7748e-02, accept = 1
GPT :      30.332953 s : Trajectory 1: plaquette = 0.063449, dH = -3.9126e-01, accept = 1
GPT :      30.932732 s : Trajectory 2: plaquette = 0.066548, dH = -7.0287e-01, accept = 1
GPT :      31.538682 s : Trajectory 3: plaquette = 0.059924, dH = +5.8305e-01, accept = 1
GPT :      32.144662 s : Trajectory 4: plaquette = 0.059118, dH = -5.9372e-02, accept = 1
GPT :      32.777781 s : Trajectory 5: plaquette = 0.052548, dH = -6.2395e-01, accept = 1
GPT :      33.383763 s : Trajectory 6: plaquette = 0.055205, dH = -2.8402e-01, accept = 1
GPT :      33.991424 s : Trajectory 7: plaquette = 0.055457, dH = +7.4595e-03, accept = 1
GPT :      34.592589 s : Trajectory 8: plaquette = 0.055457, dH = +5.4816e-01, accept = 0
GPT :      35.182439 s : Trajectory 9: plaquette = 0.055457, dH = +3.4246e-01, accept = 0
GPT :      35.792588 s : Trajectory 10: plaquette = 0.063466, dH = -1.3263e+00, accept = 1
GPT :      36.366774 s : Trajectory 11: plaquette = 0.056360, dH = +2.5419e-01, accept = 1
GPT :      36.987034 s : Trajectory 12: plaquette = 0.048423, dH = -2.5271e-01, accept = 1
GPT :      37.586927 s : Trajectory 13: plaquette = 0.058537, dH = -8.7147e-01, accept = 1
GPT :      38.151069 s : Trajectory 14: plaquette = 0.061359, dH = +5.1179e-01, accept = 1
GPT :      38.752186 s : Trajectory 15: plaquette = 0.064253, dH = +2.4164e-01, accept = 1
GPT :      39.309488 s : Trajectory 16: plaquette = 0.064253, dH = +9.2613e-01, accept = 0
GPT :      39.897251 s : Trajectory 17: plaquette = 0.064253, dH = +3.3303e-01, accept = 0
GPT :      40.474532 s : Trajectory 18: plaquette = 0.062260, dH = +4.2843e-01, accept = 1
GPT :      41.054211 s : Trajectory 19: plaquette = 0.066486, dH = -7.5603e-01, accept = 1
GPT :      41.640318 s : Trajectory 20: plaquette = 0.066486, dH = +1.1980e+00, accept = 0
GPT :      42.230042 s : Trajectory 21: plaquette = 0.067089, dH = +1.0296e+00, accept = 1
GPT :      42.811991 s : Trajectory 22: plaquette = 0.067089, dH = +1.0569e+00, accept = 0
GPT :      43.395906 s : Trajectory 23: plaquette = 0.066974, dH = -3.0484e-01, accept = 1
GPT :      43.977969 s : Trajectory 24: plaquette = 0.066974, dH = +1.0715e+00, accept = 0
GPT :      44.554467 s : Trajectory 25: plaquette = 0.065371, dH = -2.2165e-01, accept = 1
GPT :      45.144868 s : Trajectory 26: plaquette = 0.042390, dH = +1.8858e+00, accept = 1
GPT :      45.736451 s : Trajectory 27: plaquette = 0.054037, dH = +7.4817e-02, accept = 1
GPT :      46.321254 s : Trajectory 28: plaquette = 0.063322, dH = -1.9554e-01, accept = 1
GPT :      46.911013 s : Trajectory 29: plaquette = 0.050622, dH = +1.9025e-01, accept = 1
GPT :      47.491106 s : Trajectory 30: plaquette = 0.059829, dH = -1.3068e-03, accept = 1
GPT :      48.071142 s : Trajectory 31: plaquette = 0.068814, dH = -5.1620e-01, accept = 1
GPT :      48.655573 s : Trajectory 32: plaquette = 0.056979, dH = -1.1571e-01, accept = 1
GPT :      49.233679 s : Trajectory 33: plaquette = 0.063318, dH = -1.3214e+00, accept = 1
GPT :      49.818751 s : Trajectory 34: plaquette = 0.060580, dH = -8.6123e-01, accept = 1
GPT :      50.409482 s : Trajectory 35: plaquette = 0.059376, dH = -5.1108e-01, accept = 1
GPT :      51.003417 s : Trajectory 36: plaquette = 0.065511, dH = +5.6599e-01, accept = 1
GPT :      51.581161 s : Trajectory 37: plaquette = 0.056978, dH = -2.6913e-01, accept = 1
GPT :      52.158917 s : Trajectory 38: plaquette = 0.056029, dH = +2.3706e-01, accept = 1
GPT :      52.746088 s : Trajectory 39: plaquette = 0.061503, dH = -1.1907e-01, accept = 1
GPT :      53.358759 s : Trajectory 40: plaquette = 0.074189, dH = -1.0682e+00, accept = 1
GPT :      53.954741 s : Trajectory 41: plaquette = 0.056647, dH = +4.3842e-01, accept = 1
GPT :      54.543563 s : Trajectory 42: plaquette = 0.061427, dH = -3.5457e-01, accept = 1
GPT :      55.125849 s : Trajectory 43: plaquette = 0.061427, dH = +5.2691e-01, accept = 0
GPT :      55.716321 s : Trajectory 44: plaquette = 0.056765, dH = +7.8420e-01, accept = 1
GPT :      56.300528 s : Trajectory 45: plaquette = 0.059083, dH = +5.0064e-01, accept = 1
GPT :      56.893045 s : Trajectory 46: plaquette = 0.061035, dH = +9.2127e-02, accept = 1
GPT :      57.483377 s : Trajectory 47: plaquette = 0.045886, dH = +7.1454e-01, accept = 1
GPT :      58.090420 s : Trajectory 48: plaquette = 0.055838, dH = -5.6879e-02, accept = 1
GPT :      58.670855 s : Trajectory 49: plaquette = 0.065570, dH = -6.6293e-02, accept = 1
GPT :      59.256564 s : Trajectory 50: plaquette = 0.072087, dH = -6.2869e-01, accept = 1
GPT :      59.844907 s : Trajectory 51: plaquette = 0.072087, dH = +1.4908e+00, accept = 0
GPT :      60.438234 s : Trajectory 52: plaquette = 0.054658, dH = +1.5927e+00, accept = 1
GPT :      61.040183 s : Trajectory 53: plaquette = 0.049160, dH = -4.7444e-03, accept = 1
GPT :      61.628939 s : Trajectory 54: plaquette = 0.049223, dH = -8.2230e-02, accept = 1
GPT :      62.216839 s : Trajectory 55: plaquette = 0.050334, dH = +1.7765e-01, accept = 1
GPT :      62.802493 s : Trajectory 56: plaquette = 0.052538, dH = -6.9526e-01, accept = 1
GPT :      63.390128 s : Trajectory 57: plaquette = 0.052538, dH = +1.0189e+00, accept = 0
GPT :      63.996742 s : Trajectory 58: plaquette = 0.062326, dH = -3.3988e-01, accept = 1
GPT :      64.587842 s : Trajectory 59: plaquette = 0.075923, dH = -7.0604e-02, accept = 1
GPT :      65.184855 s : Trajectory 60: plaquette = 0.061005, dH = +7.4685e-01, accept = 1
GPT :      65.782681 s : Trajectory 61: plaquette = 0.070064, dH = +4.3769e-02, accept = 1
GPT :      66.386467 s : Trajectory 62: plaquette = 0.070064, dH = +6.1580e-01, accept = 0
GPT :      67.002399 s : Trajectory 63: plaquette = 0.070064, dH = +1.0505e+00, accept = 0
GPT :      67.618690 s : Trajectory 64: plaquette = 0.070064, dH = +4.4334e-01, accept = 0
GPT :      68.198506 s : Trajectory 65: plaquette = 0.070064, dH = +2.1275e-01, accept = 0
GPT :      68.802911 s : Trajectory 66: plaquette = 0.070064, dH = +1.1433e+00, accept = 0
GPT :      69.401482 s : Trajectory 67: plaquette = 0.070064, dH = +9.5878e-01, accept = 0
GPT :      69.972610 s : Trajectory 68: plaquette = 0.061729, dH = +3.7076e-01, accept = 1
GPT :      70.658597 s : Trajectory 69: plaquette = 0.061729, dH = +1.1424e+00, accept = 0
GPT :      71.247930 s : Trajectory 70: plaquette = 0.061468, dH = +1.2517e+00, accept = 1
GPT :      71.834764 s : Trajectory 71: plaquette = 0.057079, dH = -4.0762e-01, accept = 1
GPT :      72.436213 s : Trajectory 72: plaquette = 0.066041, dH = +4.9333e-02, accept = 1
GPT :      73.046433 s : Trajectory 73: plaquette = 0.073239, dH = -8.8005e-01, accept = 1
GPT :      73.639191 s : Trajectory 74: plaquette = 0.062567, dH = +1.3824e+00, accept = 1
GPT :      74.276876 s : Trajectory 75: plaquette = 0.062567, dH = +4.1980e-01, accept = 0
GPT :      74.896581 s : Trajectory 76: plaquette = 0.062567, dH = +1.1850e+00, accept = 0
GPT :      75.532884 s : Trajectory 77: plaquette = 0.065017, dH = -3.3517e-02, accept = 1
GPT :      76.141369 s : Trajectory 78: plaquette = 0.070490, dH = -7.6665e-01, accept = 1
GPT :      76.735233 s : Trajectory 79: plaquette = 0.070490, dH = +8.5380e-01, accept = 0
GPT :      77.320469 s : Trajectory 80: plaquette = 0.058489, dH = -4.4503e-02, accept = 1
GPT :      77.909161 s : Trajectory 81: plaquette = 0.052227, dH = +7.0451e-02, accept = 1
GPT :      78.520272 s : Trajectory 82: plaquette = 0.054507, dH = +1.3132e-01, accept = 1
GPT :      79.107862 s : Trajectory 83: plaquette = 0.054507, dH = +1.5228e+00, accept = 0
GPT :      79.736476 s : Trajectory 84: plaquette = 0.055761, dH = +5.2091e-02, accept = 1
GPT :      80.358827 s : Trajectory 85: plaquette = 0.051446, dH = +6.4267e-01, accept = 1
GPT :      80.967770 s : Trajectory 86: plaquette = 0.066553, dH = -6.7787e-01, accept = 1
GPT :      81.570979 s : Trajectory 87: plaquette = 0.048370, dH = +3.2216e-01, accept = 1
GPT :      82.162244 s : Trajectory 88: plaquette = 0.044550, dH = +3.7933e-01, accept = 1
GPT :      82.753426 s : Trajectory 89: plaquette = 0.057890, dH = -1.4004e+00, accept = 1
GPT :      83.346311 s : Trajectory 90: plaquette = 0.060972, dH = +5.7090e-02, accept = 1
GPT :      83.935105 s : Trajectory 91: plaquette = 0.052486, dH = +1.3600e-01, accept = 1
GPT :      84.525685 s : Trajectory 92: plaquette = 0.045505, dH = -3.8941e-02, accept = 1
GPT :      85.118688 s : Trajectory 93: plaquette = 0.051786, dH = +3.3742e-01, accept = 1
GPT :      85.712445 s : Trajectory 94: plaquette = 0.057485, dH = -1.2598e-01, accept = 1
GPT :      86.319476 s : Trajectory 95: plaquette = 0.062066, dH = -1.4911e+00, accept = 1
GPT :      86.931170 s : Trajectory 96: plaquette = 0.058186, dH = +2.1433e-02, accept = 1
GPT :      87.519175 s : Trajectory 97: plaquette = 0.067138, dH = +7.8253e-02, accept = 1
GPT :      88.107792 s : Trajectory 98: plaquette = 0.067138, dH = +1.1351e+00, accept = 0
GPT :      88.683733 s : Trajectory 99: plaquette = 0.059205, dH = -8.7217e-02, accept = 1
GPT :      89.288287 s : Trajectory 100: plaquette = 0.065415, dH = -1.7523e-01, accept = 1
GPT :      89.882105 s : Trajectory 101: plaquette = 0.065415, dH = +2.9252e-01, accept = 0
GPT :      90.471086 s : Trajectory 102: plaquette = 0.051571, dH = -3.3671e-02, accept = 1
GPT :      91.059449 s : Trajectory 103: plaquette = 0.060890, dH = -6.3530e-01, accept = 1
GPT :      91.654314 s : Trajectory 104: plaquette = 0.057686, dH = +2.3577e-01, accept = 1
GPT :      92.237439 s : Trajectory 105: plaquette = 0.057686, dH = +4.1482e-01, accept = 0
GPT :      92.836460 s : Trajectory 106: plaquette = 0.058049, dH = +1.0898e+00, accept = 1
GPT :      93.424476 s : Trajectory 107: plaquette = 0.058949, dH = +2.9841e-01, accept = 1
GPT :      94.076911 s : Trajectory 108: plaquette = 0.043954, dH = +1.3955e+00, accept = 1
GPT :      94.667117 s : Trajectory 109: plaquette = 0.050876, dH = -6.8537e-01, accept = 1
GPT :      95.290428 s : Trajectory 110: plaquette = 0.055442, dH = +5.7064e-02, accept = 1
GPT :      95.919370 s : Trajectory 111: plaquette = 0.052340, dH = +5.8654e-03, accept = 1
GPT :      96.484468 s : Trajectory 112: plaquette = 0.052340, dH = +5.3311e-01, accept = 0
GPT :      97.064232 s : Trajectory 113: plaquette = 0.056183, dH = +3.2374e-01, accept = 1
GPT :      97.683560 s : Trajectory 114: plaquette = 0.067262, dH = -6.0136e-01, accept = 1
GPT :      98.252020 s : Trajectory 115: plaquette = 0.067262, dH = +6.0738e-01, accept = 0
GPT :      98.834639 s : Trajectory 116: plaquette = 0.047729, dH = +3.6615e-01, accept = 1
GPT :      99.434194 s : Trajectory 117: plaquette = 0.052008, dH = +2.3020e-01, accept = 1
GPT :     100.032314 s : Trajectory 118: plaquette = 0.066399, dH = -9.5079e-01, accept = 1
GPT :     100.638379 s : Trajectory 119: plaquette = 0.056173, dH = +3.5002e-01, accept = 1
GPT :     101.237461 s : Trajectory 120: plaquette = 0.062374, dH = -1.1705e-01, accept = 1
GPT :     101.833779 s : Trajectory 121: plaquette = 0.062374, dH = +8.1722e-01, accept = 0
GPT :     102.436813 s : Trajectory 122: plaquette = 0.064291, dH = -4.1887e-01, accept = 1
GPT :     103.032854 s : Trajectory 123: plaquette = 0.061543, dH = -8.2722e-01, accept = 1
GPT :     103.616839 s : Trajectory 124: plaquette = 0.061543, dH = +8.8658e-01, accept = 0
GPT :     104.218101 s : Trajectory 125: plaquette = 0.062771, dH = +2.6913e-01, accept = 1
GPT :     104.817057 s : Trajectory 126: plaquette = 0.060485, dH = +2.8301e-01, accept = 1
GPT :     105.411413 s : Trajectory 127: plaquette = 0.060485, dH = +1.2785e+00, accept = 0
GPT :     106.016781 s : Trajectory 128: plaquette = 0.061482, dH = -9.8619e-01, accept = 1
GPT :     106.620372 s : Trajectory 129: plaquette = 0.048667, dH = +9.7718e-01, accept = 1
GPT :     107.212591 s : Trajectory 130: plaquette = 0.055456, dH = -9.9693e-02, accept = 1
GPT :     107.725251 s : Trajectory 131: plaquette = 0.057029, dH = -5.9288e-01, accept = 1
GPT :     108.120407 s : Trajectory 132: plaquette = 0.051417, dH = -5.4203e-01, accept = 1
GPT :     108.508119 s : Trajectory 133: plaquette = 0.067512, dH = -8.3286e-01, accept = 1
GPT :     108.895701 s : Trajectory 134: plaquette = 0.066585, dH = -4.5150e-02, accept = 1
GPT :     109.286729 s : Trajectory 135: plaquette = 0.066585, dH = +7.5235e-01, accept = 0
GPT :     109.674430 s : Trajectory 136: plaquette = 0.063315, dH = +4.3771e-01, accept = 1
GPT :     110.061628 s : Trajectory 137: plaquette = 0.061117, dH = +1.1287e+00, accept = 1
GPT :     110.450890 s : Trajectory 138: plaquette = 0.058988, dH = +5.8712e-01, accept = 1
GPT :     110.832362 s : Trajectory 139: plaquette = 0.056937, dH = +6.5115e-02, accept = 1
GPT :     111.222886 s : Trajectory 140: plaquette = 0.058465, dH = -5.3676e-01, accept = 1
GPT :     111.606117 s : Trajectory 141: plaquette = 0.080509, dH = -4.9531e-01, accept = 1
GPT :     111.990327 s : Trajectory 142: plaquette = 0.080509, dH = +1.7453e+00, accept = 0
GPT :     112.377930 s : Trajectory 143: plaquette = 0.065528, dH = +1.1151e+00, accept = 1
GPT :     112.766256 s : Trajectory 144: plaquette = 0.065528, dH = +1.1288e+00, accept = 0
GPT :     113.147518 s : Trajectory 145: plaquette = 0.065528, dH = +7.8369e-01, accept = 0
GPT :     113.546819 s : Trajectory 146: plaquette = 0.065089, dH = -2.6761e-01, accept = 1
GPT :     113.938957 s : Trajectory 147: plaquette = 0.046722, dH = -3.5179e-01, accept = 1
GPT :     114.334079 s : Trajectory 148: plaquette = 0.062534, dH = -1.2706e+00, accept = 1
GPT :     114.721346 s : Trajectory 149: plaquette = 0.055576, dH = -5.5944e-01, accept = 1
GPT :     115.108900 s : Trajectory 150: plaquette = 0.056097, dH = -2.0322e-01, accept = 1
GPT :     115.496565 s : Trajectory 151: plaquette = 0.060447, dH = -7.8255e-01, accept = 1
GPT :     115.884726 s : Trajectory 152: plaquette = 0.055967, dH = -4.3395e-01, accept = 1
GPT :     116.274937 s : Trajectory 153: plaquette = 0.055408, dH = +1.0251e-01, accept = 1
GPT :     116.659499 s : Trajectory 154: plaquette = 0.060169, dH = -9.5352e-01, accept = 1
GPT :     117.048093 s : Trajectory 155: plaquette = 0.069853, dH = -1.4978e+00, accept = 1
GPT :     117.431461 s : Trajectory 156: plaquette = 0.059120, dH = +5.9567e-01, accept = 1
GPT :     117.815102 s : Trajectory 157: plaquette = 0.059120, dH = +8.6474e-01, accept = 0
GPT :     118.197728 s : Trajectory 158: plaquette = 0.063733, dH = -7.8751e-03, accept = 1
GPT :     118.579809 s : Trajectory 159: plaquette = 0.066150, dH = -1.7308e-02, accept = 1
GPT :     118.973713 s : Trajectory 160: plaquette = 0.065342, dH = -2.6901e-01, accept = 1
GPT :     119.362929 s : Trajectory 161: plaquette = 0.067717, dH = -9.9820e-02, accept = 1
GPT :     119.749212 s : Trajectory 162: plaquette = 0.058413, dH = -7.8915e-01, accept = 1
GPT :     120.143383 s : Trajectory 163: plaquette = 0.058401, dH = -2.6769e-01, accept = 1
GPT :     120.539468 s : Trajectory 164: plaquette = 0.060320, dH = +8.0086e-03, accept = 1
GPT :     120.930115 s : Trajectory 165: plaquette = 0.060320, dH = +1.2790e+00, accept = 0
GPT :     121.319422 s : Trajectory 166: plaquette = 0.051376, dH = -4.7832e-01, accept = 1
GPT :     121.716595 s : Trajectory 167: plaquette = 0.051376, dH = +1.6195e-01, accept = 0
GPT :     122.117063 s : Trajectory 168: plaquette = 0.050557, dH = +7.9666e-01, accept = 1
GPT :     122.507244 s : Trajectory 169: plaquette = 0.049570, dH = +4.3717e-01, accept = 1
GPT :     122.892650 s : Trajectory 170: plaquette = 0.050227, dH = +3.2520e-01, accept = 1
GPT :     123.281643 s : Trajectory 171: plaquette = 0.066146, dH = -7.6423e-01, accept = 1
GPT :     123.674744 s : Trajectory 172: plaquette = 0.066146, dH = +1.7606e+00, accept = 0
GPT :     124.062159 s : Trajectory 173: plaquette = 0.059309, dH = +1.5184e-01, accept = 1
GPT :     124.460547 s : Trajectory 174: plaquette = 0.062372, dH = -1.8090e-01, accept = 1
GPT :     124.845118 s : Trajectory 175: plaquette = 0.052914, dH = +5.0795e-01, accept = 1
GPT :     125.228671 s : Trajectory 176: plaquette = 0.041365, dH = +9.1882e-02, accept = 1
GPT :     125.617492 s : Trajectory 177: plaquette = 0.070133, dH = -1.1204e+00, accept = 1
GPT :     125.997602 s : Trajectory 178: plaquette = 0.060886, dH = +1.2360e+00, accept = 1
GPT :     126.384919 s : Trajectory 179: plaquette = 0.063281, dH = -1.4005e+00, accept = 1
GPT :     126.765516 s : Trajectory 180: plaquette = 0.054241, dH = -5.3021e-01, accept = 1
GPT :     127.155601 s : Trajectory 181: plaquette = 0.055635, dH = -3.8316e-01, accept = 1
GPT :     127.547633 s : Trajectory 182: plaquette = 0.065061, dH = -7.6387e-01, accept = 1
GPT :     127.940197 s : Trajectory 183: plaquette = 0.065061, dH = +6.4652e-01, accept = 0
GPT :     128.337061 s : Trajectory 184: plaquette = 0.060397, dH = +1.0031e-01, accept = 1
GPT :     128.720323 s : Trajectory 185: plaquette = 0.060950, dH = -6.3381e-01, accept = 1
GPT :     129.107709 s : Trajectory 186: plaquette = 0.061646, dH = +6.8368e-01, accept = 1
GPT :     129.491344 s : Trajectory 187: plaquette = 0.051698, dH = +3.7917e-01, accept = 1
GPT :     129.879264 s : Trajectory 188: plaquette = 0.053439, dH = +1.2379e-01, accept = 1
GPT :     130.265878 s : Trajectory 189: plaquette = 0.056156, dH = -2.2212e-01, accept = 1
GPT :     130.652011 s : Trajectory 190: plaquette = 0.056156, dH = +1.2550e+00, accept = 0
GPT :     131.038246 s : Trajectory 191: plaquette = 0.055171, dH = -1.5531e-01, accept = 1
GPT :     131.421051 s : Trajectory 192: plaquette = 0.066648, dH = -3.6013e-01, accept = 1
GPT :     131.814450 s : Trajectory 193: plaquette = 0.058148, dH = +8.5680e-01, accept = 1
GPT :     132.201013 s : Trajectory 194: plaquette = 0.058148, dH = +3.5285e-01, accept = 0
GPT :     132.587294 s : Trajectory 195: plaquette = 0.064910, dH = +1.9485e-01, accept = 1
GPT :     132.972723 s : Trajectory 196: plaquette = 0.064910, dH = +1.0392e+00, accept = 0
GPT :     133.360630 s : Trajectory 197: plaquette = 0.049462, dH = +2.9009e-01, accept = 1
GPT :     133.752422 s : Trajectory 198: plaquette = 0.053772, dH = -1.7691e-01, accept = 1
GPT :     134.137515 s : Trajectory 199: plaquette = 0.054167, dH = -6.5907e-01, accept = 1
GPT :     134.537626 s : Trajectory 200: plaquette = 0.057127, dH = -5.3002e-01, accept = 1
GPT :     134.927174 s : Trajectory 201: plaquette = 0.052889, dH = -3.3436e-01, accept = 1
GPT :     135.319119 s : Trajectory 202: plaquette = 0.073269, dH = -3.0106e-01, accept = 1
GPT :     135.706893 s : Trajectory 203: plaquette = 0.073269, dH = +2.3559e+00, accept = 0
GPT :     136.099823 s : Trajectory 204: plaquette = 0.066947, dH = +2.8719e-01, accept = 1
GPT :     136.497469 s : Trajectory 205: plaquette = 0.066947, dH = +7.1012e-01, accept = 0
GPT :     136.896119 s : Trajectory 206: plaquette = 0.066947, dH = +3.3633e-01, accept = 0
GPT :     137.284413 s : Trajectory 207: plaquette = 0.066947, dH = +1.3382e+00, accept = 0
GPT :     137.666048 s : Trajectory 208: plaquette = 0.066947, dH = +3.5832e-01, accept = 0
GPT :     138.051613 s : Trajectory 209: plaquette = 0.064774, dH = -5.1692e-01, accept = 1
GPT :     138.442350 s : Trajectory 210: plaquette = 0.064774, dH = +2.8004e-01, accept = 0
GPT :     138.829494 s : Trajectory 211: plaquette = 0.056353, dH = +4.4291e-02, accept = 1
GPT :     139.221575 s : Trajectory 212: plaquette = 0.055493, dH = +3.0509e-01, accept = 1
GPT :     139.609745 s : Trajectory 213: plaquette = 0.054698, dH = +1.6915e-01, accept = 1
GPT :     139.991582 s : Trajectory 214: plaquette = 0.054698, dH = +1.1234e+00, accept = 0
GPT :     140.375367 s : Trajectory 215: plaquette = 0.054698, dH = +5.0734e-01, accept = 0
GPT :     140.753613 s : Trajectory 216: plaquette = 0.054698, dH = +4.3059e-01, accept = 0
GPT :     141.137000 s : Trajectory 217: plaquette = 0.059260, dH = +1.3103e-01, accept = 1
GPT :     141.519751 s : Trajectory 218: plaquette = 0.074350, dH = -5.8285e-01, accept = 1
GPT :     141.898125 s : Trajectory 219: plaquette = 0.074350, dH = +1.2359e+00, accept = 0
GPT :     142.278764 s : Trajectory 220: plaquette = 0.050381, dH = +6.8547e-01, accept = 1
GPT :     142.658734 s : Trajectory 221: plaquette = 0.054396, dH = -2.6080e-01, accept = 1
GPT :     143.037316 s : Trajectory 222: plaquette = 0.063250, dH = -7.1559e-01, accept = 1
GPT :     143.420118 s : Trajectory 223: plaquette = 0.058724, dH = +3.9928e-01, accept = 1
GPT :     143.806211 s : Trajectory 224: plaquette = 0.048462, dH = -3.3868e-01, accept = 1
GPT :     144.190206 s : Trajectory 225: plaquette = 0.053619, dH = -4.8156e-02, accept = 1
GPT :     144.579580 s : Trajectory 226: plaquette = 0.067584, dH = +3.7256e-01, accept = 1
GPT :     144.959600 s : Trajectory 227: plaquette = 0.062723, dH = +4.4265e-02, accept = 1
GPT :     145.346106 s : Trajectory 228: plaquette = 0.058560, dH = +7.4288e-03, accept = 1
GPT :     145.725300 s : Trajectory 229: plaquette = 0.053432, dH = +7.6732e-01, accept = 1
GPT :     146.109372 s : Trajectory 230: plaquette = 0.057787, dH = -5.3103e-01, accept = 1
GPT :     146.489965 s : Trajectory 231: plaquette = 0.060053, dH = -1.2762e-01, accept = 1
GPT :     146.868967 s : Trajectory 232: plaquette = 0.053328, dH = +6.8725e-01, accept = 1
GPT :     147.250619 s : Trajectory 233: plaquette = 0.053328, dH = +2.3471e-01, accept = 0
GPT :     147.626799 s : Trajectory 234: plaquette = 0.060335, dH = -1.8111e-01, accept = 1
GPT :     148.014487 s : Trajectory 235: plaquette = 0.060335, dH = +1.0618e+00, accept = 0
GPT :     148.392697 s : Trajectory 236: plaquette = 0.062841, dH = -1.0253e+00, accept = 1
GPT :     148.770280 s : Trajectory 237: plaquette = 0.053817, dH = -2.2614e-01, accept = 1
GPT :     149.148499 s : Trajectory 238: plaquette = 0.062455, dH = -1.2903e-01, accept = 1
GPT :     149.533561 s : Trajectory 239: plaquette = 0.062455, dH = +1.3557e+00, accept = 0
GPT :     149.910652 s : Trajectory 240: plaquette = 0.055284, dH = +1.6883e+00, accept = 1
GPT :     150.301397 s : Trajectory 241: plaquette = 0.065136, dH = +6.5460e-02, accept = 1
GPT :     150.695584 s : Trajectory 242: plaquette = 0.061289, dH = +3.0384e-01, accept = 1
GPT :     151.089084 s : Trajectory 243: plaquette = 0.061289, dH = +1.3786e+00, accept = 0
GPT :     151.475195 s : Trajectory 244: plaquette = 0.058598, dH = +5.2583e-01, accept = 1
GPT :     151.871860 s : Trajectory 245: plaquette = 0.063394, dH = +1.8913e-01, accept = 1
GPT :     152.266500 s : Trajectory 246: plaquette = 0.058299, dH = -5.8857e-02, accept = 1
GPT :     152.645206 s : Trajectory 247: plaquette = 0.061375, dH = +1.1145e-02, accept = 1
GPT :     153.031615 s : Trajectory 248: plaquette = 0.057521, dH = -4.2805e-01, accept = 1
GPT :     153.419128 s : Trajectory 249: plaquette = 0.057970, dH = +7.7523e-01, accept = 1
GPT :     153.807503 s : Trajectory 250: plaquette = 0.060348, dH = -8.4245e-01, accept = 1
GPT :     154.190858 s : Trajectory 251: plaquette = 0.068106, dH = -5.1088e-01, accept = 1
GPT :     154.569162 s : Trajectory 252: plaquette = 0.074105, dH = -7.0553e-01, accept = 1
GPT :     154.951259 s : Trajectory 253: plaquette = 0.074105, dH = +7.8377e-01, accept = 0
GPT :     155.337614 s : Trajectory 254: plaquette = 0.074105, dH = +1.0585e+00, accept = 0
GPT :     155.718839 s : Trajectory 255: plaquette = 0.074105, dH = +9.1308e-01, accept = 0
GPT :     156.105645 s : Trajectory 256: plaquette = 0.068294, dH = +3.1336e-01, accept = 1
GPT :     156.492253 s : Trajectory 257: plaquette = 0.058208, dH = -6.7942e-02, accept = 1
GPT :     156.868820 s : Trajectory 258: plaquette = 0.052127, dH = +4.5342e-01, accept = 1
GPT :     157.253123 s : Trajectory 259: plaquette = 0.058961, dH = +2.2726e-01, accept = 1
GPT :     157.634410 s : Trajectory 260: plaquette = 0.048112, dH = +5.7763e-01, accept = 1
GPT :     158.015210 s : Trajectory 261: plaquette = 0.057178, dH = +2.4185e-01, accept = 1
GPT :     158.401369 s : Trajectory 262: plaquette = 0.062880, dH = -3.7289e-01, accept = 1
GPT :     158.784388 s : Trajectory 263: plaquette = 0.068163, dH = -4.0392e-01, accept = 1
GPT :     159.168007 s : Trajectory 264: plaquette = 0.060653, dH = +9.2069e-01, accept = 1
GPT :     159.555255 s : Trajectory 265: plaquette = 0.060653, dH = +1.2878e+00, accept = 0
GPT :     159.942443 s : Trajectory 266: plaquette = 0.060653, dH = +8.2259e-01, accept = 0
GPT :     160.325850 s : Trajectory 267: plaquette = 0.051949, dH = +4.0240e-02, accept = 1
GPT :     160.711563 s : Trajectory 268: plaquette = 0.059049, dH = -3.1177e-01, accept = 1
GPT :     161.094400 s : Trajectory 269: plaquette = 0.064352, dH = -2.8716e-01, accept = 1
GPT :     161.473715 s : Trajectory 270: plaquette = 0.061794, dH = +9.0451e-02, accept = 1
GPT :     161.856028 s : Trajectory 271: plaquette = 0.053599, dH = +1.0147e+00, accept = 1
GPT :     162.240394 s : Trajectory 272: plaquette = 0.052619, dH = -3.1079e-01, accept = 1
GPT :     162.620426 s : Trajectory 273: plaquette = 0.065016, dH = -8.3065e-01, accept = 1
GPT :     162.994489 s : Trajectory 274: plaquette = 0.064942, dH = +3.4907e-01, accept = 1
GPT :     163.376701 s : Trajectory 275: plaquette = 0.064606, dH = +7.6920e-01, accept = 1
GPT :     163.752854 s : Trajectory 276: plaquette = 0.064606, dH = +9.7760e-01, accept = 0
GPT :     164.137962 s : Trajectory 277: plaquette = 0.053420, dH = +2.3028e-01, accept = 1
GPT :     164.520071 s : Trajectory 278: plaquette = 0.055500, dH = +9.8681e-01, accept = 1
GPT :     164.903686 s : Trajectory 279: plaquette = 0.069588, dH = -2.7600e-01, accept = 1
GPT :     165.290347 s : Trajectory 280: plaquette = 0.069588, dH = +5.4450e-01, accept = 0
GPT :     165.684615 s : Trajectory 281: plaquette = 0.065004, dH = +8.4631e-01, accept = 1
GPT :     166.070228 s : Trajectory 282: plaquette = 0.055515, dH = +3.5424e-03, accept = 1
GPT :     166.457912 s : Trajectory 283: plaquette = 0.055515, dH = +1.5467e-01, accept = 0
GPT :     166.844005 s : Trajectory 284: plaquette = 0.055515, dH = +1.2855e+00, accept = 0
GPT :     167.226000 s : Trajectory 285: plaquette = 0.062675, dH = -2.6663e-01, accept = 1
GPT :     167.607049 s : Trajectory 286: plaquette = 0.065582, dH = +1.9014e-01, accept = 1
GPT :     167.994654 s : Trajectory 287: plaquette = 0.053244, dH = -7.3663e-02, accept = 1
GPT :     168.386303 s : Trajectory 288: plaquette = 0.053244, dH = +3.6080e-01, accept = 0
GPT :     168.776261 s : Trajectory 289: plaquette = 0.059511, dH = -6.8141e-02, accept = 1
GPT :     169.161559 s : Trajectory 290: plaquette = 0.066337, dH = -2.0200e-01, accept = 1
GPT :     169.554657 s : Trajectory 291: plaquette = 0.059760, dH = +2.4742e-01, accept = 1
GPT :     169.937018 s : Trajectory 292: plaquette = 0.070942, dH = -7.1566e-01, accept = 1
GPT :     170.319177 s : Trajectory 293: plaquette = 0.070942, dH = +8.0077e-01, accept = 0
GPT :     170.708961 s : Trajectory 294: plaquette = 0.070942, dH = +1.3833e+00, accept = 0
GPT :     171.096392 s : Trajectory 295: plaquette = 0.070942, dH = +7.5714e-01, accept = 0
GPT :     171.477393 s : Trajectory 296: plaquette = 0.070942, dH = +1.3135e+00, accept = 0
GPT :     171.863961 s : Trajectory 297: plaquette = 0.073908, dH = -8.4704e-01, accept = 1
GPT :     172.248090 s : Trajectory 298: plaquette = 0.057964, dH = +1.9321e+00, accept = 1
GPT :     172.629538 s : Trajectory 299: plaquette = 0.054887, dH = -1.0393e+00, accept = 1
GPT :     173.014409 s : Trajectory 300: plaquette = 0.054887, dH = +3.5670e-01, accept = 0
GPT :     173.402970 s : Trajectory 301: plaquette = 0.060026, dH = +7.8282e-02, accept = 1
GPT :     173.792635 s : Trajectory 302: plaquette = 0.068262, dH = -3.6708e-01, accept = 1
GPT :     174.176306 s : Trajectory 303: plaquette = 0.072517, dH = +3.3143e-02, accept = 1
GPT :     174.564083 s : Trajectory 304: plaquette = 0.072517, dH = +1.2623e+00, accept = 0
GPT :     174.944420 s : Trajectory 305: plaquette = 0.072517, dH = +1.5245e+00, accept = 0
GPT :     175.323946 s : Trajectory 306: plaquette = 0.061236, dH = +3.8789e-01, accept = 1
GPT :     175.709791 s : Trajectory 307: plaquette = 0.064379, dH = +8.8815e-01, accept = 1
GPT :     176.101754 s : Trajectory 308: plaquette = 0.066297, dH = -3.9747e-01, accept = 1
GPT :     176.484892 s : Trajectory 309: plaquette = 0.063075, dH = +1.8529e-03, accept = 1
GPT :     176.868182 s : Trajectory 310: plaquette = 0.056589, dH = +1.4142e+00, accept = 1
GPT :     177.247585 s : Trajectory 311: plaquette = 0.058789, dH = -1.3466e+00, accept = 1
GPT :     177.632724 s : Trajectory 312: plaquette = 0.058789, dH = +4.3155e-01, accept = 0
GPT :     178.018026 s : Trajectory 313: plaquette = 0.058333, dH = -8.3040e-02, accept = 1
GPT :     178.410136 s : Trajectory 314: plaquette = 0.059332, dH = +3.0622e-01, accept = 1
GPT :     178.797632 s : Trajectory 315: plaquette = 0.055486, dH = +9.3925e-01, accept = 1
GPT :     179.186182 s : Trajectory 316: plaquette = 0.052226, dH = +8.6930e-02, accept = 1
GPT :     179.568015 s : Trajectory 317: plaquette = 0.053920, dH = +1.0799e+00, accept = 1
GPT :     179.947597 s : Trajectory 318: plaquette = 0.048610, dH = -3.9316e-01, accept = 1
GPT :     180.336488 s : Trajectory 319: plaquette = 0.055274, dH = +7.5949e-01, accept = 1
GPT :     180.722100 s : Trajectory 320: plaquette = 0.059450, dH = -9.3169e-01, accept = 1
GPT :     181.112219 s : Trajectory 321: plaquette = 0.048002, dH = +1.4767e+00, accept = 1
GPT :     181.496613 s : Trajectory 322: plaquette = 0.063046, dH = -3.6447e-01, accept = 1
GPT :     181.878298 s : Trajectory 323: plaquette = 0.060387, dH = -5.8953e-02, accept = 1
GPT :     182.276246 s : Trajectory 324: plaquette = 0.050411, dH = -9.1483e-02, accept = 1
GPT :     182.660782 s : Trajectory 325: plaquette = 0.059587, dH = -3.7486e-01, accept = 1
GPT :     183.046268 s : Trajectory 326: plaquette = 0.061462, dH = +7.2016e-01, accept = 1
GPT :     183.427273 s : Trajectory 327: plaquette = 0.065143, dH = +9.1134e-02, accept = 1
GPT :     183.811554 s : Trajectory 328: plaquette = 0.065143, dH = +8.6203e-01, accept = 0
GPT :     184.230775 s : Trajectory 329: plaquette = 0.048671, dH = +1.5807e-02, accept = 1
GPT :     184.610772 s : Trajectory 330: plaquette = 0.047753, dH = +5.4469e-01, accept = 1
GPT :     184.993531 s : Trajectory 331: plaquette = 0.047753, dH = +6.7754e-01, accept = 0
GPT :     185.399593 s : Trajectory 332: plaquette = 0.065359, dH = -1.6392e-01, accept = 1
GPT :     185.778256 s : Trajectory 333: plaquette = 0.062888, dH = +3.6689e-01, accept = 1
GPT :     186.178964 s : Trajectory 334: plaquette = 0.057526, dH = +6.5044e-01, accept = 1
GPT :     186.564165 s : Trajectory 335: plaquette = 0.056183, dH = +2.4449e-01, accept = 1
GPT :     186.953108 s : Trajectory 336: plaquette = 0.056183, dH = +1.1316e+00, accept = 0
GPT :     187.338667 s : Trajectory 337: plaquette = 0.056183, dH = +1.8044e-01, accept = 0
GPT :     187.719750 s : Trajectory 338: plaquette = 0.056935, dH = -3.6061e-01, accept = 1
GPT :     188.090847 s : Trajectory 339: plaquette = 0.062081, dH = +5.3418e-01, accept = 1
GPT :     188.475512 s : Trajectory 340: plaquette = 0.072560, dH = -1.2386e+00, accept = 1
GPT :     188.879190 s : Trajectory 341: plaquette = 0.056669, dH = +1.2505e+00, accept = 1
GPT :     189.263709 s : Trajectory 342: plaquette = 0.052874, dH = +1.7627e-01, accept = 1
GPT :     189.658823 s : Trajectory 343: plaquette = 0.056566, dH = -4.6144e-01, accept = 1
GPT :     190.040610 s : Trajectory 344: plaquette = 0.051594, dH = +2.0806e-01, accept = 1
GPT :     190.424682 s : Trajectory 345: plaquette = 0.063648, dH = +3.7413e-02, accept = 1
GPT :     190.808235 s : Trajectory 346: plaquette = 0.049192, dH = +9.2317e-01, accept = 1
GPT :     191.197987 s : Trajectory 347: plaquette = 0.056423, dH = -1.4796e-01, accept = 1
GPT :     191.589305 s : Trajectory 348: plaquette = 0.047438, dH = -5.7444e-01, accept = 1
GPT :     191.990889 s : Trajectory 349: plaquette = 0.047438, dH = +2.7666e-01, accept = 0
GPT :     192.380547 s : Trajectory 350: plaquette = 0.054753, dH = -1.5995e-01, accept = 1
GPT :     192.766624 s : Trajectory 351: plaquette = 0.047745, dH = -1.0871e-01, accept = 1
GPT :     193.145522 s : Trajectory 352: plaquette = 0.057269, dH = -1.5634e+00, accept = 1
GPT :     193.530042 s : Trajectory 353: plaquette = 0.057269, dH = +2.7693e-01, accept = 0
GPT :     193.912457 s : Trajectory 354: plaquette = 0.065090, dH = -4.8860e-01, accept = 1
GPT :     194.294961 s : Trajectory 355: plaquette = 0.065627, dH = +2.8198e-01, accept = 1
GPT :     194.679359 s : Trajectory 356: plaquette = 0.065627, dH = +7.1207e-01, accept = 0
GPT :     195.067861 s : Trajectory 357: plaquette = 0.067340, dH = -8.8988e-02, accept = 1
GPT :     195.452438 s : Trajectory 358: plaquette = 0.067340, dH = +1.1552e+00, accept = 0
GPT :     195.847523 s : Trajectory 359: plaquette = 0.067340, dH = +1.2571e+00, accept = 0
GPT :     196.231466 s : Trajectory 360: plaquette = 0.067340, dH = +3.8463e-01, accept = 0
GPT :     196.647201 s : Trajectory 361: plaquette = 0.054222, dH = +4.3430e-01, accept = 1
GPT :     197.036054 s : Trajectory 362: plaquette = 0.061745, dH = +6.8851e-01, accept = 1
GPT :     197.427786 s : Trajectory 363: plaquette = 0.064101, dH = -5.5392e-01, accept = 1
GPT :     197.808112 s : Trajectory 364: plaquette = 0.068803, dH = +1.0654e-01, accept = 1
GPT :     198.188671 s : Trajectory 365: plaquette = 0.058470, dH = +8.9576e-01, accept = 1
GPT :     198.572114 s : Trajectory 366: plaquette = 0.054175, dH = +4.8022e-01, accept = 1
GPT :     198.951475 s : Trajectory 367: plaquette = 0.054175, dH = +9.6359e-01, accept = 0
GPT :     199.329758 s : Trajectory 368: plaquette = 0.054175, dH = +8.7276e-01, accept = 0
GPT :     199.712408 s : Trajectory 369: plaquette = 0.056241, dH = +9.6447e-01, accept = 1
GPT :     200.094663 s : Trajectory 370: plaquette = 0.057201, dH = -6.2420e-01, accept = 1
GPT :     200.475983 s : Trajectory 371: plaquette = 0.058387, dH = +5.3362e-01, accept = 1
GPT :     200.855828 s : Trajectory 372: plaquette = 0.068363, dH = -8.8043e-01, accept = 1
GPT :     201.243158 s : Trajectory 373: plaquette = 0.068363, dH = +1.0207e+00, accept = 0
GPT :     201.628041 s : Trajectory 374: plaquette = 0.054797, dH = +3.3696e-01, accept = 1
GPT :     202.023724 s : Trajectory 375: plaquette = 0.054150, dH = -4.7411e-04, accept = 1
GPT :     202.405761 s : Trajectory 376: plaquette = 0.057548, dH = -1.2960e-01, accept = 1
GPT :     202.794205 s : Trajectory 377: plaquette = 0.053990, dH = +4.0180e-01, accept = 1
GPT :     203.173756 s : Trajectory 378: plaquette = 0.056135, dH = -6.7715e-01, accept = 1
GPT :     203.553942 s : Trajectory 379: plaquette = 0.047581, dH = +3.7622e-01, accept = 1
GPT :     203.941072 s : Trajectory 380: plaquette = 0.049699, dH = -4.1116e-01, accept = 1
GPT :     204.326718 s : Trajectory 381: plaquette = 0.058869, dH = -1.0887e+00, accept = 1
GPT :     204.711057 s : Trajectory 382: plaquette = 0.059360, dH = +6.6654e-02, accept = 1
GPT :     205.098098 s : Trajectory 383: plaquette = 0.061875, dH = -5.3915e-02, accept = 1
GPT :     205.485149 s : Trajectory 384: plaquette = 0.061875, dH = +7.1022e-01, accept = 0
GPT :     205.870683 s : Trajectory 385: plaquette = 0.047395, dH = +8.9791e-02, accept = 1
GPT :     206.258759 s : Trajectory 386: plaquette = 0.062804, dH = -7.7218e-01, accept = 1
GPT :     206.644778 s : Trajectory 387: plaquette = 0.062804, dH = +4.5192e-01, accept = 0
GPT :     207.032272 s : Trajectory 388: plaquette = 0.051430, dH = +1.0667e+00, accept = 1
GPT :     207.420542 s : Trajectory 389: plaquette = 0.052802, dH = -3.4330e-01, accept = 1
GPT :     207.810395 s : Trajectory 390: plaquette = 0.058119, dH = +2.2275e-01, accept = 1
GPT :     208.194799 s : Trajectory 391: plaquette = 0.057860, dH = -3.1942e-01, accept = 1
GPT :     208.578405 s : Trajectory 392: plaquette = 0.057860, dH = +6.1586e-01, accept = 0
GPT :     208.965620 s : Trajectory 393: plaquette = 0.059321, dH = +7.2435e-01, accept = 1
GPT :     209.371376 s : Trajectory 394: plaquette = 0.067027, dH = -3.6735e-01, accept = 1
GPT :     209.764670 s : Trajectory 395: plaquette = 0.067027, dH = +8.4338e-01, accept = 0
GPT :     210.152601 s : Trajectory 396: plaquette = 0.067497, dH = -3.9580e-01, accept = 1
GPT :     210.547298 s : Trajectory 397: plaquette = 0.067497, dH = +1.2329e+00, accept = 0
GPT :     210.934637 s : Trajectory 398: plaquette = 0.061175, dH = -2.5001e-01, accept = 1
GPT :     211.323065 s : Trajectory 399: plaquette = 0.056695, dH = -1.4947e-01, accept = 1
GPT :     211.704023 s : Trajectory 400: plaquette = 0.065033, dH = -4.3843e-01, accept = 1
GPT :     212.083348 s : Trajectory 401: plaquette = 0.065033, dH = +9.7043e-01, accept = 0
GPT :     212.470937 s : Trajectory 402: plaquette = 0.065033, dH = +6.2878e-01, accept = 0
GPT :     212.858394 s : Trajectory 403: plaquette = 0.065033, dH = +9.1163e-01, accept = 0
GPT :     213.245120 s : Trajectory 404: plaquette = 0.070680, dH = -6.5765e-01, accept = 1
GPT :     213.628064 s : Trajectory 405: plaquette = 0.070680, dH = +1.6570e+00, accept = 0
GPT :     214.030862 s : Trajectory 406: plaquette = 0.062474, dH = +7.7977e-01, accept = 1
GPT :     214.409856 s : Trajectory 407: plaquette = 0.062150, dH = +2.7364e-01, accept = 1
GPT :     214.776385 s : Trajectory 408: plaquette = 0.062150, dH = +8.9944e-01, accept = 0
GPT :     215.159211 s : Trajectory 409: plaquette = 0.058065, dH = -1.5592e-01, accept = 1
GPT :     215.526350 s : Trajectory 410: plaquette = 0.073003, dH = -5.7751e-01, accept = 1
GPT :     215.887329 s : Trajectory 411: plaquette = 0.063266, dH = +9.0583e-01, accept = 1
GPT :     216.238068 s : Trajectory 412: plaquette = 0.058791, dH = +1.6493e-01, accept = 1
GPT :     216.599263 s : Trajectory 413: plaquette = 0.058728, dH = +5.3173e-02, accept = 1
GPT :     216.962300 s : Trajectory 414: plaquette = 0.058728, dH = +5.7621e-01, accept = 0
GPT :     217.319859 s : Trajectory 415: plaquette = 0.058728, dH = +5.0981e-01, accept = 0
GPT :     217.679052 s : Trajectory 416: plaquette = 0.046956, dH = +8.6429e-02, accept = 1
GPT :     218.035413 s : Trajectory 417: plaquette = 0.063052, dH = -3.3769e-01, accept = 1
GPT :     218.397057 s : Trajectory 418: plaquette = 0.044108, dH = +3.4249e-01, accept = 1
GPT :     218.757382 s : Trajectory 419: plaquette = 0.061031, dH = -5.2079e-01, accept = 1
GPT :     219.127202 s : Trajectory 420: plaquette = 0.061031, dH = +1.4474e+00, accept = 0
GPT :     219.493002 s : Trajectory 421: plaquette = 0.060587, dH = +1.6786e+00, accept = 1
GPT :     219.888680 s : Trajectory 422: plaquette = 0.056912, dH = +1.2777e-01, accept = 1
GPT :     220.274696 s : Trajectory 423: plaquette = 0.064557, dH = -1.1427e+00, accept = 1
GPT :     220.659889 s : Trajectory 424: plaquette = 0.077071, dH = -5.5876e-01, accept = 1
GPT :     221.051364 s : Trajectory 425: plaquette = 0.064020, dH = +6.7516e-01, accept = 1
GPT :     221.440465 s : Trajectory 426: plaquette = 0.064020, dH = +1.7573e+00, accept = 0
GPT :     221.827134 s : Trajectory 427: plaquette = 0.064020, dH = +5.6478e-01, accept = 0
GPT :     222.217045 s : Trajectory 428: plaquette = 0.075006, dH = -2.4887e-01, accept = 1
GPT :     222.612667 s : Trajectory 429: plaquette = 0.075006, dH = +1.2901e+00, accept = 0
GPT :     223.000042 s : Trajectory 430: plaquette = 0.066648, dH = +6.0597e-01, accept = 1
GPT :     223.388532 s : Trajectory 431: plaquette = 0.057613, dH = +6.4296e-01, accept = 1
GPT :     223.778812 s : Trajectory 432: plaquette = 0.057613, dH = +3.5537e-01, accept = 0
GPT :     224.165104 s : Trajectory 433: plaquette = 0.060438, dH = +6.2283e-01, accept = 1
GPT :     224.553571 s : Trajectory 434: plaquette = 0.068023, dH = -3.1166e-01, accept = 1
GPT :     224.938941 s : Trajectory 435: plaquette = 0.068023, dH = +8.7864e-01, accept = 0
GPT :     225.333354 s : Trajectory 436: plaquette = 0.060793, dH = +7.9222e-01, accept = 1
GPT :     225.713678 s : Trajectory 437: plaquette = 0.054892, dH = +7.9755e-01, accept = 1
GPT :     226.100767 s : Trajectory 438: plaquette = 0.064207, dH = -2.0688e-01, accept = 1
GPT :     226.521742 s : Trajectory 439: plaquette = 0.065035, dH = -5.9905e-01, accept = 1
GPT :     226.928041 s : Trajectory 440: plaquette = 0.058366, dH = -1.5909e-01, accept = 1
GPT :     227.314573 s : Trajectory 441: plaquette = 0.058366, dH = +6.1158e-01, accept = 0
GPT :     227.711236 s : Trajectory 442: plaquette = 0.054873, dH = +5.6444e-02, accept = 1
GPT :     228.104423 s : Trajectory 443: plaquette = 0.057206, dH = -5.1351e-01, accept = 1
GPT :     228.495760 s : Trajectory 444: plaquette = 0.052266, dH = -7.1852e-01, accept = 1
GPT :     228.879681 s : Trajectory 445: plaquette = 0.067698, dH = -6.6092e-01, accept = 1
GPT :     229.261827 s : Trajectory 446: plaquette = 0.065286, dH = +2.0212e-02, accept = 1
GPT :     229.647152 s : Trajectory 447: plaquette = 0.065286, dH = +8.8617e-01, accept = 0
GPT :     230.035301 s : Trajectory 448: plaquette = 0.052601, dH = +7.4375e-01, accept = 1
GPT :     230.428929 s : Trajectory 449: plaquette = 0.057140, dH = -3.0526e-01, accept = 1
GPT :     230.816995 s : Trajectory 450: plaquette = 0.062391, dH = -6.0250e-01, accept = 1
GPT :     231.204065 s : Trajectory 451: plaquette = 0.061035, dH = -4.0079e-01, accept = 1
GPT :     231.597830 s : Trajectory 452: plaquette = 0.057727, dH = -1.5646e-01, accept = 1
GPT :     231.989145 s : Trajectory 453: plaquette = 0.044190, dH = -4.7526e-01, accept = 1
GPT :     232.378846 s : Trajectory 454: plaquette = 0.047283, dH = -1.5436e-01, accept = 1
GPT :     232.772877 s : Trajectory 455: plaquette = 0.056888, dH = -5.7119e-02, accept = 1
GPT :     233.161662 s : Trajectory 456: plaquette = 0.056888, dH = +8.1612e-01, accept = 0
GPT :     233.548266 s : Trajectory 457: plaquette = 0.056888, dH = +2.5978e-01, accept = 0
GPT :     233.933691 s : Trajectory 458: plaquette = 0.056888, dH = +5.2060e-01, accept = 0
GPT :     234.323854 s : Trajectory 459: plaquette = 0.064712, dH = +6.3888e-01, accept = 1
GPT :     234.714921 s : Trajectory 460: plaquette = 0.051822, dH = +1.2726e+00, accept = 1
GPT :     235.106232 s : Trajectory 461: plaquette = 0.053980, dH = -5.5639e-01, accept = 1
GPT :     235.496689 s : Trajectory 462: plaquette = 0.066165, dH = -3.5792e-01, accept = 1
GPT :     235.887775 s : Trajectory 463: plaquette = 0.045037, dH = +1.0325e+00, accept = 1
GPT :     236.279920 s : Trajectory 464: plaquette = 0.066187, dH = -1.1631e+00, accept = 1
GPT :     236.665128 s : Trajectory 465: plaquette = 0.046525, dH = +8.3591e-01, accept = 1
GPT :     237.055468 s : Trajectory 466: plaquette = 0.062795, dH = -1.0150e+00, accept = 1
GPT :     237.451236 s : Trajectory 467: plaquette = 0.050073, dH = +8.3766e-01, accept = 1
GPT :     237.845925 s : Trajectory 468: plaquette = 0.050362, dH = -1.1987e-01, accept = 1
GPT :     238.235864 s : Trajectory 469: plaquette = 0.054502, dH = -3.5857e-03, accept = 1
GPT :     238.628141 s : Trajectory 470: plaquette = 0.054276, dH = -1.7888e-01, accept = 1
GPT :     239.024043 s : Trajectory 471: plaquette = 0.049540, dH = -6.3875e-01, accept = 1
GPT :     239.415911 s : Trajectory 472: plaquette = 0.063989, dH = +4.3363e-01, accept = 1
GPT :     239.803186 s : Trajectory 473: plaquette = 0.063989, dH = +8.1419e-01, accept = 0
GPT :     240.195308 s : Trajectory 474: plaquette = 0.063193, dH = +7.8473e-02, accept = 1
GPT :     240.588108 s : Trajectory 475: plaquette = 0.063193, dH = +1.0633e+00, accept = 0
GPT :     240.977324 s : Trajectory 476: plaquette = 0.061555, dH = +3.6647e-01, accept = 1
GPT :     241.368277 s : Trajectory 477: plaquette = 0.063229, dH = -7.9807e-01, accept = 1
GPT :     241.757068 s : Trajectory 478: plaquette = 0.062146, dH = -1.1487e-01, accept = 1
GPT :     242.146462 s : Trajectory 479: plaquette = 0.050208, dH = +1.6059e+00, accept = 1
GPT :     242.538816 s : Trajectory 480: plaquette = 0.050208, dH = +2.7572e-01, accept = 0
GPT :     242.928804 s : Trajectory 481: plaquette = 0.059134, dH = -1.2767e-01, accept = 1
GPT :     243.316803 s : Trajectory 482: plaquette = 0.065329, dH = -7.5190e-02, accept = 1
GPT :     243.709834 s : Trajectory 483: plaquette = 0.065329, dH = +1.6417e+00, accept = 0
GPT :     244.105495 s : Trajectory 484: plaquette = 0.065329, dH = +4.1422e-01, accept = 0
GPT :     244.508635 s : Trajectory 485: plaquette = 0.064839, dH = -8.2956e-01, accept = 1
GPT :     244.901744 s : Trajectory 486: plaquette = 0.064839, dH = +1.2637e+00, accept = 0
GPT :     245.297464 s : Trajectory 487: plaquette = 0.063135, dH = -3.7058e-01, accept = 1
GPT :     245.695435 s : Trajectory 488: plaquette = 0.055919, dH = +7.2231e-01, accept = 1
GPT :     246.088394 s : Trajectory 489: plaquette = 0.049315, dH = +6.9574e-01, accept = 1
GPT :     246.487056 s : Trajectory 490: plaquette = 0.064840, dH = -3.6653e-01, accept = 1
GPT :     246.873238 s : Trajectory 491: plaquette = 0.046135, dH = +1.3134e+00, accept = 1
GPT :     247.272171 s : Trajectory 492: plaquette = 0.049185, dH = -3.9623e-01, accept = 1
GPT :     247.667957 s : Trajectory 493: plaquette = 0.062711, dH = -1.0726e+00, accept = 1
GPT :     248.055063 s : Trajectory 494: plaquette = 0.062711, dH = +7.6976e-01, accept = 0
GPT :     248.452866 s : Trajectory 495: plaquette = 0.062711, dH = +9.1461e-01, accept = 0
GPT :     248.852347 s : Trajectory 496: plaquette = 0.062711, dH = +2.8431e-01, accept = 0
GPT :     249.247280 s : Trajectory 497: plaquette = 0.062711, dH = +5.9698e-01, accept = 0
GPT :     249.647155 s : Trajectory 498: plaquette = 0.066078, dH = -2.0721e-01, accept = 1
GPT :     250.045663 s : Trajectory 499: plaquette = 0.049798, dH = +7.6965e-01, accept = 1
GPT :     250.445778 s : Trajectory 500: plaquette = 0.066491, dH = -9.3606e-01, accept = 1
GPT :     250.838303 s : Trajectory 501: plaquette = 0.066491, dH = +1.2299e+00, accept = 0
GPT :     251.226914 s : Trajectory 502: plaquette = 0.066491, dH = +7.9606e-01, accept = 0
GPT :     251.617341 s : Trajectory 503: plaquette = 0.067300, dH = -1.3739e-01, accept = 1
GPT :     252.014340 s : Trajectory 504: plaquette = 0.048533, dH = +7.1396e-01, accept = 1
GPT :     252.397571 s : Trajectory 505: plaquette = 0.055348, dH = +4.4588e-01, accept = 1
GPT :     252.789273 s : Trajectory 506: plaquette = 0.057105, dH = +5.5327e-01, accept = 1
GPT :     253.178775 s : Trajectory 507: plaquette = 0.053491, dH = -3.0465e-01, accept = 1
GPT :     253.573965 s : Trajectory 508: plaquette = 0.053491, dH = +8.0073e-01, accept = 0
GPT :     253.960810 s : Trajectory 509: plaquette = 0.054690, dH = -1.0801e-01, accept = 1
GPT :     254.358856 s : Trajectory 510: plaquette = 0.062805, dH = -9.9441e-02, accept = 1
GPT :     254.748230 s : Trajectory 511: plaquette = 0.064423, dH = +1.6217e-01, accept = 1
GPT :     255.139100 s : Trajectory 512: plaquette = 0.064423, dH = +1.1626e+00, accept = 0
GPT :     255.528020 s : Trajectory 513: plaquette = 0.064423, dH = +4.2787e-01, accept = 0
GPT :     255.914148 s : Trajectory 514: plaquette = 0.064423, dH = +1.3877e+00, accept = 0
GPT :     256.298513 s : Trajectory 515: plaquette = 0.058093, dH = +6.4252e-01, accept = 1
GPT :     256.681787 s : Trajectory 516: plaquette = 0.062880, dH = +1.7294e-01, accept = 1
GPT :     257.067092 s : Trajectory 517: plaquette = 0.060062, dH = +6.0290e-02, accept = 1
GPT :     257.455873 s : Trajectory 518: plaquette = 0.055998, dH = +5.3249e-01, accept = 1
GPT :     257.836767 s : Trajectory 519: plaquette = 0.062073, dH = +4.3701e-01, accept = 1
GPT :     258.220097 s : Trajectory 520: plaquette = 0.052912, dH = +4.2592e-01, accept = 1
GPT :     258.611600 s : Trajectory 521: plaquette = 0.061297, dH = -2.9714e-01, accept = 1
GPT :     258.994281 s : Trajectory 522: plaquette = 0.061297, dH = +5.0166e-01, accept = 0
GPT :     259.388272 s : Trajectory 523: plaquette = 0.054989, dH = -1.4882e-01, accept = 1
GPT :     259.776270 s : Trajectory 524: plaquette = 0.059565, dH = -7.3055e-01, accept = 1
GPT :     260.167895 s : Trajectory 525: plaquette = 0.059565, dH = +1.1517e+00, accept = 0
GPT :     260.559658 s : Trajectory 526: plaquette = 0.058548, dH = +2.6239e-01, accept = 1
GPT :     260.945744 s : Trajectory 527: plaquette = 0.058548, dH = +8.3082e-01, accept = 0
GPT :     261.333541 s : Trajectory 528: plaquette = 0.058548, dH = +1.1760e+00, accept = 0
GPT :     261.719425 s : Trajectory 529: plaquette = 0.046635, dH = +1.8064e-01, accept = 1
GPT :     262.107813 s : Trajectory 530: plaquette = 0.057938, dH = -5.5339e-01, accept = 1
GPT :     262.499559 s : Trajectory 531: plaquette = 0.066956, dH = -5.1009e-01, accept = 1
GPT :     262.883099 s : Trajectory 532: plaquette = 0.066570, dH = +5.4500e-01, accept = 1
GPT :     263.276243 s : Trajectory 533: plaquette = 0.066570, dH = +1.4920e+00, accept = 0
GPT :     263.663062 s : Trajectory 534: plaquette = 0.077595, dH = -9.5087e-01, accept = 1
GPT :     264.044392 s : Trajectory 535: plaquette = 0.077595, dH = +1.4618e+00, accept = 0
GPT :     264.434455 s : Trajectory 536: plaquette = 0.077595, dH = +8.3163e-01, accept = 0
GPT :     264.829646 s : Trajectory 537: plaquette = 0.077595, dH = +3.1058e-01, accept = 0
GPT :     265.218726 s : Trajectory 538: plaquette = 0.077595, dH = +7.3027e-01, accept = 0
GPT :     265.608379 s : Trajectory 539: plaquette = 0.060098, dH = +5.2282e-01, accept = 1
GPT :     265.989472 s : Trajectory 540: plaquette = 0.060098, dH = +5.4760e-01, accept = 0
GPT :     266.377881 s : Trajectory 541: plaquette = 0.059334, dH = -4.9726e-01, accept = 1
GPT :     266.763174 s : Trajectory 542: plaquette = 0.042108, dH = +2.8186e-01, accept = 1
GPT :     267.150089 s : Trajectory 543: plaquette = 0.054437, dH = +6.3682e-01, accept = 1
GPT :     267.537665 s : Trajectory 544: plaquette = 0.052137, dH = +3.0937e-01, accept = 1
GPT :     267.926420 s : Trajectory 545: plaquette = 0.054630, dH = +9.1302e-01, accept = 1
GPT :     268.316829 s : Trajectory 546: plaquette = 0.060472, dH = +2.4538e-02, accept = 1
GPT :     268.703621 s : Trajectory 547: plaquette = 0.060440, dH = -9.6428e-01, accept = 1
GPT :     269.092661 s : Trajectory 548: plaquette = 0.052354, dH = +7.5237e-01, accept = 1
GPT :     269.483875 s : Trajectory 549: plaquette = 0.058756, dH = -8.6592e-02, accept = 1
GPT :     269.870976 s : Trajectory 550: plaquette = 0.058756, dH = +3.9936e-01, accept = 0
GPT :     270.256980 s : Trajectory 551: plaquette = 0.058756, dH = +6.9798e-01, accept = 0
GPT :     270.644578 s : Trajectory 552: plaquette = 0.052853, dH = +2.5559e-01, accept = 1
GPT :     271.038318 s : Trajectory 553: plaquette = 0.064265, dH = -6.7105e-01, accept = 1
GPT :     271.426679 s : Trajectory 554: plaquette = 0.060361, dH = -6.4369e-03, accept = 1
GPT :     271.811562 s : Trajectory 555: plaquette = 0.060361, dH = +1.0517e+00, accept = 0
GPT :     272.203778 s : Trajectory 556: plaquette = 0.060035, dH = -7.9377e-02, accept = 1
GPT :     272.587950 s : Trajectory 557: plaquette = 0.060035, dH = +7.2175e-01, accept = 0
GPT :     272.970084 s : Trajectory 558: plaquette = 0.053242, dH = +9.5401e-01, accept = 1
GPT :     273.358149 s : Trajectory 559: plaquette = 0.056009, dH = +7.4273e-01, accept = 1
GPT :     273.747376 s : Trajectory 560: plaquette = 0.060392, dH = +7.9736e-01, accept = 1
GPT :     274.135470 s : Trajectory 561: plaquette = 0.060392, dH = +2.1557e+00, accept = 0
GPT :     274.528414 s : Trajectory 562: plaquette = 0.052993, dH = +4.0771e-01, accept = 1
GPT :     274.923399 s : Trajectory 563: plaquette = 0.061178, dH = +6.7221e-01, accept = 1
GPT :     275.310257 s : Trajectory 564: plaquette = 0.056550, dH = +2.4179e-01, accept = 1
GPT :     275.696858 s : Trajectory 565: plaquette = 0.059303, dH = +5.1262e-01, accept = 1
GPT :     276.083756 s : Trajectory 566: plaquette = 0.052078, dH = -1.6360e-01, accept = 1
GPT :     276.469420 s : Trajectory 567: plaquette = 0.061195, dH = -4.1121e-01, accept = 1
GPT :     276.848563 s : Trajectory 568: plaquette = 0.064275, dH = -5.8053e-01, accept = 1
GPT :     277.237769 s : Trajectory 569: plaquette = 0.057474, dH = +1.9216e-01, accept = 1
GPT :     277.633544 s : Trajectory 570: plaquette = 0.067004, dH = -4.6243e-01, accept = 1
GPT :     278.012328 s : Trajectory 571: plaquette = 0.056862, dH = +5.9736e-01, accept = 1
GPT :     278.403656 s : Trajectory 572: plaquette = 0.054239, dH = -9.5223e-02, accept = 1
GPT :     278.791839 s : Trajectory 573: plaquette = 0.054239, dH = +6.8679e-01, accept = 0
GPT :     279.190823 s : Trajectory 574: plaquette = 0.060826, dH = -3.1231e-01, accept = 1
GPT :     279.584815 s : Trajectory 575: plaquette = 0.060826, dH = +1.1513e+00, accept = 0
GPT :     279.980642 s : Trajectory 576: plaquette = 0.058303, dH = +4.7643e-01, accept = 1
GPT :     280.376403 s : Trajectory 577: plaquette = 0.073357, dH = -7.4193e-01, accept = 1
GPT :     280.766597 s : Trajectory 578: plaquette = 0.062919, dH = +7.5175e-01, accept = 1
GPT :     281.159605 s : Trajectory 579: plaquette = 0.060426, dH = +1.0812e-01, accept = 1
GPT :     281.557151 s : Trajectory 580: plaquette = 0.063315, dH = -4.2319e-01, accept = 1
GPT :     281.949784 s : Trajectory 581: plaquette = 0.065109, dH = -2.9086e-01, accept = 1
GPT :     282.339532 s : Trajectory 582: plaquette = 0.061444, dH = +1.1956e-01, accept = 1
GPT :     282.728806 s : Trajectory 583: plaquette = 0.061444, dH = +6.9146e-01, accept = 0
GPT :     283.119054 s : Trajectory 584: plaquette = 0.055678, dH = +1.4486e-01, accept = 1
GPT :     283.506923 s : Trajectory 585: plaquette = 0.065040, dH = +1.4045e-01, accept = 1
GPT :     283.899349 s : Trajectory 586: plaquette = 0.076220, dH = -5.4024e-01, accept = 1
GPT :     284.282233 s : Trajectory 587: plaquette = 0.060985, dH = +7.3822e-01, accept = 1
GPT :     284.668956 s : Trajectory 588: plaquette = 0.060985, dH = +1.3817e+00, accept = 0
GPT :     285.049498 s : Trajectory 589: plaquette = 0.054320, dH = +2.5989e-02, accept = 1
GPT :     285.434941 s : Trajectory 590: plaquette = 0.064505, dH = -4.5278e-01, accept = 1
GPT :     285.821133 s : Trajectory 591: plaquette = 0.064505, dH = +5.0834e-01, accept = 0
GPT :     286.203656 s : Trajectory 592: plaquette = 0.057091, dH = +1.5845e-01, accept = 1
GPT :     286.586032 s : Trajectory 593: plaquette = 0.062055, dH = -2.7433e-01, accept = 1
GPT :     286.971583 s : Trajectory 594: plaquette = 0.055044, dH = +5.7696e-01, accept = 1
GPT :     287.356702 s : Trajectory 595: plaquette = 0.055833, dH = -1.4997e-01, accept = 1
GPT :     287.737336 s : Trajectory 596: plaquette = 0.055833, dH = +8.7533e-01, accept = 0
GPT :     288.118184 s : Trajectory 597: plaquette = 0.055833, dH = +8.1679e-01, accept = 0
GPT :     288.504458 s : Trajectory 598: plaquette = 0.071727, dH = -3.4974e-01, accept = 1
GPT :     288.894575 s : Trajectory 599: plaquette = 0.058726, dH = +7.5483e-01, accept = 1
GPT :     289.284640 s : Trajectory 600: plaquette = 0.062877, dH = +6.1711e-02, accept = 1
GPT :     289.669732 s : Trajectory 601: plaquette = 0.062877, dH = +1.1328e+00, accept = 0
GPT :     290.056235 s : Trajectory 602: plaquette = 0.059763, dH = -3.8455e-01, accept = 1
GPT :     290.446061 s : Trajectory 603: plaquette = 0.063066, dH = -5.4311e-01, accept = 1
GPT :     290.826893 s : Trajectory 604: plaquette = 0.060716, dH = +4.0847e-01, accept = 1
GPT :     291.220260 s : Trajectory 605: plaquette = 0.057546, dH = +2.3146e-01, accept = 1
GPT :     291.612844 s : Trajectory 606: plaquette = 0.057789, dH = -4.7095e-01, accept = 1
GPT :     292.002073 s : Trajectory 607: plaquette = 0.057789, dH = +1.1722e+00, accept = 0
GPT :     292.387569 s : Trajectory 608: plaquette = 0.064582, dH = +1.8744e-01, accept = 1
GPT :     292.769291 s : Trajectory 609: plaquette = 0.067823, dH = -1.2279e-01, accept = 1
GPT :     293.158426 s : Trajectory 610: plaquette = 0.067823, dH = +1.3938e+00, accept = 0
GPT :     293.556061 s : Trajectory 611: plaquette = 0.067823, dH = +3.8094e-01, accept = 0
GPT :     293.948067 s : Trajectory 612: plaquette = 0.067823, dH = +1.4316e+00, accept = 0
GPT :     294.341860 s : Trajectory 613: plaquette = 0.067823, dH = +5.4361e-01, accept = 0
GPT :     294.730792 s : Trajectory 614: plaquette = 0.067823, dH = +8.6968e-01, accept = 0
GPT :     295.125203 s : Trajectory 615: plaquette = 0.067823, dH = +1.1742e+00, accept = 0
GPT :     295.517476 s : Trajectory 616: plaquette = 0.068018, dH = -3.6970e-01, accept = 1
GPT :     295.902825 s : Trajectory 617: plaquette = 0.059076, dH = +3.3558e-01, accept = 1
GPT :     296.288370 s : Trajectory 618: plaquette = 0.059318, dH = -1.1171e+00, accept = 1
GPT :     296.680613 s : Trajectory 619: plaquette = 0.065861, dH = -1.3102e-01, accept = 1
GPT :     297.069282 s : Trajectory 620: plaquette = 0.066976, dH = +5.1285e-01, accept = 1
GPT :     297.462943 s : Trajectory 621: plaquette = 0.066976, dH = +1.5201e+00, accept = 0
GPT :     297.877640 s : Trajectory 622: plaquette = 0.061987, dH = +3.6031e-01, accept = 1
GPT :     298.319021 s : Trajectory 623: plaquette = 0.061260, dH = +2.8279e-01, accept = 1
GPT :     298.727030 s : Trajectory 624: plaquette = 0.054069, dH = -5.5298e-02, accept = 1
GPT :     299.114401 s : Trajectory 625: plaquette = 0.047222, dH = -1.9583e-02, accept = 1
GPT :     299.523804 s : Trajectory 626: plaquette = 0.069427, dH = -5.0728e-01, accept = 1
GPT :     299.947619 s : Trajectory 627: plaquette = 0.060481, dH = +5.3429e-01, accept = 1
GPT :     300.350838 s : Trajectory 628: plaquette = 0.059707, dH = -1.7180e-01, accept = 1
GPT :     300.791987 s : Trajectory 629: plaquette = 0.056463, dH = +9.7860e-02, accept = 1
GPT :     301.236111 s : Trajectory 630: plaquette = 0.055202, dH = +5.7452e-02, accept = 1
GPT :     301.670845 s : Trajectory 631: plaquette = 0.050859, dH = -3.0345e-01, accept = 1
GPT :     302.089862 s : Trajectory 632: plaquette = 0.050382, dH = -2.7555e-01, accept = 1
GPT :     302.513933 s : Trajectory 633: plaquette = 0.070852, dH = -4.4629e-01, accept = 1
GPT :     302.951130 s : Trajectory 634: plaquette = 0.051649, dH = +8.0315e-01, accept = 1
GPT :     303.392766 s : Trajectory 635: plaquette = 0.051649, dH = +4.8735e-01, accept = 0
GPT :     303.792788 s : Trajectory 636: plaquette = 0.050963, dH = -2.4133e-01, accept = 1
GPT :     304.197728 s : Trajectory 637: plaquette = 0.049015, dH = -4.3585e-01, accept = 1
GPT :     304.576656 s : Trajectory 638: plaquette = 0.066761, dH = -9.8029e-02, accept = 1
GPT :     304.965601 s : Trajectory 639: plaquette = 0.058200, dH = +9.0166e-01, accept = 1
GPT :     305.345500 s : Trajectory 640: plaquette = 0.060632, dH = +4.3705e-02, accept = 1
GPT :     305.748060 s : Trajectory 641: plaquette = 0.060632, dH = +7.2258e-01, accept = 0
GPT :     306.147210 s : Trajectory 642: plaquette = 0.056685, dH = +6.0184e-01, accept = 1
GPT :     306.547321 s : Trajectory 643: plaquette = 0.062552, dH = -8.4965e-01, accept = 1
GPT :     306.956444 s : Trajectory 644: plaquette = 0.062552, dH = +4.6545e-01, accept = 0
GPT :     307.363261 s : Trajectory 645: plaquette = 0.050832, dH = -5.2154e-02, accept = 1
GPT :     307.799104 s : Trajectory 646: plaquette = 0.059569, dH = -7.7618e-01, accept = 1
GPT :     308.297071 s : Trajectory 647: plaquette = 0.059569, dH = +9.0807e-01, accept = 0
GPT :     308.721715 s : Trajectory 648: plaquette = 0.070766, dH = -4.5391e-01, accept = 1
GPT :     309.128867 s : Trajectory 649: plaquette = 0.070766, dH = +1.2666e+00, accept = 0
GPT :     309.533454 s : Trajectory 650: plaquette = 0.070766, dH = +6.8041e-01, accept = 0
GPT :     309.936453 s : Trajectory 651: plaquette = 0.068997, dH = -4.5804e-01, accept = 1
GPT :     310.365304 s : Trajectory 652: plaquette = 0.068997, dH = +7.7748e-01, accept = 0
GPT :     310.771500 s : Trajectory 653: plaquette = 0.051930, dH = +7.2056e-01, accept = 1
GPT :     311.219738 s : Trajectory 654: plaquette = 0.060233, dH = +3.6094e-02, accept = 1
GPT :     311.609447 s : Trajectory 655: plaquette = 0.060233, dH = +3.7666e-01, accept = 0
GPT :     312.006766 s : Trajectory 656: plaquette = 0.049705, dH = -1.1454e+00, accept = 1
GPT :     312.353202 s : Trajectory 657: plaquette = 0.066661, dH = -5.3008e-01, accept = 1
GPT :     312.746969 s : Trajectory 658: plaquette = 0.066661, dH = +9.0431e-01, accept = 0
GPT :     313.151003 s : Trajectory 659: plaquette = 0.066661, dH = +1.1726e+00, accept = 0
GPT :     313.594592 s : Trajectory 660: plaquette = 0.066661, dH = +1.4970e+00, accept = 0
GPT :     314.109392 s : Trajectory 661: plaquette = 0.066661, dH = +1.0184e+00, accept = 0
GPT :     314.514160 s : Trajectory 662: plaquette = 0.044497, dH = +1.6875e+00, accept = 1
GPT :     314.928393 s : Trajectory 663: plaquette = 0.064662, dH = -1.8442e+00, accept = 1
GPT :     315.337626 s : Trajectory 664: plaquette = 0.058294, dH = +5.9303e-01, accept = 1
GPT :     315.813422 s : Trajectory 665: plaquette = 0.057571, dH = -4.4628e-01, accept = 1
GPT :     316.270823 s : Trajectory 666: plaquette = 0.057571, dH = +1.5156e-01, accept = 0
GPT :     316.677983 s : Trajectory 667: plaquette = 0.069473, dH = +8.5456e-02, accept = 1
GPT :     317.086432 s : Trajectory 668: plaquette = 0.071899, dH = +2.0348e-01, accept = 1
GPT :     317.493927 s : Trajectory 669: plaquette = 0.071899, dH = +1.4656e+00, accept = 0
GPT :     317.907468 s : Trajectory 670: plaquette = 0.064008, dH = -3.7954e-01, accept = 1
GPT :     318.322519 s : Trajectory 671: plaquette = 0.061336, dH = -2.1803e-01, accept = 1
GPT :     318.770418 s : Trajectory 672: plaquette = 0.058368, dH = +3.3894e-01, accept = 1
GPT :     319.182914 s : Trajectory 673: plaquette = 0.066202, dH = -4.8773e-01, accept = 1
GPT :     319.600391 s : Trajectory 674: plaquette = 0.066202, dH = +1.2455e+00, accept = 0
GPT :     320.013277 s : Trajectory 675: plaquette = 0.066229, dH = -5.9243e-01, accept = 1
GPT :     320.426209 s : Trajectory 676: plaquette = 0.066229, dH = +1.5714e+00, accept = 0
GPT :     320.837502 s : Trajectory 677: plaquette = 0.066229, dH = +7.3106e-01, accept = 0
GPT :     321.247266 s : Trajectory 678: plaquette = 0.066229, dH = +3.0405e-01, accept = 0
GPT :     321.661554 s : Trajectory 679: plaquette = 0.063128, dH = -1.8133e-01, accept = 1
GPT :     322.081273 s : Trajectory 680: plaquette = 0.059258, dH = -1.0338e+00, accept = 1
GPT :     322.501089 s : Trajectory 681: plaquette = 0.052456, dH = +7.3205e-01, accept = 1
GPT :     322.923839 s : Trajectory 682: plaquette = 0.063830, dH = -3.7316e-01, accept = 1
GPT :     323.333578 s : Trajectory 683: plaquette = 0.057744, dH = +3.7999e-01, accept = 1
GPT :     323.742722 s : Trajectory 684: plaquette = 0.052023, dH = +7.5823e-02, accept = 1
GPT :     324.168537 s : Trajectory 685: plaquette = 0.053442, dH = +1.9087e-01, accept = 1
GPT :     324.580672 s : Trajectory 686: plaquette = 0.063455, dH = -7.5446e-01, accept = 1
GPT :     325.019713 s : Trajectory 687: plaquette = 0.047066, dH = +1.4968e-01, accept = 1
GPT :     325.456337 s : Trajectory 688: plaquette = 0.052178, dH = -7.9792e-01, accept = 1
GPT :     325.878289 s : Trajectory 689: plaquette = 0.055835, dH = -2.4315e-02, accept = 1
GPT :     326.300855 s : Trajectory 690: plaquette = 0.056156, dH = +1.5157e-01, accept = 1
GPT :     326.709662 s : Trajectory 691: plaquette = 0.066893, dH = -9.5645e-01, accept = 1
GPT :     327.120334 s : Trajectory 692: plaquette = 0.050263, dH = +1.3538e-01, accept = 1
GPT :     327.530826 s : Trajectory 693: plaquette = 0.064584, dH = -4.0454e-01, accept = 1
GPT :     327.960228 s : Trajectory 694: plaquette = 0.064584, dH = +5.9436e-01, accept = 0
GPT :     328.372664 s : Trajectory 695: plaquette = 0.068219, dH = +1.1055e-01, accept = 1
GPT :     328.784439 s : Trajectory 696: plaquette = 0.068219, dH = +8.2879e-01, accept = 0
GPT :     329.200600 s : Trajectory 697: plaquette = 0.061732, dH = +4.9109e-01, accept = 1
GPT :     329.608382 s : Trajectory 698: plaquette = 0.060229, dH = +3.4780e-01, accept = 1
GPT :     330.015343 s : Trajectory 699: plaquette = 0.060229, dH = +8.5605e-01, accept = 0
GPT :     330.451783 s : Trajectory 700: plaquette = 0.067055, dH = -3.7646e-01, accept = 1
GPT :     330.873571 s : Trajectory 701: plaquette = 0.067055, dH = +1.0222e+00, accept = 0
GPT :     331.290068 s : Trajectory 702: plaquette = 0.058436, dH = -8.0086e-02, accept = 1
GPT :     331.720137 s : Trajectory 703: plaquette = 0.066797, dH = +5.9567e-02, accept = 1
GPT :     332.141756 s : Trajectory 704: plaquette = 0.066091, dH = -2.5668e-01, accept = 1
GPT :     332.571876 s : Trajectory 705: plaquette = 0.060053, dH = -2.0346e-01, accept = 1
GPT :     332.997464 s : Trajectory 706: plaquette = 0.060053, dH = +2.2418e-01, accept = 0
GPT :     333.470112 s : Trajectory 707: plaquette = 0.073632, dH = -6.2322e-01, accept = 1
GPT :     333.887545 s : Trajectory 708: plaquette = 0.073632, dH = +1.0866e+00, accept = 0
GPT :     334.304431 s : Trajectory 709: plaquette = 0.045162, dH = +2.1444e+00, accept = 1
GPT :     334.720318 s : Trajectory 710: plaquette = 0.054553, dH = -7.7156e-01, accept = 1
GPT :     335.136675 s : Trajectory 711: plaquette = 0.057380, dH = -1.1741e+00, accept = 1
GPT :     335.553604 s : Trajectory 712: plaquette = 0.057380, dH = +9.3988e-02, accept = 0
GPT :     335.959928 s : Trajectory 713: plaquette = 0.058575, dH = -5.2709e-01, accept = 1
GPT :     336.396947 s : Trajectory 714: plaquette = 0.057408, dH = -5.3669e-01, accept = 1
GPT :     336.829261 s : Trajectory 715: plaquette = 0.049585, dH = +1.7510e-01, accept = 1
GPT :     337.245562 s : Trajectory 716: plaquette = 0.055717, dH = -1.2273e+00, accept = 1
GPT :     337.680322 s : Trajectory 717: plaquette = 0.067076, dH = -4.6461e-01, accept = 1
GPT :     338.090657 s : Trajectory 718: plaquette = 0.067076, dH = +1.3995e+00, accept = 0
GPT :     338.512678 s : Trajectory 719: plaquette = 0.067076, dH = +1.4505e+00, accept = 0
GPT :     338.934760 s : Trajectory 720: plaquette = 0.063706, dH = +3.0318e-01, accept = 1
GPT :     339.363974 s : Trajectory 721: plaquette = 0.059409, dH = -5.9999e-01, accept = 1
GPT :     339.775497 s : Trajectory 722: plaquette = 0.059409, dH = +8.3380e-01, accept = 0
GPT :     340.205146 s : Trajectory 723: plaquette = 0.059409, dH = +1.0099e+00, accept = 0
GPT :     340.626139 s : Trajectory 724: plaquette = 0.044977, dH = +1.0098e+00, accept = 1
GPT :     341.032505 s : Trajectory 725: plaquette = 0.053122, dH = +9.5329e-01, accept = 1
GPT :     341.449793 s : Trajectory 726: plaquette = 0.052263, dH = +3.9079e-02, accept = 1
GPT :     341.875657 s : Trajectory 727: plaquette = 0.070070, dH = -1.0038e+00, accept = 1
GPT :     342.296148 s : Trajectory 728: plaquette = 0.060045, dH = -9.7754e-02, accept = 1
GPT :     342.726795 s : Trajectory 729: plaquette = 0.060045, dH = +7.3920e-01, accept = 0
GPT :     343.141943 s : Trajectory 730: plaquette = 0.060045, dH = +1.2731e+00, accept = 0
GPT :     343.550736 s : Trajectory 731: plaquette = 0.052437, dH = +3.6636e-01, accept = 1
GPT :     343.958462 s : Trajectory 732: plaquette = 0.052437, dH = +4.6508e-01, accept = 0
GPT :     344.370863 s : Trajectory 733: plaquette = 0.059642, dH = +3.2955e-01, accept = 1
GPT :     344.786954 s : Trajectory 734: plaquette = 0.059642, dH = +2.3258e-01, accept = 0
GPT :     345.190636 s : Trajectory 735: plaquette = 0.059642, dH = +1.2481e+00, accept = 0
GPT :     345.605301 s : Trajectory 736: plaquette = 0.060575, dH = -1.2437e-01, accept = 1
GPT :     346.015347 s : Trajectory 737: plaquette = 0.059154, dH = +5.2536e-02, accept = 1
GPT :     346.426530 s : Trajectory 738: plaquette = 0.055838, dH = -3.3399e-01, accept = 1
GPT :     346.835133 s : Trajectory 739: plaquette = 0.071757, dH = -1.5063e+00, accept = 1
GPT :     347.248070 s : Trajectory 740: plaquette = 0.071757, dH = +4.9506e-01, accept = 0
GPT :     347.659991 s : Trajectory 741: plaquette = 0.071757, dH = +1.4508e+00, accept = 0
GPT :     348.065278 s : Trajectory 742: plaquette = 0.067575, dH = -1.3563e+00, accept = 1
GPT :     348.471644 s : Trajectory 743: plaquette = 0.067575, dH = +2.5924e-01, accept = 0
GPT :     348.876522 s : Trajectory 744: plaquette = 0.067575, dH = +2.0053e-01, accept = 0
GPT :     349.289212 s : Trajectory 745: plaquette = 0.067575, dH = +4.1176e-01, accept = 0
GPT :     349.696842 s : Trajectory 746: plaquette = 0.067575, dH = +7.3838e-01, accept = 0
GPT :     350.101324 s : Trajectory 747: plaquette = 0.051892, dH = +1.4558e-01, accept = 1
GPT :     350.511037 s : Trajectory 748: plaquette = 0.065658, dH = -6.4436e-01, accept = 1
GPT :     350.914868 s : Trajectory 749: plaquette = 0.065041, dH = -8.0467e-01, accept = 1
GPT :     351.333409 s : Trajectory 750: plaquette = 0.050840, dH = -1.5223e-01, accept = 1
GPT :     351.735362 s : Trajectory 751: plaquette = 0.046444, dH = -1.1389e-02, accept = 1
GPT :     352.153521 s : Trajectory 752: plaquette = 0.051226, dH = -6.1182e-01, accept = 1
GPT :     352.552923 s : Trajectory 753: plaquette = 0.055854, dH = +3.8722e-03, accept = 1
GPT :     352.955507 s : Trajectory 754: plaquette = 0.039912, dH = +9.1620e-01, accept = 1
GPT :     353.391803 s : Trajectory 755: plaquette = 0.055151, dH = -2.6337e-01, accept = 1
GPT :     353.859168 s : Trajectory 756: plaquette = 0.055853, dH = +5.7658e-02, accept = 1
GPT :     354.268174 s : Trajectory 757: plaquette = 0.067469, dH = -2.2421e-01, accept = 1
GPT :     354.683649 s : Trajectory 758: plaquette = 0.063126, dH = -7.7248e-03, accept = 1
GPT :     355.094950 s : Trajectory 759: plaquette = 0.063126, dH = +9.7699e-01, accept = 0
GPT :     355.504744 s : Trajectory 760: plaquette = 0.063434, dH = -1.5299e-01, accept = 1
GPT :     355.895492 s : Trajectory 761: plaquette = 0.063434, dH = +7.8516e-01, accept = 0
GPT :     356.280040 s : Trajectory 762: plaquette = 0.063434, dH = +2.4234e-01, accept = 0
GPT :     356.662270 s : Trajectory 763: plaquette = 0.062192, dH = +2.0906e-01, accept = 1
GPT :     357.040658 s : Trajectory 764: plaquette = 0.049863, dH = +1.1153e+00, accept = 1
GPT :     357.419670 s : Trajectory 765: plaquette = 0.058501, dH = -2.4031e-02, accept = 1
GPT :     357.808243 s : Trajectory 766: plaquette = 0.065297, dH = -1.4126e+00, accept = 1
GPT :     358.195051 s : Trajectory 767: plaquette = 0.059467, dH = +6.6947e-01, accept = 1
GPT :     358.578212 s : Trajectory 768: plaquette = 0.059467, dH = +8.0344e-01, accept = 0
GPT :     358.969415 s : Trajectory 769: plaquette = 0.064460, dH = +5.4360e-01, accept = 1
GPT :     359.356662 s : Trajectory 770: plaquette = 0.064460, dH = +9.3753e-01, accept = 0
GPT :     359.738929 s : Trajectory 771: plaquette = 0.055011, dH = -8.9616e-02, accept = 1
GPT :     360.131685 s : Trajectory 772: plaquette = 0.069873, dH = -2.1119e+00, accept = 1
GPT :     360.518228 s : Trajectory 773: plaquette = 0.046444, dH = +1.0010e+00, accept = 1
GPT :     360.905819 s : Trajectory 774: plaquette = 0.053422, dH = -6.7783e-02, accept = 1
GPT :     361.294962 s : Trajectory 775: plaquette = 0.052035, dH = -3.8498e-02, accept = 1
GPT :     361.685434 s : Trajectory 776: plaquette = 0.064394, dH = -5.2390e-01, accept = 1
GPT :     362.073361 s : Trajectory 777: plaquette = 0.059062, dH = +2.5607e-01, accept = 1
GPT :     362.463594 s : Trajectory 778: plaquette = 0.040834, dH = -2.9418e-01, accept = 1
GPT :     362.854076 s : Trajectory 779: plaquette = 0.066263, dH = -6.1399e-01, accept = 1
GPT :     363.242240 s : Trajectory 780: plaquette = 0.052171, dH = +1.1749e+00, accept = 1
GPT :     363.624989 s : Trajectory 781: plaquette = 0.054660, dH = +3.3071e-01, accept = 1
GPT :     364.003085 s : Trajectory 782: plaquette = 0.053641, dH = -5.8513e-02, accept = 1
GPT :     364.393076 s : Trajectory 783: plaquette = 0.056451, dH = +1.0469e-01, accept = 1
GPT :     364.771090 s : Trajectory 784: plaquette = 0.061043, dH = -1.1873e+00, accept = 1
GPT :     365.161111 s : Trajectory 785: plaquette = 0.062703, dH = -2.6423e-01, accept = 1
GPT :     365.551414 s : Trajectory 786: plaquette = 0.062672, dH = +4.9838e-01, accept = 1
GPT :     365.940256 s : Trajectory 787: plaquette = 0.062801, dH = +2.1838e-01, accept = 1
GPT :     366.328853 s : Trajectory 788: plaquette = 0.071612, dH = -3.9618e-01, accept = 1
GPT :     366.715398 s : Trajectory 789: plaquette = 0.069030, dH = -4.8805e-01, accept = 1
GPT :     367.106477 s : Trajectory 790: plaquette = 0.069030, dH = +8.9913e-01, accept = 0
GPT :     367.494535 s : Trajectory 791: plaquette = 0.069030, dH = +1.2651e+00, accept = 0
GPT :     367.885297 s : Trajectory 792: plaquette = 0.058870, dH = +3.8006e-01, accept = 1
GPT :     368.302999 s : Trajectory 793: plaquette = 0.058870, dH = +5.8468e-01, accept = 0
GPT :     368.695698 s : Trajectory 794: plaquette = 0.058870, dH = +8.5632e-01, accept = 0
GPT :     369.092313 s : Trajectory 795: plaquette = 0.060286, dH = -1.3852e-01, accept = 1
GPT :     369.487026 s : Trajectory 796: plaquette = 0.060286, dH = +1.4819e+00, accept = 0
GPT :     369.869706 s : Trajectory 797: plaquette = 0.060286, dH = +7.8741e-01, accept = 0
GPT :     370.255322 s : Trajectory 798: plaquette = 0.060286, dH = +8.6090e-01, accept = 0
GPT :     370.648628 s : Trajectory 799: plaquette = 0.066297, dH = -9.6065e-01, accept = 1
GPT :     371.035580 s : Trajectory 800: plaquette = 0.066297, dH = +4.9653e-01, accept = 0
GPT :     371.427808 s : Trajectory 801: plaquette = 0.064101, dH = +8.1135e-01, accept = 1
GPT :     371.814958 s : Trajectory 802: plaquette = 0.050180, dH = +3.9941e-01, accept = 1
GPT :     372.206223 s : Trajectory 803: plaquette = 0.055911, dH = +1.0442e-03, accept = 1
GPT :     372.595312 s : Trajectory 804: plaquette = 0.055911, dH = +4.7098e-01, accept = 0
GPT :     372.984268 s : Trajectory 805: plaquette = 0.060832, dH = -3.7687e-01, accept = 1
GPT :     373.376804 s : Trajectory 806: plaquette = 0.060832, dH = +9.5944e-01, accept = 0
GPT :     373.764435 s : Trajectory 807: plaquette = 0.076461, dH = -7.8656e-01, accept = 1
GPT :     374.153295 s : Trajectory 808: plaquette = 0.076461, dH = +1.3310e+00, accept = 0
GPT :     374.540305 s : Trajectory 809: plaquette = 0.064614, dH = +1.8806e-01, accept = 1
GPT :     374.935429 s : Trajectory 810: plaquette = 0.064302, dH = -2.0127e-01, accept = 1
GPT :     375.325384 s : Trajectory 811: plaquette = 0.063730, dH = +1.5071e-01, accept = 1
GPT :     375.716559 s : Trajectory 812: plaquette = 0.063730, dH = +8.7806e-01, accept = 0
GPT :     376.105285 s : Trajectory 813: plaquette = 0.063730, dH = +4.8103e-01, accept = 0
GPT :     376.494210 s : Trajectory 814: plaquette = 0.060226, dH = +2.6696e-03, accept = 1
GPT :     376.878744 s : Trajectory 815: plaquette = 0.060044, dH = +3.0103e-01, accept = 1
GPT :     377.271036 s : Trajectory 816: plaquette = 0.054500, dH = +2.1584e-01, accept = 1
GPT :     377.660946 s : Trajectory 817: plaquette = 0.060767, dH = +2.8159e-01, accept = 1
GPT :     378.052864 s : Trajectory 818: plaquette = 0.062389, dH = -6.1530e-01, accept = 1
GPT :     378.437970 s : Trajectory 819: plaquette = 0.063439, dH = -8.5314e-01, accept = 1
GPT :     378.826346 s : Trajectory 820: plaquette = 0.068347, dH = -6.1116e-01, accept = 1
GPT :     379.213232 s : Trajectory 821: plaquette = 0.068347, dH = +9.8513e-01, accept = 0
GPT :     379.604124 s : Trajectory 822: plaquette = 0.066999, dH = -2.9474e-01, accept = 1
GPT :     379.992025 s : Trajectory 823: plaquette = 0.059157, dH = +7.4846e-01, accept = 1
GPT :     380.378544 s : Trajectory 824: plaquette = 0.053807, dH = +5.0982e-01, accept = 1
GPT :     380.755015 s : Trajectory 825: plaquette = 0.053807, dH = +7.7134e-01, accept = 0
GPT :     381.141333 s : Trajectory 826: plaquette = 0.056037, dH = -5.2357e-01, accept = 1
GPT :     381.527624 s : Trajectory 827: plaquette = 0.056037, dH = +1.4696e+00, accept = 0
GPT :     381.915822 s : Trajectory 828: plaquette = 0.053348, dH = -4.7922e-01, accept = 1
GPT :     382.300861 s : Trajectory 829: plaquette = 0.071047, dH = +7.4786e-01, accept = 1
GPT :     382.686997 s : Trajectory 830: plaquette = 0.065060, dH = +5.7527e-01, accept = 1
GPT :     383.076980 s : Trajectory 831: plaquette = 0.065060, dH = +1.1529e+00, accept = 0
GPT :     383.475315 s : Trajectory 832: plaquette = 0.065060, dH = +1.1719e+00, accept = 0
GPT :     383.864406 s : Trajectory 833: plaquette = 0.053647, dH = -3.0119e-01, accept = 1
GPT :     384.254370 s : Trajectory 834: plaquette = 0.064381, dH = +1.7614e-01, accept = 1
GPT :     384.644055 s : Trajectory 835: plaquette = 0.056428, dH = +8.4270e-01, accept = 1
GPT :     385.033191 s : Trajectory 836: plaquette = 0.047660, dH = +3.6034e-01, accept = 1
GPT :     385.423892 s : Trajectory 837: plaquette = 0.050340, dH = -5.7252e-02, accept = 1
GPT :     385.807722 s : Trajectory 838: plaquette = 0.050340, dH = +4.4932e-01, accept = 0
GPT :     386.199549 s : Trajectory 839: plaquette = 0.050340, dH = +7.8774e-01, accept = 0
GPT :     386.589044 s : Trajectory 840: plaquette = 0.058743, dH = +4.0575e-01, accept = 1
GPT :     386.976094 s : Trajectory 841: plaquette = 0.065971, dH = +3.9496e-01, accept = 1
GPT :     387.359227 s : Trajectory 842: plaquette = 0.061640, dH = -1.3097e-01, accept = 1
GPT :     387.743811 s : Trajectory 843: plaquette = 0.066150, dH = +5.8926e-01, accept = 1
GPT :     388.130806 s : Trajectory 844: plaquette = 0.076606, dH = -7.8552e-01, accept = 1
GPT :     388.524611 s : Trajectory 845: plaquette = 0.069221, dH = +4.6425e-01, accept = 1
GPT :     388.911389 s : Trajectory 846: plaquette = 0.069639, dH = +1.7038e-01, accept = 1
GPT :     389.299107 s : Trajectory 847: plaquette = 0.060858, dH = -7.6077e-01, accept = 1
GPT :     389.694595 s : Trajectory 848: plaquette = 0.048309, dH = -6.0654e-01, accept = 1
GPT :     390.079139 s : Trajectory 849: plaquette = 0.048309, dH = +4.3280e-01, accept = 0
GPT :     390.469966 s : Trajectory 850: plaquette = 0.068992, dH = -9.0935e-01, accept = 1
GPT :     390.865994 s : Trajectory 851: plaquette = 0.068992, dH = +8.1522e-01, accept = 0
GPT :     391.259394 s : Trajectory 852: plaquette = 0.074021, dH = +1.1994e-01, accept = 1
GPT :     391.651483 s : Trajectory 853: plaquette = 0.056518, dH = +1.3690e+00, accept = 1
GPT :     392.047570 s : Trajectory 854: plaquette = 0.068449, dH = -1.8327e-01, accept = 1
GPT :     392.440859 s : Trajectory 855: plaquette = 0.063870, dH = -1.9048e-01, accept = 1
GPT :     392.836633 s : Trajectory 856: plaquette = 0.052070, dH = +2.6893e-01, accept = 1
GPT :     393.230140 s : Trajectory 857: plaquette = 0.069280, dH = -4.1443e-01, accept = 1
GPT :     393.624385 s : Trajectory 858: plaquette = 0.069280, dH = +1.2811e+00, accept = 0
GPT :     394.036664 s : Trajectory 859: plaquette = 0.053369, dH = +1.2116e-01, accept = 1
GPT :     394.441245 s : Trajectory 860: plaquette = 0.053369, dH = +6.5455e-01, accept = 0
GPT :     394.844939 s : Trajectory 861: plaquette = 0.061180, dH = +5.7041e-01, accept = 1
GPT :     395.244724 s : Trajectory 862: plaquette = 0.067495, dH = -5.2798e-01, accept = 1
GPT :     395.648706 s : Trajectory 863: plaquette = 0.057073, dH = +8.3529e-01, accept = 1
GPT :     396.039075 s : Trajectory 864: plaquette = 0.057073, dH = +6.2429e-01, accept = 0
GPT :     396.433576 s : Trajectory 865: plaquette = 0.066222, dH = -7.5721e-01, accept = 1
GPT :     396.822673 s : Trajectory 866: plaquette = 0.052611, dH = +1.3592e+00, accept = 1
GPT :     397.214643 s : Trajectory 867: plaquette = 0.052611, dH = +6.1245e-01, accept = 0
GPT :     397.580446 s : Trajectory 868: plaquette = 0.052611, dH = +6.9234e-01, accept = 0
GPT :     397.965354 s : Trajectory 869: plaquette = 0.060300, dH = -2.2791e-01, accept = 1
GPT :     398.359926 s : Trajectory 870: plaquette = 0.064597, dH = -1.0036e-01, accept = 1
GPT :     398.746105 s : Trajectory 871: plaquette = 0.051165, dH = +7.1922e-01, accept = 1
GPT :     399.139528 s : Trajectory 872: plaquette = 0.059933, dH = -3.6121e-01, accept = 1
GPT :     399.532783 s : Trajectory 873: plaquette = 0.057859, dH = +4.3390e-01, accept = 1
GPT :     399.921805 s : Trajectory 874: plaquette = 0.055585, dH = +5.4077e-01, accept = 1
GPT :     400.309907 s : Trajectory 875: plaquette = 0.056901, dH = -2.2886e-01, accept = 1
GPT :     400.696166 s : Trajectory 876: plaquette = 0.055739, dH = -1.1837e+00, accept = 1
GPT :     401.085941 s : Trajectory 877: plaquette = 0.060238, dH = -3.7549e-02, accept = 1
GPT :     401.470274 s : Trajectory 878: plaquette = 0.065983, dH = -2.6832e-01, accept = 1
GPT :     401.850615 s : Trajectory 879: plaquette = 0.065983, dH = +8.4805e-01, accept = 0
GPT :     402.229495 s : Trajectory 880: plaquette = 0.059943, dH = +6.3746e-01, accept = 1
GPT :     402.614380 s : Trajectory 881: plaquette = 0.059275, dH = -2.1867e-01, accept = 1
GPT :     402.995771 s : Trajectory 882: plaquette = 0.052057, dH = +3.9943e-03, accept = 1
GPT :     403.385717 s : Trajectory 883: plaquette = 0.058068, dH = +2.5425e-02, accept = 1
GPT :     403.772166 s : Trajectory 884: plaquette = 0.059019, dH = -2.8028e-01, accept = 1
GPT :     404.161798 s : Trajectory 885: plaquette = 0.059019, dH = +9.1124e-01, accept = 0
GPT :     404.548539 s : Trajectory 886: plaquette = 0.059723, dH = +2.5430e-01, accept = 1
GPT :     404.928406 s : Trajectory 887: plaquette = 0.060482, dH = +8.4372e-02, accept = 1
GPT :     405.313513 s : Trajectory 888: plaquette = 0.060482, dH = +4.2442e-01, accept = 0
GPT :     405.702207 s : Trajectory 889: plaquette = 0.055564, dH = +6.9022e-01, accept = 1
GPT :     406.085746 s : Trajectory 890: plaquette = 0.059736, dH = +3.1063e-01, accept = 1
GPT :     406.466878 s : Trajectory 891: plaquette = 0.059736, dH = +1.0254e+00, accept = 0
GPT :     406.853654 s : Trajectory 892: plaquette = 0.070365, dH = +2.5957e-01, accept = 1
GPT :     407.246868 s : Trajectory 893: plaquette = 0.070365, dH = +1.1682e+00, accept = 0
GPT :     407.631427 s : Trajectory 894: plaquette = 0.070365, dH = +1.2773e+00, accept = 0
GPT :     408.011863 s : Trajectory 895: plaquette = 0.070365, dH = +1.0745e+00, accept = 0
GPT :     408.390608 s : Trajectory 896: plaquette = 0.070365, dH = +1.5405e+00, accept = 0
GPT :     408.774634 s : Trajectory 897: plaquette = 0.058686, dH = +1.1298e+00, accept = 1
GPT :     409.156923 s : Trajectory 898: plaquette = 0.056572, dH = -1.2385e-01, accept = 1
GPT :     409.542511 s : Trajectory 899: plaquette = 0.064179, dH = +4.5048e-01, accept = 1
GPT :     409.932914 s : Trajectory 900: plaquette = 0.054234, dH = -6.5530e-01, accept = 1
GPT :     410.319141 s : Trajectory 901: plaquette = 0.049179, dH = +3.8362e-01, accept = 1
GPT :     410.702870 s : Trajectory 902: plaquette = 0.060869, dH = -8.0586e-01, accept = 1
GPT :     411.090327 s : Trajectory 903: plaquette = 0.064354, dH = -3.5069e-01, accept = 1
GPT :     411.479451 s : Trajectory 904: plaquette = 0.064354, dH = +7.2333e-01, accept = 0
GPT :     411.866264 s : Trajectory 905: plaquette = 0.064354, dH = +1.2856e+00, accept = 0
GPT :     412.250089 s : Trajectory 906: plaquette = 0.057371, dH = +1.7369e-01, accept = 1
GPT :     412.632755 s : Trajectory 907: plaquette = 0.054304, dH = +1.5308e-01, accept = 1
GPT :     413.016757 s : Trajectory 908: plaquette = 0.064277, dH = +2.5209e-01, accept = 1
GPT :     413.402262 s : Trajectory 909: plaquette = 0.058795, dH = +2.9094e-01, accept = 1
GPT :     413.788945 s : Trajectory 910: plaquette = 0.063643, dH = -1.1384e+00, accept = 1
GPT :     414.173392 s : Trajectory 911: plaquette = 0.063643, dH = +8.3362e-01, accept = 0
GPT :     414.598738 s : Trajectory 912: plaquette = 0.062957, dH = +2.0133e-01, accept = 1
GPT :     414.991593 s : Trajectory 913: plaquette = 0.054404, dH = +1.1012e+00, accept = 1
GPT :     415.388330 s : Trajectory 914: plaquette = 0.057342, dH = -6.7394e-01, accept = 1
GPT :     415.769248 s : Trajectory 915: plaquette = 0.062914, dH = -5.5388e-01, accept = 1
GPT :     416.155846 s : Trajectory 916: plaquette = 0.062914, dH = +1.2139e+00, accept = 0
GPT :     416.537478 s : Trajectory 917: plaquette = 0.062914, dH = +5.8204e-01, accept = 0
GPT :     416.923311 s : Trajectory 918: plaquette = 0.056639, dH = +2.9513e-02, accept = 1
GPT :     417.310897 s : Trajectory 919: plaquette = 0.063661, dH = -1.4455e-01, accept = 1
GPT :     417.699326 s : Trajectory 920: plaquette = 0.062187, dH = -4.2637e-01, accept = 1
GPT :     418.082647 s : Trajectory 921: plaquette = 0.063897, dH = +2.6594e-01, accept = 1
GPT :     418.472768 s : Trajectory 922: plaquette = 0.048742, dH = +6.0328e-01, accept = 1
GPT :     418.865143 s : Trajectory 923: plaquette = 0.064143, dH = -5.7892e-01, accept = 1
GPT :     419.257906 s : Trajectory 924: plaquette = 0.064143, dH = +5.5786e-01, accept = 0
GPT :     419.747438 s : Trajectory 925: plaquette = 0.053053, dH = +3.1263e-01, accept = 1
GPT :     420.171726 s : Trajectory 926: plaquette = 0.053053, dH = +1.5322e+00, accept = 0
GPT :     420.561141 s : Trajectory 927: plaquette = 0.060275, dH = -4.0226e-01, accept = 1
GPT :     420.960417 s : Trajectory 928: plaquette = 0.075036, dH = -1.5598e-01, accept = 1
GPT :     421.359536 s : Trajectory 929: plaquette = 0.059969, dH = +3.0758e-01, accept = 1
GPT :     421.762986 s : Trajectory 930: plaquette = 0.060254, dH = -1.1393e+00, accept = 1
GPT :     422.161460 s : Trajectory 931: plaquette = 0.060786, dH = +1.2372e-01, accept = 1
GPT :     422.555026 s : Trajectory 932: plaquette = 0.061035, dH = +5.3028e-01, accept = 1
GPT :     422.942291 s : Trajectory 933: plaquette = 0.038525, dH = +2.2351e+00, accept = 1
GPT :     423.338396 s : Trajectory 934: plaquette = 0.054724, dH = -7.8750e-01, accept = 1
GPT :     423.725443 s : Trajectory 935: plaquette = 0.063425, dH = +1.3746e-01, accept = 1
GPT :     424.129081 s : Trajectory 936: plaquette = 0.055043, dH = +3.2472e-01, accept = 1
GPT :     424.545525 s : Trajectory 937: plaquette = 0.059579, dH = +5.9438e-01, accept = 1
GPT :     424.956961 s : Trajectory 938: plaquette = 0.052301, dH = +1.2940e-01, accept = 1
GPT :     425.385268 s : Trajectory 939: plaquette = 0.052301, dH = +5.8282e-01, accept = 0
GPT :     425.799053 s : Trajectory 940: plaquette = 0.046380, dH = +4.2477e-01, accept = 1
GPT :     426.220858 s : Trajectory 941: plaquette = 0.052043, dH = -1.3669e-01, accept = 1
GPT :     426.644143 s : Trajectory 942: plaquette = 0.057748, dH = +2.8723e-01, accept = 1
GPT :     427.055478 s : Trajectory 943: plaquette = 0.060427, dH = +4.9141e-01, accept = 1
GPT :     427.441043 s : Trajectory 944: plaquette = 0.058284, dH = +1.3642e-01, accept = 1
GPT :     427.818204 s : Trajectory 945: plaquette = 0.063190, dH = -2.3974e-01, accept = 1
GPT :     428.187741 s : Trajectory 946: plaquette = 0.053921, dH = +3.1469e-01, accept = 1
GPT :     428.575332 s : Trajectory 947: plaquette = 0.048090, dH = +7.0915e-01, accept = 1
GPT :     428.953301 s : Trajectory 948: plaquette = 0.050581, dH = -6.9670e-01, accept = 1
GPT :     429.337342 s : Trajectory 949: plaquette = 0.052417, dH = +3.7352e-01, accept = 1
GPT :     429.721327 s : Trajectory 950: plaquette = 0.062330, dH = -1.2318e+00, accept = 1
GPT :     430.109226 s : Trajectory 951: plaquette = 0.054811, dH = +1.5956e-02, accept = 1
GPT :     430.533340 s : Trajectory 952: plaquette = 0.048090, dH = +1.4757e+00, accept = 1
GPT :     431.012429 s : Trajectory 953: plaquette = 0.062912, dH = -4.8050e-01, accept = 1
GPT :     431.409963 s : Trajectory 954: plaquette = 0.062912, dH = +7.7772e-01, accept = 0
GPT :     431.798170 s : Trajectory 955: plaquette = 0.054071, dH = -4.0988e-01, accept = 1
GPT :     432.191399 s : Trajectory 956: plaquette = 0.057629, dH = +3.7924e-01, accept = 1
GPT :     432.577685 s : Trajectory 957: plaquette = 0.061791, dH = +7.2353e-01, accept = 1
GPT :     432.959411 s : Trajectory 958: plaquette = 0.063594, dH = -1.3140e-01, accept = 1
GPT :     433.347237 s : Trajectory 959: plaquette = 0.065301, dH = -3.9999e-01, accept = 1
GPT :     433.734834 s : Trajectory 960: plaquette = 0.065301, dH = +4.3746e-01, accept = 0
GPT :     434.117045 s : Trajectory 961: plaquette = 0.065301, dH = +6.8472e-01, accept = 0
GPT :     434.496958 s : Trajectory 962: plaquette = 0.065590, dH = +7.8351e-03, accept = 1
GPT :     434.883252 s : Trajectory 963: plaquette = 0.063139, dH = +1.5211e+00, accept = 1
GPT :     435.265831 s : Trajectory 964: plaquette = 0.055434, dH = +1.3509e+00, accept = 1
GPT :     435.650670 s : Trajectory 965: plaquette = 0.052529, dH = +1.0318e-01, accept = 1
GPT :     436.033508 s : Trajectory 966: plaquette = 0.062351, dH = -4.1745e-01, accept = 1
GPT :     436.422688 s : Trajectory 967: plaquette = 0.062477, dH = +3.5999e-01, accept = 1
GPT :     436.802235 s : Trajectory 968: plaquette = 0.062913, dH = +6.4397e-01, accept = 1
GPT :     437.185620 s : Trajectory 969: plaquette = 0.058934, dH = -1.8006e-02, accept = 1
GPT :     437.570152 s : Trajectory 970: plaquette = 0.058934, dH = +7.1438e-01, accept = 0
GPT :     437.957339 s : Trajectory 971: plaquette = 0.057469, dH = +5.5244e-01, accept = 1
GPT :     438.339246 s : Trajectory 972: plaquette = 0.057469, dH = +4.9254e-01, accept = 0
GPT :     438.727258 s : Trajectory 973: plaquette = 0.058638, dH = +2.2529e-01, accept = 1
GPT :     439.103095 s : Trajectory 974: plaquette = 0.066747, dH = -9.2287e-01, accept = 1
GPT :     439.490456 s : Trajectory 975: plaquette = 0.064666, dH = -4.5526e-01, accept = 1
GPT :     439.871890 s : Trajectory 976: plaquette = 0.062642, dH = -2.2026e-01, accept = 1
GPT :     440.258921 s : Trajectory 977: plaquette = 0.058569, dH = -5.6913e-01, accept = 1
GPT :     440.634936 s : Trajectory 978: plaquette = 0.058569, dH = +1.0901e+00, accept = 0
GPT :     441.033777 s : Trajectory 979: plaquette = 0.050079, dH = +9.3137e-01, accept = 1
GPT :     441.432529 s : Trajectory 980: plaquette = 0.066898, dH = -1.7831e-02, accept = 1
GPT :     441.814682 s : Trajectory 981: plaquette = 0.059613, dH = +1.1908e-01, accept = 1
GPT :     442.201992 s : Trajectory 982: plaquette = 0.059613, dH = +8.5905e-01, accept = 0
GPT :     442.591560 s : Trajectory 983: plaquette = 0.046513, dH = +2.2101e-01, accept = 1
GPT :     442.977644 s : Trajectory 984: plaquette = 0.054882, dH = -4.9422e-01, accept = 1
GPT :     443.364460 s : Trajectory 985: plaquette = 0.061210, dH = +4.4245e-01, accept = 1
GPT :     443.752192 s : Trajectory 986: plaquette = 0.052462, dH = +3.8046e-02, accept = 1
GPT :     444.134365 s : Trajectory 987: plaquette = 0.062966, dH = -5.4907e-01, accept = 1
GPT :     444.516723 s : Trajectory 988: plaquette = 0.062966, dH = +1.8042e-01, accept = 0
GPT :     444.895521 s : Trajectory 989: plaquette = 0.066796, dH = +2.7504e-01, accept = 1
GPT :     445.276005 s : Trajectory 990: plaquette = 0.066796, dH = +5.5455e-01, accept = 0
GPT :     445.659521 s : Trajectory 991: plaquette = 0.051713, dH = -6.8862e-02, accept = 1
GPT :     446.046102 s : Trajectory 992: plaquette = 0.065971, dH = -7.8064e-01, accept = 1
GPT :     446.428303 s : Trajectory 993: plaquette = 0.060062, dH = +1.2588e+00, accept = 1
GPT :     446.810866 s : Trajectory 994: plaquette = 0.054573, dH = -2.3759e-01, accept = 1
GPT :     447.202757 s : Trajectory 995: plaquette = 0.059676, dH = -3.2561e-01, accept = 1
GPT :     447.590840 s : Trajectory 996: plaquette = 0.059348, dH = +3.4406e-01, accept = 1
GPT :     447.966696 s : Trajectory 997: plaquette = 0.056099, dH = -4.3071e-01, accept = 1
GPT :     448.356712 s : Trajectory 998: plaquette = 0.055351, dH = -2.6972e-01, accept = 1
GPT :     448.739450 s : Trajectory 999: plaquette = 0.055351, dH = +7.9744e-01, accept = 0
GPT :     448.739705 s : ======================================================================
GPT :     448.739713 s : Trajectories        = 1000
GPT :     448.739719 s : Wall-clock time     = 419.6 s total, 0.42 s / trajectory
GPT :     448.739761 s : Acceptance rate     = 0.75
GPT :     448.739779 s : <|dH|>              = 5.6984e-01
GPT :     448.739813 s : <plaquette>         = 0.060228 (naive err 0.000213)
GPT :     448.739823 s : <1 - plaquette>     = 0.939772  (paper Table I convention)
=============================================
               Finalized GPT                 
=============================================
Grid : Message : 448.547198 s : *******************************************
Grid : Message : 448.547207 s : ******* Grid Finalize                ******
Grid : Message : 448.547210 s : *******************************************
